******************************************************************************
                  TI ARM Linker PC v20.2.7                     
******************************************************************************
>> Linked Wed Mar 20 19:34:13 2024

OUTPUT FILE NAME:   <Lab7.out>
ENTRY POINT SYMBOL: "_c_int00_noargs"  address: 00004501


MEMORY CONFIGURATION

         name            origin    length      used     unused   attr    fill
----------------------  --------  ---------  --------  --------  ----  --------
  FLASH                 00000000   00040000  000048c3  0003b73d  R  X
  SRAM                  20000000   00008000  0000232e  00005cd2  RW X


SEGMENT ALLOCATION MAP

run origin  load origin   length   init length attrs members
----------  ----------- ---------- ----------- ----- -------
00000000    00000000    000048c8   000048c8    r-x
  00000000    00000000    0000026c   0000026c    r-- .intvecs
  0000026c    0000026c    000044d8   000044d8    r-x .text
  00004744    00004744    0000012f   0000012f    r-- .const
  00004878    00004878    00000050   00000050    r-- .cinit
20000000    20000000    00002335   00000000    rw-
  20000000    20000000    0000026c   00000000    rw- .vtable
  20000270    20000270    00001000   00000000    rw- .stack
  20001270    20001270    00001000   00000000    rw- .sysmem
  20002270    20002270    00000089   00000000    rw- .bss
  200022fc    200022fc    00000039   00000000    rw- .data


SECTION ALLOCATION MAP

 output                                  attributes/
section   page    origin      length       input sections
--------  ----  ----------  ----------   ----------------
.intvecs   0    00000000    0000026c     
                  00000000    0000026c     tm4c123gh6pm_startup_ccs.obj (.intvecs)

.text      0    0000026c    000044d8     
                  0000026c    00000c20     open_interface.obj (.text)
                  00000e8c    00000a4e     rtsv7M4_T_le_v4SPD16_eabi.lib : _printfi.c.obj (.text:__TI_printfi)
                  000018da    00000002                                   : _lock.c.obj (.text:_nop)
                  000018dc    00000498     lab7_template.obj (.text)
                  00001d74    00000328     lcd.obj (.text)
                  0000209c    000002c8     movement.obj (.text)
                  00002364    00000270     rtsv7M4_T_le_v4SPD16_eabi.lib : _printfi.c.obj (.text:_pconv_a)
                  000025d4    00000260     libcybotScan.lib : cyBot_Scan.obj (.text)
                  00002834    00000248     Timer.obj (.text)
                  00002a7c    000001ec     libcybotScan.lib : ping.obj (.text)
                  00002c68    000001d0     rtsv7M4_T_le_v4SPD16_eabi.lib : _printfi.c.obj (.text:_pconv_g)
                  00002e38    000001b6                                   : fd_add_t2.asm.obj (.text)
                  00002fee    00000002                                   : div0.asm.obj (.text)
                  00002ff0    00000158     libcybotScan.lib : servo.obj (.text)
                  00003148    0000013c     rtsv7M4_T_le_v4SPD16_eabi.lib : _printfi.c.obj (.text:_pconv_e)
                  00003284    00000138     uart.obj (.text)
                  000033bc    00000136     rtsv7M4_T_le_v4SPD16_eabi.lib : fd_div_t2.asm.obj (.text)
                  000034f2    00000002     --HOLE-- [fill = 0]
                  000034f4    00000124                                   : _printfi.c.obj (.text:fcvt)
                  00003618    00000122     median.obj (.text)
                  0000373a    00000002     --HOLE-- [fill = 0]
                  0000373c    00000118     libcybotScan.lib : ir.obj (.text)
                  00003854    00000110     rtsv7M4_T_le_v4SPD16_eabi.lib : s_scalbn.c.obj (.text:scalbn)
                  00003964    00000100                                   : memory.c.obj (.text:aligned_alloc)
                  00003a64    000000fc                                   : fd_mul_t2.asm.obj (.text)
                  00003b60    000000e4                                   : memory.c.obj (.text:free)
                  00003c44    000000b1                                   : _printfi.c.obj (.text:_ltostr)
                  00003cf5    00000001     --HOLE-- [fill = 0]
                  00003cf6    0000009c                                   : memcpy_t2.asm.obj (.text)
                  00003d92    00000096                                   : ull_div_t2.asm.obj (.text)
                  00003e28    00000086                                   : fd_cmp_t2.asm.obj (.text:__aeabi_cdcmple)
                  00003eae    00000086                                   : fd_cmp_t2.asm.obj (.text:__aeabi_cdrcmple)
                  00003f34    0000007a                                   : memset_t2.asm.obj (.text)
                  00003fae    00000002     --HOLE-- [fill = 0]
                  00003fb0    00000070                                   : memory.c.obj (.text:split)
                  00004020    0000006e                                   : _printfi.c.obj (.text:_mcpy)
                  0000408e    0000006e                                   : fd_tos_t2.asm.obj (.text)
                  000040fc    00000068                                   : copy_decompress_lzss.c.obj (.text:decompress:lzss:__TI_decompress_lzss)
                  00004164    00000064                                   : s_frexp.c.obj (.text:frexp)
                  000041c8    00000056                                   : _printfi.c.obj (.text:_pconv_f)
                  0000421e    00000054                                   : _ltoa.c.obj (.text:__TI_ltoa)
                  00004272    00000052                                   : _printfi.c.obj (.text:_ecpy)
                  000042c4    0000004c                                   : atoi.c.obj (.text:atoi)
                  00004310    00000048                                   : fd_toi_t2.asm.obj (.text)
                  00004358    00000044                                   : autoinit.c.obj (.text:__TI_auto_init_nobinit_nopinit:__TI_auto_init_nobinit_nopinit)
                  0000439c    00000040                                   : sprintf.c.obj (.text:sprintf)
                  000043dc    00000040                                   : vsnprintf.c.obj (.text:vsnprintf)
                  0000441c    0000003e                                   : _printfi.c.obj (.text:_fcpy)
                  0000445a    00000002     --HOLE-- [fill = 0]
                  0000445c    00000038                                   : memory.c.obj (.text:calloc)
                  00004494    00000038                                   : fs_tod_t2.asm.obj (.text)
                  000044cc    00000034     driverlib.lib : interrupt.obj (.text:IntRegister)
                  00004500    00000034     rtsv7M4_T_le_v4SPD16_eabi.lib : boot_cortex_m.c.obj (.text:_c_int00_noargs:_c_int00_noargs)
                  00004534    00000030                                   : vsnprintf.c.obj (.text:_outs)
                  00004564    0000002e                                   : i_tofd_t2.asm.obj (.text)
                  00004592    00000002     --HOLE-- [fill = 0]
                  00004594    00000028                                   : memory.c.obj (.text:free_list_insert)
                  000045bc    0000001c                                   : copy_zero_init.c.obj (.text:decompress:ZI:__TI_zero_init_nomemset:__TI_zero_init_nomemset)
                  000045d8    0000001c                                   : memory.c.obj (.text:free_list_remove)
                  000045f4    0000001c                                   : memccpy.c.obj (.text:memccpy)
                  00004610    0000001a                                   : s_copysign.c.obj (.text:copysign)
                  0000462a    00000018                                   : vsnprintf.c.obj (.text:_outc)
                  00004642    00000018                                   : sprintf.c.obj (.text:_outs)
                  0000465a    00000018     open_interface.obj (.text:oi_parseInt)
                  00004672    00000018     rtsv7M4_T_le_v4SPD16_eabi.lib : strcmp.c.obj (.text:strcmp)
                  0000468a    00000016                                   : strchr.c.obj (.text:strchr)
                  000046a0    00000014                                   : strcpy.c.obj (.text:strcpy)
                  000046b4    00000014                                   : strlen.c.obj (.text:strlen)
                  000046c8    00000012                                   : wcslen.c.obj (.text:wcslen)
                  000046da    00000010     driverlib.lib : interrupt.obj (.text:IntMasterEnable)
                  000046ea    00000010     lcd.obj (.text:lcd_clear)
                  000046fa    0000000e     rtsv7M4_T_le_v4SPD16_eabi.lib : copy_decompress_none.c.obj (.text:decompress:none:__TI_decompress_none)
                  00004708    0000000c     driverlib.lib : cpu.obj (.text:CPUcpsie)
                  00004714    0000000c     tm4c123gh6pm_startup_ccs.obj (.text)
                  00004720    0000000a     rtsv7M4_T_le_v4SPD16_eabi.lib : sprintf.c.obj (.text:_outc)
                  0000472a    00000002     --HOLE-- [fill = 0]
                  0000472c    00000008                                   : errno.c.obj (.text:__aeabi_errno_addr)
                  00004734    00000008                                   : memory.c.obj (.text:malloc)
                  0000473c    00000004                                   : pre_init.c.obj (.text:_system_pre_init)
                  00004740    00000004                                   : exit.c.obj (.text:abort:abort)

.const     0    00004744    0000012f     
                  00004744    00000101     rtsv7M4_T_le_v4SPD16_eabi.lib : ctype.c.obj (.const:.string:_ctypes_)
                  00004845    00000003     --HOLE-- [fill = 0]
                  00004848    00000014     lab7_template.obj (.const:$P$T0$1)
                  0000485c    0000000f     open_interface.obj (.const:.string:$P$T0$3)
                  0000486b    00000004     lcd.obj (.const:.string:lineAddress$1)
                  0000486f    00000004     lcd.obj (.const:.string:lineAddresses$2)

.cinit     0    00004878    00000050     
                  00004878    00000018     (.cinit..data.load) [load image, compression = lzss]
                  00004890    0000000c     (__TI_handler_table)
                  0000489c    00000004     --HOLE-- [fill = 0]
                  000048a0    00000008     (.cinit..bss.load) [load image, compression = zero_init]
                  000048a8    00000008     (.cinit..vtable.load) [load image, compression = zero_init]
                  000048b0    00000018     (__TI_cinit_table)

.init_array 
*          0    00000000    00000000     UNINITIALIZED

.vtable    0    20000000    0000026c     UNINITIALIZED
                  20000000    0000026c     driverlib.lib : interrupt.obj (.vtable)

.stack     0    20000270    00001000     UNINITIALIZED
                  20000270    00000004     rtsv7M4_T_le_v4SPD16_eabi.lib : boot_cortex_m.c.obj (.stack)
                  20000274    00000ffc     --HOLE--

.sysmem    0    20001270    00001000     UNINITIALIZED
                  20001270    00000010     rtsv7M4_T_le_v4SPD16_eabi.lib : memory.c.obj (.sysmem)
                  20001280    00000ff0     --HOLE--

.bss       0    20002270    00000089     UNINITIALIZED
                  20002270    00000054     lcd.obj (.bss:lastbuffer$3)
                  200022c4    00000018     open_interface.obj (.bss:firmware$2)
                  200022dc    00000004     (.common:_timeout_ticks)
                  200022e0    00000004     (.common:fallingEdge)
                  200022e4    00000004     (.common:isr_int_value)
                  200022e8    00000004     (.common:left_calibration_value)
                  200022ec    00000004     (.common:pulseLength)
                  200022f0    00000004     (.common:right_calibration_value)
                  200022f4    00000004     (.common:risingEdge)
                  200022f8    00000001     (.common:isRisingEdge)

.data      0    200022fc    00000039     UNINITIALIZED
                  200022fc    00000020     open_interface.obj (.data)
                  2000231c    00000008     rtsv7M4_T_le_v4SPD16_eabi.lib : _lock.c.obj (.data:$O1$$)
                  20002324    00000008                                   : memory.c.obj (.data:$O1$$)
                  2000232c    00000004     libcybotScan.lib : cyBot_Scan.obj (.data)
                  20002330    00000004     rtsv7M4_T_le_v4SPD16_eabi.lib : errno.c.obj (.data)
                  20002334    00000001     Timer.obj (.data)

__llvm_prf_cnts 
*          0    20000000    00000000     UNINITIALIZED

MODULE SUMMARY

       Module                         code    ro data   rw data
       ------                         ----    -------   -------
    .\
       open_interface.obj             3128    15        56     
       lab7_template.obj              1176    20        8      
       lcd.obj                        824     8         84     
       movement.obj                   712     0         0      
       tm4c123gh6pm_startup_ccs.obj   12      620       0      
       Timer.obj                      584     0         5      
       uart.obj                       312     0         0      
       median.obj                     290     0         0      
    +--+------------------------------+-------+---------+---------+
       Total:                         7038    663       153    
                                                               
    ../libcybotScan.lib
       cyBot_Scan.obj                 608     0         4      
       ping.obj                       492     0         13     
       servo.obj                      344     0         0      
       ir.obj                         280     0         4      
    +--+------------------------------+-------+---------+---------+
       Total:                         1724    0         21     
                                                               
    C:/ti/TivaWare_C_Series-2.2.0.295/driverlib/ccs/Debug/driverlib.lib
       interrupt.obj                  68      0         620    
       cpu.obj                        12      0         0      
    +--+------------------------------+-------+---------+---------+
       Total:                         80      0         620    
                                                               
    C:\ti\ccs1230\ccs\tools\compiler\ti-cgt-arm_20.2.7.LTS\lib\rtsv7M4_T_le_v4SPD16_eabi.lib
       _printfi.c.obj                 4851    0         0      
       memory.c.obj                   728     0         8      
       fd_add_t2.asm.obj              438     0         0      
       fd_div_t2.asm.obj              310     0         0      
       s_scalbn.c.obj                 272     0         0      
       fd_cmp_t2.asm.obj              268     0         0      
       ctype.c.obj                    0       257       0      
       fd_mul_t2.asm.obj              252     0         0      
       memcpy_t2.asm.obj              156     0         0      
       ull_div_t2.asm.obj             150     0         0      
       vsnprintf.c.obj                136     0         0      
       memset_t2.asm.obj              122     0         0      
       fd_tos_t2.asm.obj              110     0         0      
       copy_decompress_lzss.c.obj     104     0         0      
       s_frexp.c.obj                  100     0         0      
       sprintf.c.obj                  98      0         0      
       _ltoa.c.obj                    84      0         0      
       atoi.c.obj                     76      0         0      
       fd_toi_t2.asm.obj              72      0         0      
       autoinit.c.obj                 68      0         0      
       fs_tod_t2.asm.obj              56      0         0      
       boot_cortex_m.c.obj            52      0         0      
       i_tofd_t2.asm.obj              46      0         0      
       copy_zero_init.c.obj           28      0         0      
       memccpy.c.obj                  28      0         0      
       s_copysign.c.obj               26      0         0      
       strcmp.c.obj                   24      0         0      
       strchr.c.obj                   22      0         0      
       strcpy.c.obj                   20      0         0      
       strlen.c.obj                   20      0         0      
       wcslen.c.obj                   18      0         0      
       copy_decompress_none.c.obj     14      0         0      
       errno.c.obj                    8       0         4      
       _lock.c.obj                    2       0         8      
       exit.c.obj                     4       0         0      
       pre_init.c.obj                 4       0         0      
       div0.asm.obj                   2       0         0      
    +--+------------------------------+-------+---------+---------+
       Total:                         8769    257       20     
                                                               
       Heap:                          0       0         4096   
       Stack:                         0       0         4096   
       Linker Generated:              0       76        0      
    +--+------------------------------+-------+---------+---------+
       Grand Total:                   17611   996       9006   


LINKER GENERATED COPY TABLES

__TI_cinit_table @ 000048b0 records: 3, size/record: 8, table size: 24
	.data: load addr=00004878, load size=00000018 bytes, run addr=200022fc, run size=00000039 bytes, compression=lzss
	.bss: load addr=000048a0, load size=00000008 bytes, run addr=20002270, run size=00000089 bytes, compression=zero_init
	.vtable: load addr=000048a8, load size=00000008 bytes, run addr=20000000, run size=0000026c bytes, compression=zero_init


LINKER GENERATED HANDLER TABLE

__TI_handler_table @ 00004890 records: 3, size/record: 4, table size: 12
	index: 0, handler: __TI_zero_init
	index: 1, handler: __TI_decompress_lzss
	index: 2, handler: __TI_decompress_none


GLOBAL SYMBOLS: SORTED ALPHABETICALLY BY Name 

address   name                          
-------   ----                          
000037d5  ADC0SS0_Handler               
00004741  C$$EXIT                       
00004709  CPUcpsie                      
00000bc3  GPIOF_Handler                 
000046db  IntMasterEnable               
000044cd  IntRegister                   
00004715  ResetISR                      
00002b6d  TIMER3B_Handler               
20001270  __STACK_END                   
00001000  __STACK_SIZE                  
20000470  __STACK_TOP                   
00001000  __SYSMEM_SIZE                 
000048b0  __TI_CINIT_Base               
000048c8  __TI_CINIT_Limit              
00004890  __TI_Handler_Table_Base       
0000489c  __TI_Handler_Table_Limit      
00004359  __TI_auto_init_nobinit_nopinit
000040fd  __TI_decompress_lzss          
000046fb  __TI_decompress_none          
0000421f  __TI_ltoa                     
ffffffff  __TI_pprof_out_hndl           
00000e8d  __TI_printfi                  
ffffffff  __TI_prof_data_size           
ffffffff  __TI_prof_data_start          
00000000  __TI_static_base__            
000045bd  __TI_zero_init_nomemset       
00003e29  __aeabi_cdcmpeq               
00003e29  __aeabi_cdcmple               
00003eaf  __aeabi_cdrcmple              
0000408f  __aeabi_d2f                   
00004311  __aeabi_d2iz                  
00002e43  __aeabi_dadd                  
000033bd  __aeabi_ddiv                  
00003a65  __aeabi_dmul                  
00002e39  __aeabi_dsub                  
0000472d  __aeabi_errno_addr            
00004495  __aeabi_f2d                   
00004565  __aeabi_i2d                   
00002fef  __aeabi_idiv0                 
00002fef  __aeabi_ldiv0                 
00003f35  __aeabi_memclr                
00003f35  __aeabi_memclr4               
00003f35  __aeabi_memclr8               
00003cf7  __aeabi_memcpy                
00003cf7  __aeabi_memcpy4               
00003cf7  __aeabi_memcpy8               
00003f37  __aeabi_memset                
00003f37  __aeabi_memset4               
00003f37  __aeabi_memset8               
00003d93  __aeabi_uldivmod              
ffffffff  __binit__                     
ffffffff  __c_args__                    
UNDEFED   __mpu_init                    
20000270  __stack                       
20000000  __start___llvm_prf_cnts       
20000000  __stop___llvm_prf_cnts        
00004501  _c_int00_noargs               
00004744  _ctypes_                      
2000231c  _lock                         
000018db  _nop                          
20002334  _running                      
20001270  _sys_memory                   
UNDEFED   _system_post_cinit            
0000473d  _system_pre_init              
200022dc  _timeout_ticks                
20002320  _unlock                       
00004741  abort                         
00003965  aligned_alloc                 
000042c5  atoi                          
ffffffff  binit                         
0000445d  calloc                        
00004611  copysign                      
00004611  copysignl                     
000026ad  cyBOT_SERVO_cal               
0000263b  cyBOT_Scan                    
000025e3  cyBOT_init_Scan               
2000232c  cyBOT_scan_features           
000025d5  cyBOT_scan_version            
0000227d  detect                        
20002330  errno                         
200022e0  fallingEdge                   
00003b61  free                          
00004165  frexp                         
00004165  frexpl                        
20000000  g_pfnRAMVectors               
00000000  g_pfnVectors                  
0000097f  go_charge                     
000037eb  ir_enableInterrupt            
000037cd  ir_getDistance                
000037a5  ir_getValue                   
0000373d  ir_init                       
200022f8  isRisingEdge                  
200022e4  isr_int_value                 
000046eb  lcd_clear                     
00001f49  lcd_gotoLine                  
00001db1  lcd_init                      
00001faf  lcd_printf                    
00001e71  lcd_putc                      
00001ea9  lcd_puts                      
00001d75  lcd_reverseNibble             
00001ec7  lcd_sendCommand               
00001f05  lcd_sendNibble                
00001f71  lcd_setCursorPos              
00003855  ldexp                         
00003855  ldexpl                        
200022e8  left_calibration_value        
000018dd  main                          
00004735  malloc                        
00003965  memalign                      
000045f5  memccpy                       
00003cf7  memcpy                        
00003f3d  memset                        
200022fc  motor_cal_factor_L            
20002300  motor_cal_factor_R            
00002145  move_backward                 
0000209d  move_forward                  
0000026d  oi_alloc                      
00000aa9  oi_checkFirmware              
000002c7  oi_close                      
00000279  oi_free                       
00000ded  oi_getMotorCalibrationLeft    
00000e01  oi_getMotorCalibrationRight   
000002b1  oi_init                       
00000289  oi_init_noupdate              
00000915  oi_loadSong                   
0000465b  oi_parseInt                   
0000032b  oi_parsePacket                
0000096b  oi_play_song                  
0000084b  oi_setLeds                    
00000db1  oi_setMotorCalibration        
0000088f  oi_setWheels                  
00000b51  oi_shutoff_init               
0000098d  oi_uartInit                   
00000a31  oi_uartReceive                
00000a77  oi_uartSendBuff               
00000a15  oi_uartSendChar               
00000a59  oi_uartSendStr                
000002d9  oi_update                     
00002bbf  ping_getDistance              
00002a7d  ping_init                     
00002b03  ping_trigger                  
200022ec  pulseLength                   
200022f0  right_calibration_value       
200022f4  risingEdge                    
00003855  scalbn                        
00003855  scalbnl                       
00002ff1  servo_init                    
00003081  servo_move                    
000030e1  servo_setPWM                  
00003075  servo_stop                    
00003639  sort                          
000036c3  sortFloat                     
0000439d  sprintf                       
0000468b  strchr                        
00004673  strcmp                        
000046a1  strcpy                        
000046b5  strlen                        
00003619  swap                          
000036a3  swapFloat                     
00002953  timer_getMicros               
000028fb  timer_getMillis               
00002835  timer_init                    
000028d7  timer_pause                   
000028e9  timer_resume                  
000028ad  timer_stop                    
000029ad  timer_waitMicros              
000029df  timer_waitMillis              
00002217  turn_left                     
000021b1  turn_right                    
00003285  uart_init                     
00003327  uart_receive                  
00003337  uart_receive_nonblocking      
0000330b  uart_sendChar                 
00003351  uart_sendStr                  
000043dd  vsnprintf                     
000046c9  wcslen                        


GLOBAL SYMBOLS: SORTED BY Symbol Address 

address   name                          
-------   ----                          
00000000  __TI_static_base__            
00000000  g_pfnVectors                  
0000026d  oi_alloc                      
00000279  oi_free                       
00000289  oi_init_noupdate              
000002b1  oi_init                       
000002c7  oi_close                      
000002d9  oi_update                     
0000032b  oi_parsePacket                
0000084b  oi_setLeds                    
0000088f  oi_setWheels                  
00000915  oi_loadSong                   
0000096b  oi_play_song                  
0000097f  go_charge                     
0000098d  oi_uartInit                   
00000a15  oi_uartSendChar               
00000a31  oi_uartReceive                
00000a59  oi_uartSendStr                
00000a77  oi_uartSendBuff               
00000aa9  oi_checkFirmware              
00000b51  oi_shutoff_init               
00000bc3  GPIOF_Handler                 
00000db1  oi_setMotorCalibration        
00000ded  oi_getMotorCalibrationLeft    
00000e01  oi_getMotorCalibrationRight   
00000e8d  __TI_printfi                  
00001000  __STACK_SIZE                  
00001000  __SYSMEM_SIZE                 
000018db  _nop                          
000018dd  main                          
00001d75  lcd_reverseNibble             
00001db1  lcd_init                      
00001e71  lcd_putc                      
00001ea9  lcd_puts                      
00001ec7  lcd_sendCommand               
00001f05  lcd_sendNibble                
00001f49  lcd_gotoLine                  
00001f71  lcd_setCursorPos              
00001faf  lcd_printf                    
0000209d  move_forward                  
00002145  move_backward                 
000021b1  turn_right                    
00002217  turn_left                     
0000227d  detect                        
000025d5  cyBOT_scan_version            
000025e3  cyBOT_init_Scan               
0000263b  cyBOT_Scan                    
000026ad  cyBOT_SERVO_cal               
00002835  timer_init                    
000028ad  timer_stop                    
000028d7  timer_pause                   
000028e9  timer_resume                  
000028fb  timer_getMillis               
00002953  timer_getMicros               
000029ad  timer_waitMicros              
000029df  timer_waitMillis              
00002a7d  ping_init                     
00002b03  ping_trigger                  
00002b6d  TIMER3B_Handler               
00002bbf  ping_getDistance              
00002e39  __aeabi_dsub                  
00002e43  __aeabi_dadd                  
00002fef  __aeabi_idiv0                 
00002fef  __aeabi_ldiv0                 
00002ff1  servo_init                    
00003075  servo_stop                    
00003081  servo_move                    
000030e1  servo_setPWM                  
00003285  uart_init                     
0000330b  uart_sendChar                 
00003327  uart_receive                  
00003337  uart_receive_nonblocking      
00003351  uart_sendStr                  
000033bd  __aeabi_ddiv                  
00003619  swap                          
00003639  sort                          
000036a3  swapFloat                     
000036c3  sortFloat                     
0000373d  ir_init                       
000037a5  ir_getValue                   
000037cd  ir_getDistance                
000037d5  ADC0SS0_Handler               
000037eb  ir_enableInterrupt            
00003855  ldexp                         
00003855  ldexpl                        
00003855  scalbn                        
00003855  scalbnl                       
00003965  aligned_alloc                 
00003965  memalign                      
00003a65  __aeabi_dmul                  
00003b61  free                          
00003cf7  __aeabi_memcpy                
00003cf7  __aeabi_memcpy4               
00003cf7  __aeabi_memcpy8               
00003cf7  memcpy                        
00003d93  __aeabi_uldivmod              
00003e29  __aeabi_cdcmpeq               
00003e29  __aeabi_cdcmple               
00003eaf  __aeabi_cdrcmple              
00003f35  __aeabi_memclr                
00003f35  __aeabi_memclr4               
00003f35  __aeabi_memclr8               
00003f37  __aeabi_memset                
00003f37  __aeabi_memset4               
00003f37  __aeabi_memset8               
00003f3d  memset                        
0000408f  __aeabi_d2f                   
000040fd  __TI_decompress_lzss          
00004165  frexp                         
00004165  frexpl                        
0000421f  __TI_ltoa                     
000042c5  atoi                          
00004311  __aeabi_d2iz                  
00004359  __TI_auto_init_nobinit_nopinit
0000439d  sprintf                       
000043dd  vsnprintf                     
0000445d  calloc                        
00004495  __aeabi_f2d                   
000044cd  IntRegister                   
00004501  _c_int00_noargs               
00004565  __aeabi_i2d                   
000045bd  __TI_zero_init_nomemset       
000045f5  memccpy                       
00004611  copysign                      
00004611  copysignl                     
0000465b  oi_parseInt                   
00004673  strcmp                        
0000468b  strchr                        
000046a1  strcpy                        
000046b5  strlen                        
000046c9  wcslen                        
000046db  IntMasterEnable               
000046eb  lcd_clear                     
000046fb  __TI_decompress_none          
00004709  CPUcpsie                      
00004715  ResetISR                      
0000472d  __aeabi_errno_addr            
00004735  malloc                        
0000473d  _system_pre_init              
00004741  C$$EXIT                       
00004741  abort                         
00004744  _ctypes_                      
00004890  __TI_Handler_Table_Base       
0000489c  __TI_Handler_Table_Limit      
000048b0  __TI_CINIT_Base               
000048c8  __TI_CINIT_Limit              
20000000  __start___llvm_prf_cnts       
20000000  __stop___llvm_prf_cnts        
20000000  g_pfnRAMVectors               
20000270  __stack                       
20000470  __STACK_TOP                   
20001270  __STACK_END                   
20001270  _sys_memory                   
200022dc  _timeout_ticks                
200022e0  fallingEdge                   
200022e4  isr_int_value                 
200022e8  left_calibration_value        
200022ec  pulseLength                   
200022f0  right_calibration_value       
200022f4  risingEdge                    
200022f8  isRisingEdge                  
200022fc  motor_cal_factor_L            
20002300  motor_cal_factor_R            
2000231c  _lock                         
20002320  _unlock                       
2000232c  cyBOT_scan_features           
20002330  errno                         
20002334  _running                      
ffffffff  __TI_pprof_out_hndl           
ffffffff  __TI_prof_data_size           
ffffffff  __TI_prof_data_start          
ffffffff  __binit__                     
ffffffff  __c_args__                    
ffffffff  binit                         
UNDEFED   __mpu_init                    
UNDEFED   _system_post_cinit            

[176 symbols]
