******************************************************************************
                  TI ARM Linker PC v20.2.7                     
******************************************************************************
>> Linked Thu Mar 21 11:42:32 2024

OUTPUT FILE NAME:   <Lab3.out>
ENTRY POINT SYMBOL: "_c_int00_noargs"  address: 00004461


MEMORY CONFIGURATION

         name            origin    length      used     unused   attr    fill
----------------------  --------  ---------  --------  --------  ----  --------
  FLASH                 00000000   00040000  0000483b  0003b7c5  R  X
  SRAM                  20000000   00008000  00002366  00005c9a  RW X


SEGMENT ALLOCATION MAP

run origin  load origin   length   init length attrs members
----------  ----------- ---------- ----------- ----- -------
00000000    00000000    00004840   00004840    r-x
  00000000    00000000    0000026c   0000026c    r-- .intvecs
  0000026c    0000026c    00004438   00004438    r-x .text
  000046a4    000046a4    00000147   00000147    r-- .const
  000047f0    000047f0    00000050   00000050    r-- .cinit
20000000    20000000    0000236d   00000000    rw-
  20000000    20000000    0000026c   00000000    rw- .vtable
  20000270    20000270    00001000   00000000    rw- .stack
  20001270    20001270    00001000   00000000    rw- .sysmem
  20002270    20002270    000000bd   00000000    rw- .bss
  20002330    20002330    0000003d   00000000    rw- .data


SECTION ALLOCATION MAP

 output                                  attributes/
section   page    origin      length       input sections
--------  ----  ----------  ----------   ----------------
.intvecs   0    00000000    0000026c     
                  00000000    0000026c     tm4c123gh6pm_startup_ccs.obj (.intvecs)

.text      0    0000026c    00004438     
                  0000026c    00000c20     open_interface.obj (.text)
                  00000e8c    00000a4e     rtsv7M4_T_le_v4SPD16_eabi.lib : _printfi.c.obj (.text:__TI_printfi)
                  000018da    00000002                                   : _lock.c.obj (.text:_nop)
                  000018dc    0000046c     main.obj (.text)
                  00001d48    00000328     lcd.obj (.text)
                  00002070    000002bc     movement.obj (.text)
                  0000232c    00000270     rtsv7M4_T_le_v4SPD16_eabi.lib : _printfi.c.obj (.text:_pconv_a)
                  0000259c    00000260     libcybotScan.lib : cyBot_Scan.obj (.text)
                  000027fc    00000248     Timer.obj (.text)
                  00002a44    000001ec     libcybotScan.lib : ping.obj (.text)
                  00002c30    000001d0     rtsv7M4_T_le_v4SPD16_eabi.lib : _printfi.c.obj (.text:_pconv_g)
                  00002e00    000001b6                                   : fd_add_t2.asm.obj (.text)
                  00002fb6    00000002                                   : div0.asm.obj (.text)
                  00002fb8    0000015c     libcybotUART.lib : uart.obj (.text)
                  00003114    00000158     libcybotScan.lib : servo.obj (.text)
                  0000326c    0000013c     rtsv7M4_T_le_v4SPD16_eabi.lib : _printfi.c.obj (.text:_pconv_e)
                  000033a8    00000136                                   : fd_div_t2.asm.obj (.text)
                  000034de    00000002     --HOLE-- [fill = 0]
                  000034e0    00000124                                   : _printfi.c.obj (.text:fcvt)
                  00003604    00000118     libcybotScan.lib : ir.obj (.text)
                  0000371c    00000110     rtsv7M4_T_le_v4SPD16_eabi.lib : s_scalbn.c.obj (.text:scalbn)
                  0000382c    00000100                                   : memory.c.obj (.text:aligned_alloc)
                  0000392c    000000fc                                   : fd_mul_t2.asm.obj (.text)
                  00003a28    000000e4                                   : memory.c.obj (.text:free)
                  00003b0c    000000b1                                   : _printfi.c.obj (.text:_ltostr)
                  00003bbd    00000001     --HOLE-- [fill = 0]
                  00003bbe    0000009c                                   : memcpy_t2.asm.obj (.text)
                  00003c5a    00000098     median.obj (.text)
                  00003cf2    00000096     rtsv7M4_T_le_v4SPD16_eabi.lib : ull_div_t2.asm.obj (.text)
                  00003d88    00000086                                   : fd_cmp_t2.asm.obj (.text:__aeabi_cdcmple)
                  00003e0e    00000086                                   : fd_cmp_t2.asm.obj (.text:__aeabi_cdrcmple)
                  00003e94    0000007a                                   : memset_t2.asm.obj (.text)
                  00003f0e    00000002     --HOLE-- [fill = 0]
                  00003f10    00000070                                   : memory.c.obj (.text:split)
                  00003f80    0000006e                                   : _printfi.c.obj (.text:_mcpy)
                  00003fee    0000006e                                   : fd_tos_t2.asm.obj (.text)
                  0000405c    00000068                                   : copy_decompress_lzss.c.obj (.text:decompress:lzss:__TI_decompress_lzss)
                  000040c4    00000064                                   : s_frexp.c.obj (.text:frexp)
                  00004128    00000056                                   : _printfi.c.obj (.text:_pconv_f)
                  0000417e    00000054                                   : _ltoa.c.obj (.text:__TI_ltoa)
                  000041d2    00000052                                   : _printfi.c.obj (.text:_ecpy)
                  00004224    0000004c                                   : atoi.c.obj (.text:atoi)
                  00004270    00000048                                   : fd_toi_t2.asm.obj (.text)
                  000042b8    00000044                                   : autoinit.c.obj (.text:__TI_auto_init_nobinit_nopinit:__TI_auto_init_nobinit_nopinit)
                  000042fc    00000040                                   : sprintf.c.obj (.text:sprintf)
                  0000433c    00000040                                   : vsnprintf.c.obj (.text:vsnprintf)
                  0000437c    0000003e                                   : _printfi.c.obj (.text:_fcpy)
                  000043ba    00000002     --HOLE-- [fill = 0]
                  000043bc    00000038                                   : memory.c.obj (.text:calloc)
                  000043f4    00000038                                   : fs_tod_t2.asm.obj (.text)
                  0000442c    00000034     driverlib.lib : interrupt.obj (.text:IntRegister)
                  00004460    00000034     rtsv7M4_T_le_v4SPD16_eabi.lib : boot_cortex_m.c.obj (.text:_c_int00_noargs:_c_int00_noargs)
                  00004494    00000030                                   : vsnprintf.c.obj (.text:_outs)
                  000044c4    0000002e                                   : i_tofd_t2.asm.obj (.text)
                  000044f2    00000002     --HOLE-- [fill = 0]
                  000044f4    00000028                                   : memory.c.obj (.text:free_list_insert)
                  0000451c    0000001c                                   : copy_zero_init.c.obj (.text:decompress:ZI:__TI_zero_init_nomemset:__TI_zero_init_nomemset)
                  00004538    0000001c                                   : memory.c.obj (.text:free_list_remove)
                  00004554    0000001c                                   : memccpy.c.obj (.text:memccpy)
                  00004570    0000001a                                   : s_copysign.c.obj (.text:copysign)
                  0000458a    00000018                                   : vsnprintf.c.obj (.text:_outc)
                  000045a2    00000018                                   : sprintf.c.obj (.text:_outs)
                  000045ba    00000018     open_interface.obj (.text:oi_parseInt)
                  000045d2    00000018     rtsv7M4_T_le_v4SPD16_eabi.lib : strcmp.c.obj (.text:strcmp)
                  000045ea    00000016                                   : strchr.c.obj (.text:strchr)
                  00004600    00000014                                   : strcpy.c.obj (.text:strcpy)
                  00004614    00000014                                   : strlen.c.obj (.text:strlen)
                  00004628    00000012                                   : wcslen.c.obj (.text:wcslen)
                  0000463a    00000010     driverlib.lib : interrupt.obj (.text:IntMasterEnable)
                  0000464a    00000010     lcd.obj (.text:lcd_clear)
                  0000465a    0000000e     rtsv7M4_T_le_v4SPD16_eabi.lib : copy_decompress_none.c.obj (.text:decompress:none:__TI_decompress_none)
                  00004668    0000000c     driverlib.lib : cpu.obj (.text:CPUcpsie)
                  00004674    0000000c     tm4c123gh6pm_startup_ccs.obj (.text)
                  00004680    0000000a     rtsv7M4_T_le_v4SPD16_eabi.lib : sprintf.c.obj (.text:_outc)
                  0000468a    00000002     --HOLE-- [fill = 0]
                  0000468c    00000008                                   : errno.c.obj (.text:__aeabi_errno_addr)
                  00004694    00000008                                   : memory.c.obj (.text:malloc)
                  0000469c    00000004                                   : pre_init.c.obj (.text:_system_pre_init)
                  000046a0    00000004                                   : exit.c.obj (.text:abort:abort)

.const     0    000046a4    00000147     
                  000046a4    00000101     rtsv7M4_T_le_v4SPD16_eabi.lib : ctype.c.obj (.const:.string:_ctypes_)
                  000047a5    0000001d     main.obj (.const:.string:$P$T1$2)
                  000047c2    00000002     --HOLE-- [fill = 0]
                  000047c4    00000010     main.obj (.const:$P$T0$1)
                  000047d4    0000000f     open_interface.obj (.const:.string:$P$T0$3)
                  000047e3    00000004     lcd.obj (.const:.string:lineAddress$1)
                  000047e7    00000004     lcd.obj (.const:.string:lineAddresses$2)

.cinit     0    000047f0    00000050     
                  000047f0    00000019     (.cinit..data.load) [load image, compression = lzss]
                  00004809    00000003     --HOLE-- [fill = 0]
                  0000480c    0000000c     (__TI_handler_table)
                  00004818    00000008     (.cinit..bss.load) [load image, compression = zero_init]
                  00004820    00000008     (.cinit..vtable.load) [load image, compression = zero_init]
                  00004828    00000018     (__TI_cinit_table)

.init_array 
*          0    00000000    00000000     UNINITIALIZED

.vtable    0    20000000    0000026c     UNINITIALIZED
                  20000000    0000026c     driverlib.lib : interrupt.obj (.vtable)

.stack     0    20000270    00001000     UNINITIALIZED
                  20000270    00000004     rtsv7M4_T_le_v4SPD16_eabi.lib : boot_cortex_m.c.obj (.stack)
                  20000274    00000ffc     --HOLE--

.sysmem    0    20001270    00001000     UNINITIALIZED
                  20001270    00000010     rtsv7M4_T_le_v4SPD16_eabi.lib : memory.c.obj (.sysmem)
                  20001280    00000ff0     --HOLE--

.bss       0    20002270    000000bd     UNINITIALIZED
                  20002270    00000054     lcd.obj (.bss:lastbuffer$3)
                  200022c4    00000034     (.common:isr_char_buffer)
                  200022f8    00000018     open_interface.obj (.bss:firmware$2)
                  20002310    00000004     (.common:_timeout_ticks)
                  20002314    00000004     (.common:fallingEdge)
                  20002318    00000004     (.common:isr_int_value)
                  2000231c    00000004     (.common:left_calibration_value)
                  20002320    00000004     (.common:pulseLength)
                  20002324    00000004     (.common:right_calibration_value)
                  20002328    00000004     (.common:risingEdge)
                  2000232c    00000001     (.common:isRisingEdge)

.data      0    20002330    0000003d     UNINITIALIZED
                  20002330    00000020     open_interface.obj (.data)
                  20002350    00000008     rtsv7M4_T_le_v4SPD16_eabi.lib : _lock.c.obj (.data:$O1$$)
                  20002358    00000008                                   : memory.c.obj (.data:$O1$$)
                  20002360    00000004     libcybotScan.lib : cyBot_Scan.obj (.data)
                  20002364    00000004     libcybotUART.lib : uart.obj (.data)
                  20002368    00000004     rtsv7M4_T_le_v4SPD16_eabi.lib : errno.c.obj (.data)
                  2000236c    00000001     Timer.obj (.data)

__llvm_prf_cnts 
*          0    20000000    00000000     UNINITIALIZED

MODULE SUMMARY

       Module                         code    ro data   rw data
       ------                         ----    -------   -------
    .\
       open_interface.obj             3128    15        56     
       main.obj                       1132    45        8      
       lcd.obj                        824     8         84     
       movement.obj                   700     0         0      
       tm4c123gh6pm_startup_ccs.obj   12      620       0      
       Timer.obj                      584     0         5      
       median.obj                     152     0         0      
    +--+------------------------------+-------+---------+---------+
       Total:                         6532    688       153    
                                                               
    ../libcybotScan.lib
       cyBot_Scan.obj                 608     0         4      
       ping.obj                       492     0         13     
       servo.obj                      344     0         0      
       ir.obj                         280     0         4      
    +--+------------------------------+-------+---------+---------+
       Total:                         1724    0         21     
                                                               
    ../libcybotUART.lib
       uart.obj                       348     0         56     
    +--+------------------------------+-------+---------+---------+
       Total:                         348     0         56     
                                                               
    C:/ti/TivaWare_C_Series-2.2.0.295/driverlib/ccs/Debug/driverlib.lib
       interrupt.obj                  68      0         620    
       cpu.obj                        12      0         0      
    +--+------------------------------+-------+---------+---------+
       Total:                         80      0         620    
                                                               
    C:\ti\ccs1230\ccs\tools\compiler\ti-cgt-arm_20.2.7.LTS\lib\rtsv7M4_T_le_v4SPD16_eabi.lib
       _printfi.c.obj                 4851    0         0      
       memory.c.obj                   728     0         8      
       fd_add_t2.asm.obj              438     0         0      
       fd_div_t2.asm.obj              310     0         0      
       s_scalbn.c.obj                 272     0         0      
       fd_cmp_t2.asm.obj              268     0         0      
       ctype.c.obj                    0       257       0      
       fd_mul_t2.asm.obj              252     0         0      
       memcpy_t2.asm.obj              156     0         0      
       ull_div_t2.asm.obj             150     0         0      
       vsnprintf.c.obj                136     0         0      
       memset_t2.asm.obj              122     0         0      
       fd_tos_t2.asm.obj              110     0         0      
       copy_decompress_lzss.c.obj     104     0         0      
       s_frexp.c.obj                  100     0         0      
       sprintf.c.obj                  98      0         0      
       _ltoa.c.obj                    84      0         0      
       atoi.c.obj                     76      0         0      
       fd_toi_t2.asm.obj              72      0         0      
       autoinit.c.obj                 68      0         0      
       fs_tod_t2.asm.obj              56      0         0      
       boot_cortex_m.c.obj            52      0         0      
       i_tofd_t2.asm.obj              46      0         0      
       copy_zero_init.c.obj           28      0         0      
       memccpy.c.obj                  28      0         0      
       s_copysign.c.obj               26      0         0      
       strcmp.c.obj                   24      0         0      
       strchr.c.obj                   22      0         0      
       strcpy.c.obj                   20      0         0      
       strlen.c.obj                   20      0         0      
       wcslen.c.obj                   18      0         0      
       copy_decompress_none.c.obj     14      0         0      
       errno.c.obj                    8       0         4      
       _lock.c.obj                    2       0         8      
       exit.c.obj                     4       0         0      
       pre_init.c.obj                 4       0         0      
       div0.asm.obj                   2       0         0      
    +--+------------------------------+-------+---------+---------+
       Total:                         8769    257       20     
                                                               
       Heap:                          0       0         4096   
       Stack:                         0       0         4096   
       Linker Generated:              0       77        0      
    +--+------------------------------+-------+---------+---------+
       Grand Total:                   17453   1022      9062   


LINKER GENERATED COPY TABLES

__TI_cinit_table @ 00004828 records: 3, size/record: 8, table size: 24
	.data: load addr=000047f0, load size=00000019 bytes, run addr=20002330, run size=0000003d bytes, compression=lzss
	.bss: load addr=00004818, load size=00000008 bytes, run addr=20002270, run size=000000bd bytes, compression=zero_init
	.vtable: load addr=00004820, load size=00000008 bytes, run addr=20000000, run size=0000026c bytes, compression=zero_init


LINKER GENERATED HANDLER TABLE

__TI_handler_table @ 0000480c records: 3, size/record: 4, table size: 12
	index: 0, handler: __TI_zero_init
	index: 1, handler: __TI_decompress_lzss
	index: 2, handler: __TI_decompress_none


GLOBAL SYMBOLS: SORTED ALPHABETICALLY BY Name 

address   name                          
-------   ----                          
0000369d  ADC0SS0_Handler               
000046a1  C$$EXIT                       
00004669  CPUcpsie                      
00000bc3  GPIOF_Handler                 
0000463b  IntMasterEnable               
0000442d  IntRegister                   
00004675  ResetISR                      
00002b35  TIMER3B_Handler               
20001270  __STACK_END                   
00001000  __STACK_SIZE                  
20000470  __STACK_TOP                   
00001000  __SYSMEM_SIZE                 
00004828  __TI_CINIT_Base               
00004840  __TI_CINIT_Limit              
0000480c  __TI_Handler_Table_Base       
00004818  __TI_Handler_Table_Limit      
000042b9  __TI_auto_init_nobinit_nopinit
0000405d  __TI_decompress_lzss          
0000465b  __TI_decompress_none          
0000417f  __TI_ltoa                     
ffffffff  __TI_pprof_out_hndl           
00000e8d  __TI_printfi                  
ffffffff  __TI_prof_data_size           
ffffffff  __TI_prof_data_start          
00000000  __TI_static_base__            
0000451d  __TI_zero_init_nomemset       
00003d89  __aeabi_cdcmpeq               
00003d89  __aeabi_cdcmple               
00003e0f  __aeabi_cdrcmple              
00003fef  __aeabi_d2f                   
00004271  __aeabi_d2iz                  
00002e0b  __aeabi_dadd                  
000033a9  __aeabi_ddiv                  
0000392d  __aeabi_dmul                  
00002e01  __aeabi_dsub                  
0000468d  __aeabi_errno_addr            
000043f5  __aeabi_f2d                   
000044c5  __aeabi_i2d                   
00002fb7  __aeabi_idiv0                 
00002fb7  __aeabi_ldiv0                 
00003e95  __aeabi_memclr                
00003e95  __aeabi_memclr4               
00003e95  __aeabi_memclr8               
00003bbf  __aeabi_memcpy                
00003bbf  __aeabi_memcpy4               
00003bbf  __aeabi_memcpy8               
00003e97  __aeabi_memset                
00003e97  __aeabi_memset4               
00003e97  __aeabi_memset8               
00003cf3  __aeabi_uldivmod              
ffffffff  __binit__                     
ffffffff  __c_args__                    
UNDEFED   __mpu_init                    
20000270  __stack                       
20000000  __start___llvm_prf_cnts       
20000000  __stop___llvm_prf_cnts        
00004461  _c_int00_noargs               
000046a4  _ctypes_                      
20002350  _lock                         
000018db  _nop                          
2000236c  _running                      
20001270  _sys_memory                   
UNDEFED   _system_post_cinit            
0000469d  _system_pre_init              
20002310  _timeout_ticks                
20002354  _unlock                       
000046a1  abort                         
0000382d  aligned_alloc                 
00004225  atoi                          
ffffffff  binit                         
000043bd  calloc                        
00004571  copysign                      
00004571  copysignl                     
00002675  cyBOT_SERVO_cal               
00002603  cyBOT_Scan                    
000025ab  cyBOT_init_Scan               
20002360  cyBOT_scan_features           
0000259d  cyBOT_scan_version            
000030c1  cyBot_UART1_Handler           
000030a7  cyBot_getByte                 
00002fb9  cyBot_sendByte                
00003089  cyBot_uart_flush              
00002ff7  cyBot_uart_init               
00002fdf  cyBot_uart_sendBuffer         
00002fc5  cyBot_uart_sendStr            
0000225d  detect                        
20002368  errno                         
20002314  fallingEdge                   
00003a29  free                          
000040c5  frexp                         
000040c5  frexpl                        
20000000  g_pfnRAMVectors               
00000000  g_pfnVectors                  
0000097f  go_charge                     
000036b3  ir_enableInterrupt            
00003695  ir_getDistance                
0000366d  ir_getValue                   
00003605  ir_init                       
2000232c  isRisingEdge                  
200022c4  isr_char_buffer               
20002364  isr_counter                   
20002318  isr_int_value                 
0000464b  lcd_clear                     
00001f1d  lcd_gotoLine                  
00001d85  lcd_init                      
00001f83  lcd_printf                    
00001e45  lcd_putc                      
00001e7d  lcd_puts                      
00001d49  lcd_reverseNibble             
00001e9b  lcd_sendCommand               
00001ed9  lcd_sendNibble                
00001f45  lcd_setCursorPos              
0000371d  ldexp                         
0000371d  ldexpl                        
2000231c  left_calibration_value        
000018dd  main                          
00004695  malloc                        
0000382d  memalign                      
00004555  memccpy                       
00003bbf  memcpy                        
00003e9d  memset                        
20002330  motor_cal_factor_L            
20002334  motor_cal_factor_R            
00002125  move_backward                 
00002071  move_forward                  
0000026d  oi_alloc                      
00000aa9  oi_checkFirmware              
000002c7  oi_close                      
00000279  oi_free                       
00000ded  oi_getMotorCalibrationLeft    
00000e01  oi_getMotorCalibrationRight   
000002b1  oi_init                       
00000289  oi_init_noupdate              
00000915  oi_loadSong                   
000045bb  oi_parseInt                   
0000032b  oi_parsePacket                
0000096b  oi_play_song                  
0000084b  oi_setLeds                    
00000db1  oi_setMotorCalibration        
0000088f  oi_setWheels                  
00000b51  oi_shutoff_init               
0000098d  oi_uartInit                   
00000a31  oi_uartReceive                
00000a77  oi_uartSendBuff               
00000a15  oi_uartSendChar               
00000a59  oi_uartSendStr                
000002d9  oi_update                     
00002b87  ping_getDistance              
00002a45  ping_init                     
00002acb  ping_trigger                  
20002320  pulseLength                   
20002324  right_calibration_value       
20002328  risingEdge                    
0000371d  scalbn                        
0000371d  scalbnl                       
00003115  servo_init                    
000031a5  servo_move                    
00003205  servo_setPWM                  
00003199  servo_stop                    
00003c7b  sort                          
000042fd  sprintf                       
000045eb  strchr                        
000045d3  strcmp                        
00004601  strcpy                        
00004615  strlen                        
00003c5b  swap                          
0000291b  timer_getMicros               
000028c3  timer_getMillis               
000027fd  timer_init                    
0000289f  timer_pause                   
000028b1  timer_resume                  
00002875  timer_stop                    
00002975  timer_waitMicros              
000029a7  timer_waitMillis              
000021f7  turn_left                     
00002191  turn_right                    
0000433d  vsnprintf                     
00004629  wcslen                        


GLOBAL SYMBOLS: SORTED BY Symbol Address 

address   name                          
-------   ----                          
00000000  __TI_static_base__            
00000000  g_pfnVectors                  
0000026d  oi_alloc                      
00000279  oi_free                       
00000289  oi_init_noupdate              
000002b1  oi_init                       
000002c7  oi_close                      
000002d9  oi_update                     
0000032b  oi_parsePacket                
0000084b  oi_setLeds                    
0000088f  oi_setWheels                  
00000915  oi_loadSong                   
0000096b  oi_play_song                  
0000097f  go_charge                     
0000098d  oi_uartInit                   
00000a15  oi_uartSendChar               
00000a31  oi_uartReceive                
00000a59  oi_uartSendStr                
00000a77  oi_uartSendBuff               
00000aa9  oi_checkFirmware              
00000b51  oi_shutoff_init               
00000bc3  GPIOF_Handler                 
00000db1  oi_setMotorCalibration        
00000ded  oi_getMotorCalibrationLeft    
00000e01  oi_getMotorCalibrationRight   
00000e8d  __TI_printfi                  
00001000  __STACK_SIZE                  
00001000  __SYSMEM_SIZE                 
000018db  _nop                          
000018dd  main                          
00001d49  lcd_reverseNibble             
00001d85  lcd_init                      
00001e45  lcd_putc                      
00001e7d  lcd_puts                      
00001e9b  lcd_sendCommand               
00001ed9  lcd_sendNibble                
00001f1d  lcd_gotoLine                  
00001f45  lcd_setCursorPos              
00001f83  lcd_printf                    
00002071  move_forward                  
00002125  move_backward                 
00002191  turn_right                    
000021f7  turn_left                     
0000225d  detect                        
0000259d  cyBOT_scan_version            
000025ab  cyBOT_init_Scan               
00002603  cyBOT_Scan                    
00002675  cyBOT_SERVO_cal               
000027fd  timer_init                    
00002875  timer_stop                    
0000289f  timer_pause                   
000028b1  timer_resume                  
000028c3  timer_getMillis               
0000291b  timer_getMicros               
00002975  timer_waitMicros              
000029a7  timer_waitMillis              
00002a45  ping_init                     
00002acb  ping_trigger                  
00002b35  TIMER3B_Handler               
00002b87  ping_getDistance              
00002e01  __aeabi_dsub                  
00002e0b  __aeabi_dadd                  
00002fb7  __aeabi_idiv0                 
00002fb7  __aeabi_ldiv0                 
00002fb9  cyBot_sendByte                
00002fc5  cyBot_uart_sendStr            
00002fdf  cyBot_uart_sendBuffer         
00002ff7  cyBot_uart_init               
00003089  cyBot_uart_flush              
000030a7  cyBot_getByte                 
000030c1  cyBot_UART1_Handler           
00003115  servo_init                    
00003199  servo_stop                    
000031a5  servo_move                    
00003205  servo_setPWM                  
000033a9  __aeabi_ddiv                  
00003605  ir_init                       
0000366d  ir_getValue                   
00003695  ir_getDistance                
0000369d  ADC0SS0_Handler               
000036b3  ir_enableInterrupt            
0000371d  ldexp                         
0000371d  ldexpl                        
0000371d  scalbn                        
0000371d  scalbnl                       
0000382d  aligned_alloc                 
0000382d  memalign                      
0000392d  __aeabi_dmul                  
00003a29  free                          
00003bbf  __aeabi_memcpy                
00003bbf  __aeabi_memcpy4               
00003bbf  __aeabi_memcpy8               
00003bbf  memcpy                        
00003c5b  swap                          
00003c7b  sort                          
00003cf3  __aeabi_uldivmod              
00003d89  __aeabi_cdcmpeq               
00003d89  __aeabi_cdcmple               
00003e0f  __aeabi_cdrcmple              
00003e95  __aeabi_memclr                
00003e95  __aeabi_memclr4               
00003e95  __aeabi_memclr8               
00003e97  __aeabi_memset                
00003e97  __aeabi_memset4               
00003e97  __aeabi_memset8               
00003e9d  memset                        
00003fef  __aeabi_d2f                   
0000405d  __TI_decompress_lzss          
000040c5  frexp                         
000040c5  frexpl                        
0000417f  __TI_ltoa                     
00004225  atoi                          
00004271  __aeabi_d2iz                  
000042b9  __TI_auto_init_nobinit_nopinit
000042fd  sprintf                       
0000433d  vsnprintf                     
000043bd  calloc                        
000043f5  __aeabi_f2d                   
0000442d  IntRegister                   
00004461  _c_int00_noargs               
000044c5  __aeabi_i2d                   
0000451d  __TI_zero_init_nomemset       
00004555  memccpy                       
00004571  copysign                      
00004571  copysignl                     
000045bb  oi_parseInt                   
000045d3  strcmp                        
000045eb  strchr                        
00004601  strcpy                        
00004615  strlen                        
00004629  wcslen                        
0000463b  IntMasterEnable               
0000464b  lcd_clear                     
0000465b  __TI_decompress_none          
00004669  CPUcpsie                      
00004675  ResetISR                      
0000468d  __aeabi_errno_addr            
00004695  malloc                        
0000469d  _system_pre_init              
000046a1  C$$EXIT                       
000046a1  abort                         
000046a4  _ctypes_                      
0000480c  __TI_Handler_Table_Base       
00004818  __TI_Handler_Table_Limit      
00004828  __TI_CINIT_Base               
00004840  __TI_CINIT_Limit              
20000000  __start___llvm_prf_cnts       
20000000  __stop___llvm_prf_cnts        
20000000  g_pfnRAMVectors               
20000270  __stack                       
20000470  __STACK_TOP                   
20001270  __STACK_END                   
20001270  _sys_memory                   
200022c4  isr_char_buffer               
20002310  _timeout_ticks                
20002314  fallingEdge                   
20002318  isr_int_value                 
2000231c  left_calibration_value        
20002320  pulseLength                   
20002324  right_calibration_value       
20002328  risingEdge                    
2000232c  isRisingEdge                  
20002330  motor_cal_factor_L            
20002334  motor_cal_factor_R            
20002350  _lock                         
20002354  _unlock                       
20002360  cyBOT_scan_features           
20002364  isr_counter                   
20002368  errno                         
2000236c  _running                      
ffffffff  __TI_pprof_out_hndl           
ffffffff  __TI_prof_data_size           
ffffffff  __TI_prof_data_start          
ffffffff  __binit__                     
ffffffff  __c_args__                    
ffffffff  binit                         
UNDEFED   __mpu_init                    
UNDEFED   _system_post_cinit            

[178 symbols]
