******************************************************************************
                  TI ARM Linker PC v20.2.7                     
******************************************************************************
>> Linked Thu Apr  4 14:40:53 2024

OUTPUT FILE NAME:   <Lab10.out>
ENTRY POINT SYMBOL: "_c_int00_noargs"  address: 000029c5


MEMORY CONFIGURATION

         name            origin    length      used     unused   attr    fill
----------------------  --------  ---------  --------  --------  ----  --------
  FLASH                 00000000   00040000  00002cf1  0003d30f  R  X
  SRAM                  20000000   00008000  000022e5  00005d1b  RW X


SEGMENT ALLOCATION MAP

run origin  load origin   length   init length attrs members
----------  ----------- ---------- ----------- ----- -------
00000000    00000000    00002cf8   00002cf8    r-x
  00000000    00000000    0000026c   0000026c    r-- .intvecs
  0000026c    0000026c    00002934   00002934    r-x .text
  00002ba0    00002ba0    00000109   00000109    r-- .const
  00002cb0    00002cb0    00000048   00000048    r-- .cinit
20000000    20000000    000022e9   00000000    rw-
  20000000    20000000    0000026c   00000000    rw- .vtable
  20000270    20000270    00001000   00000000    rw- .stack
  20001270    20001270    00001000   00000000    rw- .sysmem
  20002270    20002270    00000058   00000000    rw- .bss
  200022c8    200022c8    00000021   00000000    rw- .data


SECTION ALLOCATION MAP

 output                                  attributes/
section   page    origin      length       input sections
--------  ----  ----------  ----------   ----------------
.intvecs   0    00000000    0000026c     
                  00000000    0000026c     tm4c123gh6pm_startup_ccs.obj (.intvecs)

.text      0    0000026c    00002934     
                  0000026c    00000a4e     rtsv7M4_T_le_v4SPD16_eabi.lib : _printfi.c.obj (.text:__TI_printfi)
                  00000cba    00000002                                   : div0.asm.obj (.text)
                  00000cbc    00000328     lcd.obj (.text)
                  00000fe4    00000270     rtsv7M4_T_le_v4SPD16_eabi.lib : _printfi.c.obj (.text:_pconv_a)
                  00001254    0000026c     ping.obj (.text)
                  000014c0    00000248     Timer.obj (.text)
                  00001708    000001d0     rtsv7M4_T_le_v4SPD16_eabi.lib : _printfi.c.obj (.text:_pconv_g)
                  000018d8    000001b6                                   : fd_add_t2.asm.obj (.text)
                  00001a8e    00000002     --HOLE-- [fill = 0]
                  00001a90    00000168     servo.obj (.text)
                  00001bf8    0000013c     rtsv7M4_T_le_v4SPD16_eabi.lib : _printfi.c.obj (.text:_pconv_e)
                  00001d34    00000136                                   : fd_div_t2.asm.obj (.text)
                  00001e6a    00000002     --HOLE-- [fill = 0]
                  00001e6c    00000124                                   : _printfi.c.obj (.text:fcvt)
                  00001f90    00000110                                   : s_scalbn.c.obj (.text:scalbn)
                  000020a0    000000fc                                   : fd_mul_t2.asm.obj (.text)
                  0000219c    000000b1                                   : _printfi.c.obj (.text:_ltostr)
                  0000224d    00000001     --HOLE-- [fill = 0]
                  0000224e    0000009c                                   : memcpy_t2.asm.obj (.text)
                  000022ea    00000096                                   : ull_div_t2.asm.obj (.text)
                  00002380    00000086                                   : fd_cmp_t2.asm.obj (.text:__aeabi_cdcmple)
                  00002406    00000086                                   : fd_cmp_t2.asm.obj (.text:__aeabi_cdrcmple)
                  0000248c    0000007a                                   : memset_t2.asm.obj (.text)
                  00002506    0000006e                                   : _printfi.c.obj (.text:_mcpy)
                  00002574    0000006e                                   : fd_tos_t2.asm.obj (.text)
                  000025e2    00000068                                   : copy_decompress_lzss.c.obj (.text:decompress:lzss:__TI_decompress_lzss)
                  0000264a    00000002     --HOLE-- [fill = 0]
                  0000264c    00000064                                   : s_frexp.c.obj (.text:frexp)
                  000026b0    00000056                                   : _printfi.c.obj (.text:_pconv_f)
                  00002706    00000054                                   : _ltoa.c.obj (.text:__TI_ltoa)
                  0000275a    00000054     lab10_template.obj (.text)
                  000027ae    00000052     rtsv7M4_T_le_v4SPD16_eabi.lib : _printfi.c.obj (.text:_ecpy)
                  00002800    0000004c                                   : atoi.c.obj (.text:atoi)
                  0000284c    00000048                                   : fd_toi_t2.asm.obj (.text)
                  00002894    00000044                                   : autoinit.c.obj (.text:__TI_auto_init_nobinit_nopinit:__TI_auto_init_nobinit_nopinit)
                  000028d8    00000040                                   : vsnprintf.c.obj (.text:vsnprintf)
                  00002918    0000003e                                   : _printfi.c.obj (.text:_fcpy)
                  00002956    00000038                                   : fs_tod_t2.asm.obj (.text)
                  0000298e    00000002     --HOLE-- [fill = 0]
                  00002990    00000034     driverlib.lib : interrupt.obj (.text:IntRegister)
                  000029c4    00000034     rtsv7M4_T_le_v4SPD16_eabi.lib : boot_cortex_m.c.obj (.text:_c_int00_noargs:_c_int00_noargs)
                  000029f8    00000030                                   : vsnprintf.c.obj (.text:_outs)
                  00002a28    0000002e                                   : i_tofd_t2.asm.obj (.text)
                  00002a56    00000020                                   : u_tofd_t2.asm.obj (.text)
                  00002a76    0000001c                                   : copy_zero_init.c.obj (.text:decompress:ZI:__TI_zero_init_nomemset:__TI_zero_init_nomemset)
                  00002a92    0000001c                                   : memccpy.c.obj (.text:memccpy)
                  00002aae    0000001a                                   : s_copysign.c.obj (.text:copysign)
                  00002ac8    00000018                                   : vsnprintf.c.obj (.text:_outc)
                  00002ae0    00000018                                   : strcmp.c.obj (.text:strcmp)
                  00002af8    00000016                                   : strchr.c.obj (.text:strchr)
                  00002b0e    00000014                                   : strcpy.c.obj (.text:strcpy)
                  00002b22    00000014                                   : strlen.c.obj (.text:strlen)
                  00002b36    00000012                                   : wcslen.c.obj (.text:wcslen)
                  00002b48    00000010     driverlib.lib : interrupt.obj (.text:IntMasterEnable)
                  00002b58    00000010     lcd.obj (.text:lcd_clear)
                  00002b68    0000000e     rtsv7M4_T_le_v4SPD16_eabi.lib : copy_decompress_none.c.obj (.text:decompress:none:__TI_decompress_none)
                  00002b76    0000000c     driverlib.lib : cpu.obj (.text:CPUcpsie)
                  00002b82    0000000c     tm4c123gh6pm_startup_ccs.obj (.text)
                  00002b8e    00000002     --HOLE-- [fill = 0]
                  00002b90    00000008     rtsv7M4_T_le_v4SPD16_eabi.lib : errno.c.obj (.text:__aeabi_errno_addr)
                  00002b98    00000004                                   : pre_init.c.obj (.text:_system_pre_init)
                  00002b9c    00000004                                   : exit.c.obj (.text:abort:abort)

.const     0    00002ba0    00000109     
                  00002ba0    00000101     rtsv7M4_T_le_v4SPD16_eabi.lib : ctype.c.obj (.const:.string:_ctypes_)
                  00002ca1    00000004     lcd.obj (.const:.string:lineAddress$1)
                  00002ca5    00000004     lcd.obj (.const:.string:lineAddresses$2)

.cinit     0    00002cb0    00000048     
                  00002cb0    0000000e     (.cinit..data.load) [load image, compression = lzss]
                  00002cbe    00000002     --HOLE-- [fill = 0]
                  00002cc0    0000000c     (__TI_handler_table)
                  00002ccc    00000004     --HOLE-- [fill = 0]
                  00002cd0    00000008     (.cinit..bss.load) [load image, compression = zero_init]
                  00002cd8    00000008     (.cinit..vtable.load) [load image, compression = zero_init]
                  00002ce0    00000018     (__TI_cinit_table)

.init_array 
*          0    00000000    00000000     UNINITIALIZED

.vtable    0    20000000    0000026c     UNINITIALIZED
                  20000000    0000026c     driverlib.lib : interrupt.obj (.vtable)

.stack     0    20000270    00001000     UNINITIALIZED
                  20000270    00000004     rtsv7M4_T_le_v4SPD16_eabi.lib : boot_cortex_m.c.obj (.stack)
                  20000274    00000ffc     --HOLE--

.sysmem    0    20001270    00001000     UNINITIALIZED
                  20001270    00000010     rtsv7M4_T_le_v4SPD16_eabi.lib : memory.c.obj (.sysmem)
                  20001280    00000ff0     --HOLE--

.bss       0    20002270    00000058     UNINITIALIZED
                  20002270    00000054     lcd.obj (.bss:lastbuffer$3)
                  200022c4    00000004     (.common:_timeout_ticks)

.data      0    200022c8    00000021     UNINITIALIZED
                  200022c8    0000001c     ping.obj (.data)
                  200022e4    00000004     rtsv7M4_T_le_v4SPD16_eabi.lib : errno.c.obj (.data)
                  200022e8    00000001     Timer.obj (.data)

__llvm_prf_cnts 
*          0    20000000    00000000     UNINITIALIZED

MODULE SUMMARY

       Module                         code    ro data   rw data
       ------                         ----    -------   -------
    .\
       lcd.obj                        824     8         84     
       ping.obj                       620     0         28     
       tm4c123gh6pm_startup_ccs.obj   12      620       0      
       Timer.obj                      584     0         5      
       servo.obj                      360     0         0      
       lab10_template.obj             84      0         0      
    +--+------------------------------+-------+---------+---------+
       Total:                         2484    628       117    
                                                               
    C:/ti/TivaWare_C_Series-2.2.0.295/driverlib/ccs/Debug/driverlib.lib
       interrupt.obj                  68      0         620    
       cpu.obj                        12      0         0      
    +--+------------------------------+-------+---------+---------+
       Total:                         80      0         620    
                                                               
    C:\ti\ccs1230\ccs\tools\compiler\ti-cgt-arm_20.2.7.LTS\lib\rtsv7M4_T_le_v4SPD16_eabi.lib
       _printfi.c.obj                 4851    0         0      
       fd_add_t2.asm.obj              438     0         0      
       fd_div_t2.asm.obj              310     0         0      
       s_scalbn.c.obj                 272     0         0      
       fd_cmp_t2.asm.obj              268     0         0      
       ctype.c.obj                    0       257       0      
       fd_mul_t2.asm.obj              252     0         0      
       memcpy_t2.asm.obj              156     0         0      
       ull_div_t2.asm.obj             150     0         0      
       vsnprintf.c.obj                136     0         0      
       memset_t2.asm.obj              122     0         0      
       fd_tos_t2.asm.obj              110     0         0      
       copy_decompress_lzss.c.obj     104     0         0      
       s_frexp.c.obj                  100     0         0      
       _ltoa.c.obj                    84      0         0      
       atoi.c.obj                     76      0         0      
       fd_toi_t2.asm.obj              72      0         0      
       autoinit.c.obj                 68      0         0      
       fs_tod_t2.asm.obj              56      0         0      
       boot_cortex_m.c.obj            52      0         0      
       i_tofd_t2.asm.obj              46      0         0      
       u_tofd_t2.asm.obj              32      0         0      
       copy_zero_init.c.obj           28      0         0      
       memccpy.c.obj                  28      0         0      
       s_copysign.c.obj               26      0         0      
       strcmp.c.obj                   24      0         0      
       strchr.c.obj                   22      0         0      
       strcpy.c.obj                   20      0         0      
       strlen.c.obj                   20      0         0      
       wcslen.c.obj                   18      0         0      
       copy_decompress_none.c.obj     14      0         0      
       errno.c.obj                    8       0         4      
       exit.c.obj                     4       0         0      
       pre_init.c.obj                 4       0         0      
       div0.asm.obj                   2       0         0      
    +--+------------------------------+-------+---------+---------+
       Total:                         7973    257       4      
                                                               
       Heap:                          0       0         4096   
       Stack:                         0       0         4096   
       Linker Generated:              0       66        0      
    +--+------------------------------+-------+---------+---------+
       Grand Total:                   10537   951       8933   


LINKER GENERATED COPY TABLES

__TI_cinit_table @ 00002ce0 records: 3, size/record: 8, table size: 24
	.data: load addr=00002cb0, load size=0000000e bytes, run addr=200022c8, run size=00000021 bytes, compression=lzss
	.bss: load addr=00002cd0, load size=00000008 bytes, run addr=20002270, run size=00000058 bytes, compression=zero_init
	.vtable: load addr=00002cd8, load size=00000008 bytes, run addr=20000000, run size=0000026c bytes, compression=zero_init


LINKER GENERATED HANDLER TABLE

__TI_handler_table @ 00002cc0 records: 3, size/record: 4, table size: 12
	index: 0, handler: __TI_zero_init
	index: 1, handler: __TI_decompress_lzss
	index: 2, handler: __TI_decompress_none


GLOBAL SYMBOLS: SORTED ALPHABETICALLY BY Name 

address   name                          
-------   ----                          
00002b9d  C$$EXIT                       
00002b77  CPUcpsie                      
200022cc  END_TIME                      
00002b49  IntMasterEnable               
00002991  IntRegister                   
00002b83  ResetISR                      
200022c8  START_TIME                    
200022d0  STATE                         
000013af  TIMER3B_Handler               
20001270  __STACK_END                   
00001000  __STACK_SIZE                  
20000470  __STACK_TOP                   
00001000  __SYSMEM_SIZE                 
00002ce0  __TI_CINIT_Base               
00002cf8  __TI_CINIT_Limit              
00002cc0  __TI_Handler_Table_Base       
00002ccc  __TI_Handler_Table_Limit      
00002895  __TI_auto_init_nobinit_nopinit
000025e3  __TI_decompress_lzss          
00002b69  __TI_decompress_none          
00002707  __TI_ltoa                     
ffffffff  __TI_pprof_out_hndl           
0000026d  __TI_printfi                  
ffffffff  __TI_prof_data_size           
ffffffff  __TI_prof_data_start          
00000000  __TI_static_base__            
00002a77  __TI_zero_init_nomemset       
00002381  __aeabi_cdcmpeq               
00002381  __aeabi_cdcmple               
00002407  __aeabi_cdrcmple              
00002575  __aeabi_d2f                   
0000284d  __aeabi_d2iz                  
000018e3  __aeabi_dadd                  
00001d35  __aeabi_ddiv                  
000020a1  __aeabi_dmul                  
000018d9  __aeabi_dsub                  
00002b91  __aeabi_errno_addr            
00002957  __aeabi_f2d                   
00002a29  __aeabi_i2d                   
00000cbb  __aeabi_idiv0                 
00000cbb  __aeabi_ldiv0                 
0000248d  __aeabi_memclr                
0000248d  __aeabi_memclr4               
0000248d  __aeabi_memclr8               
0000224f  __aeabi_memcpy                
0000224f  __aeabi_memcpy4               
0000224f  __aeabi_memcpy8               
0000248f  __aeabi_memset                
0000248f  __aeabi_memset4               
0000248f  __aeabi_memset8               
00002a57  __aeabi_ui2d                  
000022eb  __aeabi_uldivmod              
ffffffff  __binit__                     
ffffffff  __c_args__                    
UNDEFED   __mpu_init                    
20000270  __stack                       
20000000  __start___llvm_prf_cnts       
20000000  __stop___llvm_prf_cnts        
000029c5  _c_int00_noargs               
00002ba0  _ctypes_                      
200022e8  _running                      
20001270  _sys_memory                   
UNDEFED   _system_post_cinit            
00002b99  _system_pre_init              
200022c4  _timeout_ticks                
00002b9d  abort                         
00002801  atoi                          
ffffffff  binit                         
00002aaf  copysign                      
00002aaf  copysignl                     
200022d8  currentTime                   
200022e4  errno                         
0000264d  frexp                         
0000264d  frexpl                        
20000000  g_pfnRAMVectors               
00000000  g_pfnVectors                  
200022d4  lastTime                      
00002b59  lcd_clear                     
00000e91  lcd_gotoLine                  
00000cf9  lcd_init                      
00000ef7  lcd_printf                    
00000db9  lcd_putc                      
00000df1  lcd_puts                      
00000cbd  lcd_reverseNibble             
00000e0f  lcd_sendCommand               
00000e4d  lcd_sendNibble                
00000eb9  lcd_setCursorPos              
00001f91  ldexp                         
00001f91  ldexpl                        
0000275b  main                          
00002a93  memccpy                       
0000224f  memcpy                        
00002495  memset                        
000013d3  ping_getClockCycles           
0000140f  ping_getDistance              
00001255  ping_init                     
00001327  ping_trigger                  
00001f91  scalbn                        
00001f91  scalbnl                       
00001a91  servo_init                    
00001b33  servo_move                    
00002af9  strchr                        
00002ae1  strcmp                        
00002b0f  strcpy                        
00002b23  strlen                        
200022e0  timeDiff                      
200022dc  timerCycles                   
000015df  timer_getMicros               
00001587  timer_getMillis               
000014c1  timer_init                    
00001563  timer_pause                   
00001575  timer_resume                  
00001539  timer_stop                    
00001639  timer_waitMicros              
0000166b  timer_waitMillis              
000028d9  vsnprintf                     
00002b37  wcslen                        


GLOBAL SYMBOLS: SORTED BY Symbol Address 

address   name                          
-------   ----                          
00000000  __TI_static_base__            
00000000  g_pfnVectors                  
0000026d  __TI_printfi                  
00000cbb  __aeabi_idiv0                 
00000cbb  __aeabi_ldiv0                 
00000cbd  lcd_reverseNibble             
00000cf9  lcd_init                      
00000db9  lcd_putc                      
00000df1  lcd_puts                      
00000e0f  lcd_sendCommand               
00000e4d  lcd_sendNibble                
00000e91  lcd_gotoLine                  
00000eb9  lcd_setCursorPos              
00000ef7  lcd_printf                    
00001000  __STACK_SIZE                  
00001000  __SYSMEM_SIZE                 
00001255  ping_init                     
00001327  ping_trigger                  
000013af  TIMER3B_Handler               
000013d3  ping_getClockCycles           
0000140f  ping_getDistance              
000014c1  timer_init                    
00001539  timer_stop                    
00001563  timer_pause                   
00001575  timer_resume                  
00001587  timer_getMillis               
000015df  timer_getMicros               
00001639  timer_waitMicros              
0000166b  timer_waitMillis              
000018d9  __aeabi_dsub                  
000018e3  __aeabi_dadd                  
00001a91  servo_init                    
00001b33  servo_move                    
00001d35  __aeabi_ddiv                  
00001f91  ldexp                         
00001f91  ldexpl                        
00001f91  scalbn                        
00001f91  scalbnl                       
000020a1  __aeabi_dmul                  
0000224f  __aeabi_memcpy                
0000224f  __aeabi_memcpy4               
0000224f  __aeabi_memcpy8               
0000224f  memcpy                        
000022eb  __aeabi_uldivmod              
00002381  __aeabi_cdcmpeq               
00002381  __aeabi_cdcmple               
00002407  __aeabi_cdrcmple              
0000248d  __aeabi_memclr                
0000248d  __aeabi_memclr4               
0000248d  __aeabi_memclr8               
0000248f  __aeabi_memset                
0000248f  __aeabi_memset4               
0000248f  __aeabi_memset8               
00002495  memset                        
00002575  __aeabi_d2f                   
000025e3  __TI_decompress_lzss          
0000264d  frexp                         
0000264d  frexpl                        
00002707  __TI_ltoa                     
0000275b  main                          
00002801  atoi                          
0000284d  __aeabi_d2iz                  
00002895  __TI_auto_init_nobinit_nopinit
000028d9  vsnprintf                     
00002957  __aeabi_f2d                   
00002991  IntRegister                   
000029c5  _c_int00_noargs               
00002a29  __aeabi_i2d                   
00002a57  __aeabi_ui2d                  
00002a77  __TI_zero_init_nomemset       
00002a93  memccpy                       
00002aaf  copysign                      
00002aaf  copysignl                     
00002ae1  strcmp                        
00002af9  strchr                        
00002b0f  strcpy                        
00002b23  strlen                        
00002b37  wcslen                        
00002b49  IntMasterEnable               
00002b59  lcd_clear                     
00002b69  __TI_decompress_none          
00002b77  CPUcpsie                      
00002b83  ResetISR                      
00002b91  __aeabi_errno_addr            
00002b99  _system_pre_init              
00002b9d  C$$EXIT                       
00002b9d  abort                         
00002ba0  _ctypes_                      
00002cc0  __TI_Handler_Table_Base       
00002ccc  __TI_Handler_Table_Limit      
00002ce0  __TI_CINIT_Base               
00002cf8  __TI_CINIT_Limit              
20000000  __start___llvm_prf_cnts       
20000000  __stop___llvm_prf_cnts        
20000000  g_pfnRAMVectors               
20000270  __stack                       
20000470  __STACK_TOP                   
20001270  __STACK_END                   
20001270  _sys_memory                   
200022c4  _timeout_ticks                
200022c8  START_TIME                    
200022cc  END_TIME                      
200022d0  STATE                         
200022d4  lastTime                      
200022d8  currentTime                   
200022dc  timerCycles                   
200022e0  timeDiff                      
200022e4  errno                         
200022e8  _running                      
ffffffff  __TI_pprof_out_hndl           
ffffffff  __TI_prof_data_size           
ffffffff  __TI_prof_data_start          
ffffffff  __binit__                     
ffffffff  __c_args__                    
ffffffff  binit                         
UNDEFED   __mpu_init                    
UNDEFED   _system_post_cinit            

[117 symbols]
