******************************************************************************
                  TI ARM Linker PC v20.2.7                     
******************************************************************************
>> Linked Thu Mar 21 14:40:45 2024

OUTPUT FILE NAME:   <Lab8.out>
ENTRY POINT SYMBOL: "_c_int00_noargs"  address: 000049d1


MEMORY CONFIGURATION

         name            origin    length      used     unused   attr    fill
----------------------  --------  ---------  --------  --------  ----  --------
  FLASH                 00000000   00040000  00004daf  0003b251  R  X
  SRAM                  20000000   00008000  0000232e  00005cd2  RW X


SEGMENT ALLOCATION MAP

run origin  load origin   length   init length attrs members
----------  ----------- ---------- ----------- ----- -------
00000000    00000000    00004db8   00004db8    r-x
  00000000    00000000    0000026c   0000026c    r-- .intvecs
  0000026c    0000026c    000049a8   000049a8    r-x .text
  00004c18    00004c18    0000014b   0000014b    r-- .const
  00004d68    00004d68    00000050   00000050    r-- .cinit
20000000    20000000    00002335   00000000    rw-
  20000000    20000000    0000026c   00000000    rw- .vtable
  20000270    20000270    00001000   00000000    rw- .stack
  20001270    20001270    00001000   00000000    rw- .sysmem
  20002270    20002270    00000089   00000000    rw- .bss
  200022fc    200022fc    00000039   00000000    rw- .data


SECTION ALLOCATION MAP

 output                                  attributes/
section   page    origin      length       input sections
--------  ----  ----------  ----------   ----------------
.intvecs   0    00000000    0000026c     
                  00000000    0000026c     tm4c123gh6pm_startup_ccs.obj (.intvecs)

.text      0    0000026c    000049a8     
                  0000026c    00000c20     open_interface.obj (.text)
                  00000e8c    00000a4e     rtsv7M4_T_le_v4SPD16_eabi.lib : _printfi.c.obj (.text:__TI_printfi)
                  000018da    00000002                                   : _lock.c.obj (.text:_nop)
                  000018dc    000009d0                                   : e_pow.c.obj (.text:pow)
                  000022ac    00000328     lcd.obj (.text)
                  000025d4    00000270     rtsv7M4_T_le_v4SPD16_eabi.lib : _printfi.c.obj (.text:_pconv_a)
                  00002844    00000260     libcybotScan.lib : cyBot_Scan.obj (.text)
                  00002aa4    00000248     Timer.obj (.text)
                  00002cec    000001ec     libcybotScan.lib : ping.obj (.text)
                  00002ed8    000001d0     rtsv7M4_T_le_v4SPD16_eabi.lib : _printfi.c.obj (.text:_pconv_g)
                  000030a8    000001b6                                   : fd_add_t2.asm.obj (.text)
                  0000325e    00000002                                   : div0.asm.obj (.text)
                  00003260    00000158     libcybotScan.lib : servo.obj (.text)
                  000033b8    00000158     rtsv7M4_T_le_v4SPD16_eabi.lib : e_sqrt.c.obj (.text:sqrt)
                  00003510    0000013c                                   : _printfi.c.obj (.text:_pconv_e)
                  0000364c    00000138     uart.obj (.text)
                  00003784    00000136     rtsv7M4_T_le_v4SPD16_eabi.lib : fd_div_t2.asm.obj (.text)
                  000038ba    00000002     --HOLE-- [fill = 0]
                  000038bc    00000124                                   : _printfi.c.obj (.text:fcvt)
                  000039e0    00000120     lab8.obj (.text)
                  00003b00    00000118     libcybotScan.lib : ir.obj (.text)
                  00003c18    00000110     rtsv7M4_T_le_v4SPD16_eabi.lib : s_scalbn.c.obj (.text:scalbn)
                  00003d28    0000010c     adc.obj (.text)
                  00003e34    00000100     rtsv7M4_T_le_v4SPD16_eabi.lib : memory.c.obj (.text:aligned_alloc)
                  00003f34    000000fc                                   : fd_mul_t2.asm.obj (.text)
                  00004030    000000e4                                   : memory.c.obj (.text:free)
                  00004114    000000b1                                   : _printfi.c.obj (.text:_ltostr)
                  000041c5    00000001     --HOLE-- [fill = 0]
                  000041c6    0000009c                                   : memcpy_t2.asm.obj (.text)
                  00004262    00000096                                   : ull_div_t2.asm.obj (.text)
                  000042f8    00000086                                   : fd_cmp_t2.asm.obj (.text:__aeabi_cdcmple)
                  0000437e    00000086                                   : fd_cmp_t2.asm.obj (.text:__aeabi_cdrcmple)
                  00004404    0000007a                                   : memset_t2.asm.obj (.text)
                  0000447e    00000002     --HOLE-- [fill = 0]
                  00004480    00000070                                   : memory.c.obj (.text:split)
                  000044f0    0000006e                                   : _printfi.c.obj (.text:_mcpy)
                  0000455e    0000006e                                   : fd_tos_t2.asm.obj (.text)
                  000045cc    00000068                                   : copy_decompress_lzss.c.obj (.text:decompress:lzss:__TI_decompress_lzss)
                  00004634    00000064                                   : s_frexp.c.obj (.text:frexp)
                  00004698    00000056                                   : _printfi.c.obj (.text:_pconv_f)
                  000046ee    00000054                                   : _ltoa.c.obj (.text:__TI_ltoa)
                  00004742    00000052                                   : _printfi.c.obj (.text:_ecpy)
                  00004794    0000004c                                   : atoi.c.obj (.text:atoi)
                  000047e0    00000048                                   : fd_toi_t2.asm.obj (.text)
                  00004828    00000044                                   : autoinit.c.obj (.text:__TI_auto_init_nobinit_nopinit:__TI_auto_init_nobinit_nopinit)
                  0000486c    00000040                                   : sprintf.c.obj (.text:sprintf)
                  000048ac    00000040                                   : vsnprintf.c.obj (.text:vsnprintf)
                  000048ec    0000003e                                   : _printfi.c.obj (.text:_fcpy)
                  0000492a    00000002     --HOLE-- [fill = 0]
                  0000492c    00000038                                   : memory.c.obj (.text:calloc)
                  00004964    00000038                                   : fs_tod_t2.asm.obj (.text)
                  0000499c    00000034     driverlib.lib : interrupt.obj (.text:IntRegister)
                  000049d0    00000034     rtsv7M4_T_le_v4SPD16_eabi.lib : boot_cortex_m.c.obj (.text:_c_int00_noargs:_c_int00_noargs)
                  00004a04    00000030                                   : vsnprintf.c.obj (.text:_outs)
                  00004a34    0000002e                                   : i_tofd_t2.asm.obj (.text)
                  00004a62    00000002     --HOLE-- [fill = 0]
                  00004a64    00000028                                   : memory.c.obj (.text:free_list_insert)
                  00004a8c    0000001c                                   : copy_zero_init.c.obj (.text:decompress:ZI:__TI_zero_init_nomemset:__TI_zero_init_nomemset)
                  00004aa8    0000001c                                   : memory.c.obj (.text:free_list_remove)
                  00004ac4    0000001c                                   : memccpy.c.obj (.text:memccpy)
                  00004ae0    0000001a                                   : s_copysign.c.obj (.text:copysign)
                  00004afa    00000018                                   : vsnprintf.c.obj (.text:_outc)
                  00004b12    00000018                                   : sprintf.c.obj (.text:_outs)
                  00004b2a    00000018     open_interface.obj (.text:oi_parseInt)
                  00004b42    00000018     rtsv7M4_T_le_v4SPD16_eabi.lib : strcmp.c.obj (.text:strcmp)
                  00004b5a    00000016                                   : strchr.c.obj (.text:strchr)
                  00004b70    00000014                                   : strcpy.c.obj (.text:strcpy)
                  00004b84    00000014                                   : strlen.c.obj (.text:strlen)
                  00004b98    00000012                                   : wcslen.c.obj (.text:wcslen)
                  00004baa    00000010     driverlib.lib : interrupt.obj (.text:IntMasterEnable)
                  00004bba    00000010     lcd.obj (.text:lcd_clear)
                  00004bca    0000000e     rtsv7M4_T_le_v4SPD16_eabi.lib : copy_decompress_none.c.obj (.text:decompress:none:__TI_decompress_none)
                  00004bd8    0000000c     driverlib.lib : cpu.obj (.text:CPUcpsie)
                  00004be4    0000000c     tm4c123gh6pm_startup_ccs.obj (.text)
                  00004bf0    0000000a     rtsv7M4_T_le_v4SPD16_eabi.lib : sprintf.c.obj (.text:_outc)
                  00004bfa    00000002     --HOLE-- [fill = 0]
                  00004bfc    00000008                                   : errno.c.obj (.text:__aeabi_errno_addr)
                  00004c04    00000008                                   : memory.c.obj (.text:malloc)
                  00004c0c    00000004                                   : pre_init.c.obj (.text:_system_pre_init)
                  00004c10    00000004                                   : exit.c.obj (.text:abort:abort)

.const     0    00004c18    0000014b     
                  00004c18    00000101     rtsv7M4_T_le_v4SPD16_eabi.lib : ctype.c.obj (.const:.string:_ctypes_)
                  00004d19    00000004     lcd.obj (.const:.string:lineAddress$1)
                  00004d1d    00000003     --HOLE-- [fill = 0]
                  00004d20    00000030     rtsv7M4_T_le_v4SPD16_eabi.lib : e_pow.c.obj (.const:$O1$$)
                  00004d50    0000000f     open_interface.obj (.const:.string:$P$T0$3)
                  00004d5f    00000004     lcd.obj (.const:.string:lineAddresses$2)

.cinit     0    00004d68    00000050     
                  00004d68    00000018     (.cinit..data.load) [load image, compression = lzss]
                  00004d80    0000000c     (__TI_handler_table)
                  00004d8c    00000004     --HOLE-- [fill = 0]
                  00004d90    00000008     (.cinit..bss.load) [load image, compression = zero_init]
                  00004d98    00000008     (.cinit..vtable.load) [load image, compression = zero_init]
                  00004da0    00000018     (__TI_cinit_table)

.init_array 
*          0    00000000    00000000     UNINITIALIZED

.vtable    0    20000000    0000026c     UNINITIALIZED
                  20000000    0000026c     driverlib.lib : interrupt.obj (.vtable)

.stack     0    20000270    00001000     UNINITIALIZED
                  20000270    00000004     rtsv7M4_T_le_v4SPD16_eabi.lib : boot_cortex_m.c.obj (.stack)
                  20000274    00000ffc     --HOLE--

.sysmem    0    20001270    00001000     UNINITIALIZED
                  20001270    00000010     rtsv7M4_T_le_v4SPD16_eabi.lib : memory.c.obj (.sysmem)
                  20001280    00000ff0     --HOLE--

.bss       0    20002270    00000089     UNINITIALIZED
                  20002270    00000054     lcd.obj (.bss:lastbuffer$3)
                  200022c4    00000018     open_interface.obj (.bss:firmware$2)
                  200022dc    00000004     (.common:_timeout_ticks)
                  200022e0    00000004     (.common:fallingEdge)
                  200022e4    00000004     (.common:isr_int_value)
                  200022e8    00000004     (.common:left_calibration_value)
                  200022ec    00000004     (.common:pulseLength)
                  200022f0    00000004     (.common:right_calibration_value)
                  200022f4    00000004     (.common:risingEdge)
                  200022f8    00000001     (.common:isRisingEdge)

.data      0    200022fc    00000039     UNINITIALIZED
                  200022fc    00000020     open_interface.obj (.data)
                  2000231c    00000008     rtsv7M4_T_le_v4SPD16_eabi.lib : _lock.c.obj (.data:$O1$$)
                  20002324    00000008                                   : memory.c.obj (.data:$O1$$)
                  2000232c    00000004     libcybotScan.lib : cyBot_Scan.obj (.data)
                  20002330    00000004     rtsv7M4_T_le_v4SPD16_eabi.lib : errno.c.obj (.data)
                  20002334    00000001     Timer.obj (.data)

__llvm_prf_cnts 
*          0    20000000    00000000     UNINITIALIZED

MODULE SUMMARY

       Module                         code    ro data   rw data
       ------                         ----    -------   -------
    .\
       open_interface.obj             3128    15        56     
       lcd.obj                        824     8         84     
       tm4c123gh6pm_startup_ccs.obj   12      620       0      
       Timer.obj                      584     0         5      
       uart.obj                       312     0         0      
       lab8.obj                       288     0         8      
       adc.obj                        268     0         0      
    +--+------------------------------+-------+---------+---------+
       Total:                         5416    643       153    
                                                               
    ../libcybotScan.lib
       cyBot_Scan.obj                 608     0         4      
       ping.obj                       492     0         13     
       servo.obj                      344     0         0      
       ir.obj                         280     0         4      
    +--+------------------------------+-------+---------+---------+
       Total:                         1724    0         21     
                                                               
    C:/ti/TivaWare_C_Series-2.2.0.295/driverlib/ccs/Debug/driverlib.lib
       interrupt.obj                  68      0         620    
       cpu.obj                        12      0         0      
    +--+------------------------------+-------+---------+---------+
       Total:                         80      0         620    
                                                               
    C:\ti\ccs1230\ccs\tools\compiler\ti-cgt-arm_20.2.7.LTS\lib\rtsv7M4_T_le_v4SPD16_eabi.lib
       _printfi.c.obj                 4851    0         0      
       e_pow.c.obj                    2512    48        0      
       memory.c.obj                   728     0         8      
       fd_add_t2.asm.obj              438     0         0      
       e_sqrt.c.obj                   344     0         0      
       fd_div_t2.asm.obj              310     0         0      
       s_scalbn.c.obj                 272     0         0      
       fd_cmp_t2.asm.obj              268     0         0      
       ctype.c.obj                    0       257       0      
       fd_mul_t2.asm.obj              252     0         0      
       memcpy_t2.asm.obj              156     0         0      
       ull_div_t2.asm.obj             150     0         0      
       vsnprintf.c.obj                136     0         0      
       memset_t2.asm.obj              122     0         0      
       fd_tos_t2.asm.obj              110     0         0      
       copy_decompress_lzss.c.obj     104     0         0      
       s_frexp.c.obj                  100     0         0      
       sprintf.c.obj                  98      0         0      
       _ltoa.c.obj                    84      0         0      
       atoi.c.obj                     76      0         0      
       fd_toi_t2.asm.obj              72      0         0      
       autoinit.c.obj                 68      0         0      
       fs_tod_t2.asm.obj              56      0         0      
       boot_cortex_m.c.obj            52      0         0      
       i_tofd_t2.asm.obj              46      0         0      
       copy_zero_init.c.obj           28      0         0      
       memccpy.c.obj                  28      0         0      
       s_copysign.c.obj               26      0         0      
       strcmp.c.obj                   24      0         0      
       strchr.c.obj                   22      0         0      
       strcpy.c.obj                   20      0         0      
       strlen.c.obj                   20      0         0      
       wcslen.c.obj                   18      0         0      
       copy_decompress_none.c.obj     14      0         0      
       errno.c.obj                    8       0         4      
       _lock.c.obj                    2       0         8      
       exit.c.obj                     4       0         0      
       pre_init.c.obj                 4       0         0      
       div0.asm.obj                   2       0         0      
    +--+------------------------------+-------+---------+---------+
       Total:                         11625   305       20     
                                                               
       Heap:                          0       0         4096   
       Stack:                         0       0         4096   
       Linker Generated:              0       76        0      
    +--+------------------------------+-------+---------+---------+
       Grand Total:                   18845   1024      9006   


LINKER GENERATED COPY TABLES

__TI_cinit_table @ 00004da0 records: 3, size/record: 8, table size: 24
	.data: load addr=00004d68, load size=00000018 bytes, run addr=200022fc, run size=00000039 bytes, compression=lzss
	.bss: load addr=00004d90, load size=00000008 bytes, run addr=20002270, run size=00000089 bytes, compression=zero_init
	.vtable: load addr=00004d98, load size=00000008 bytes, run addr=20000000, run size=0000026c bytes, compression=zero_init


LINKER GENERATED HANDLER TABLE

__TI_handler_table @ 00004d80 records: 3, size/record: 4, table size: 12
	index: 0, handler: __TI_zero_init
	index: 1, handler: __TI_decompress_lzss
	index: 2, handler: __TI_decompress_none


GLOBAL SYMBOLS: SORTED ALPHABETICALLY BY Name 

address   name                          
-------   ----                          
00003b99  ADC0SS0_Handler               
00004c11  C$$EXIT                       
00004bd9  CPUcpsie                      
00000bc3  GPIOF_Handler                 
00004bab  IntMasterEnable               
0000499d  IntRegister                   
00004be5  ResetISR                      
00002ddd  TIMER3B_Handler               
20001270  __STACK_END                   
00001000  __STACK_SIZE                  
20000470  __STACK_TOP                   
00001000  __SYSMEM_SIZE                 
00004da0  __TI_CINIT_Base               
00004db8  __TI_CINIT_Limit              
00004d80  __TI_Handler_Table_Base       
00004d8c  __TI_Handler_Table_Limit      
00004829  __TI_auto_init_nobinit_nopinit
000045cd  __TI_decompress_lzss          
00004bcb  __TI_decompress_none          
000046ef  __TI_ltoa                     
ffffffff  __TI_pprof_out_hndl           
00000e8d  __TI_printfi                  
ffffffff  __TI_prof_data_size           
ffffffff  __TI_prof_data_start          
00000000  __TI_static_base__            
00004a8d  __TI_zero_init_nomemset       
000042f9  __aeabi_cdcmpeq               
000042f9  __aeabi_cdcmple               
0000437f  __aeabi_cdrcmple              
0000455f  __aeabi_d2f                   
000047e1  __aeabi_d2iz                  
000030b3  __aeabi_dadd                  
00003785  __aeabi_ddiv                  
00003f35  __aeabi_dmul                  
000030a9  __aeabi_dsub                  
00004bfd  __aeabi_errno_addr            
00004965  __aeabi_f2d                   
00004a35  __aeabi_i2d                   
0000325f  __aeabi_idiv0                 
0000325f  __aeabi_ldiv0                 
00004405  __aeabi_memclr                
00004405  __aeabi_memclr4               
00004405  __aeabi_memclr8               
000041c7  __aeabi_memcpy                
000041c7  __aeabi_memcpy4               
000041c7  __aeabi_memcpy8               
00004407  __aeabi_memset                
00004407  __aeabi_memset4               
00004407  __aeabi_memset8               
00004263  __aeabi_uldivmod              
ffffffff  __binit__                     
ffffffff  __c_args__                    
UNDEFED   __mpu_init                    
20000270  __stack                       
20000000  __start___llvm_prf_cnts       
20000000  __stop___llvm_prf_cnts        
000049d1  _c_int00_noargs               
00004c18  _ctypes_                      
2000231c  _lock                         
000018db  _nop                          
20002334  _running                      
20001270  _sys_memory                   
UNDEFED   _system_post_cinit            
00004c0d  _system_pre_init              
200022dc  _timeout_ticks                
20002320  _unlock                       
00004c11  abort                         
00003d29  adc_init                      
00003dc9  adc_read                      
00003e35  aligned_alloc                 
00004795  atoi                          
ffffffff  binit                         
0000492d  calloc                        
00004ae1  copysign                      
00004ae1  copysignl                     
0000291d  cyBOT_SERVO_cal               
000028ab  cyBOT_Scan                    
00002853  cyBOT_init_Scan               
2000232c  cyBOT_scan_features           
00002845  cyBOT_scan_version            
20002330  errno                         
200022e0  fallingEdge                   
00004031  free                          
00004635  frexp                         
00004635  frexpl                        
20000000  g_pfnRAMVectors               
00000000  g_pfnVectors                  
0000097f  go_charge                     
00003baf  ir_enableInterrupt            
00003b91  ir_getDistance                
00003b69  ir_getValue                   
00003b01  ir_init                       
200022f8  isRisingEdge                  
200022e4  isr_int_value                 
00004bbb  lcd_clear                     
00002481  lcd_gotoLine                  
000022e9  lcd_init                      
000024e7  lcd_printf                    
000023a9  lcd_putc                      
000023e1  lcd_puts                      
000022ad  lcd_reverseNibble             
000023ff  lcd_sendCommand               
0000243d  lcd_sendNibble                
000024a9  lcd_setCursorPos              
00003c19  ldexp                         
00003c19  ldexpl                        
200022e8  left_calibration_value        
000039e1  main                          
00004c05  malloc                        
00003e35  memalign                      
00004ac5  memccpy                       
000041c7  memcpy                        
0000440d  memset                        
200022fc  motor_cal_factor_L            
20002300  motor_cal_factor_R            
0000026d  oi_alloc                      
00000aa9  oi_checkFirmware              
000002c7  oi_close                      
00000279  oi_free                       
00000ded  oi_getMotorCalibrationLeft    
00000e01  oi_getMotorCalibrationRight   
000002b1  oi_init                       
00000289  oi_init_noupdate              
00000915  oi_loadSong                   
00004b2b  oi_parseInt                   
0000032b  oi_parsePacket                
0000096b  oi_play_song                  
0000084b  oi_setLeds                    
00000db1  oi_setMotorCalibration        
0000088f  oi_setWheels                  
00000b51  oi_shutoff_init               
0000098d  oi_uartInit                   
00000a31  oi_uartReceive                
00000a77  oi_uartSendBuff               
00000a15  oi_uartSendChar               
00000a59  oi_uartSendStr                
000002d9  oi_update                     
00002e2f  ping_getDistance              
00002ced  ping_init                     
00002d73  ping_trigger                  
000018dd  pow                           
000018dd  powl                          
200022ec  pulseLength                   
200022f0  right_calibration_value       
200022f4  risingEdge                    
00003c19  scalbn                        
00003c19  scalbnl                       
00003261  servo_init                    
000032f1  servo_move                    
00003351  servo_setPWM                  
000032e5  servo_stop                    
0000486d  sprintf                       
000033b9  sqrt                          
000033b9  sqrtl                         
00004b5b  strchr                        
00004b43  strcmp                        
00004b71  strcpy                        
00004b85  strlen                        
00002bc3  timer_getMicros               
00002b6b  timer_getMillis               
00002aa5  timer_init                    
00002b47  timer_pause                   
00002b59  timer_resume                  
00002b1d  timer_stop                    
00002c1d  timer_waitMicros              
00002c4f  timer_waitMillis              
0000364d  uart_init                     
000036ef  uart_receive                  
000036ff  uart_receive_nonblocking      
000036d3  uart_sendChar                 
00003719  uart_sendStr                  
000048ad  vsnprintf                     
00004b99  wcslen                        


GLOBAL SYMBOLS: SORTED BY Symbol Address 

address   name                          
-------   ----                          
00000000  __TI_static_base__            
00000000  g_pfnVectors                  
0000026d  oi_alloc                      
00000279  oi_free                       
00000289  oi_init_noupdate              
000002b1  oi_init                       
000002c7  oi_close                      
000002d9  oi_update                     
0000032b  oi_parsePacket                
0000084b  oi_setLeds                    
0000088f  oi_setWheels                  
00000915  oi_loadSong                   
0000096b  oi_play_song                  
0000097f  go_charge                     
0000098d  oi_uartInit                   
00000a15  oi_uartSendChar               
00000a31  oi_uartReceive                
00000a59  oi_uartSendStr                
00000a77  oi_uartSendBuff               
00000aa9  oi_checkFirmware              
00000b51  oi_shutoff_init               
00000bc3  GPIOF_Handler                 
00000db1  oi_setMotorCalibration        
00000ded  oi_getMotorCalibrationLeft    
00000e01  oi_getMotorCalibrationRight   
00000e8d  __TI_printfi                  
00001000  __STACK_SIZE                  
00001000  __SYSMEM_SIZE                 
000018db  _nop                          
000018dd  pow                           
000018dd  powl                          
000022ad  lcd_reverseNibble             
000022e9  lcd_init                      
000023a9  lcd_putc                      
000023e1  lcd_puts                      
000023ff  lcd_sendCommand               
0000243d  lcd_sendNibble                
00002481  lcd_gotoLine                  
000024a9  lcd_setCursorPos              
000024e7  lcd_printf                    
00002845  cyBOT_scan_version            
00002853  cyBOT_init_Scan               
000028ab  cyBOT_Scan                    
0000291d  cyBOT_SERVO_cal               
00002aa5  timer_init                    
00002b1d  timer_stop                    
00002b47  timer_pause                   
00002b59  timer_resume                  
00002b6b  timer_getMillis               
00002bc3  timer_getMicros               
00002c1d  timer_waitMicros              
00002c4f  timer_waitMillis              
00002ced  ping_init                     
00002d73  ping_trigger                  
00002ddd  TIMER3B_Handler               
00002e2f  ping_getDistance              
000030a9  __aeabi_dsub                  
000030b3  __aeabi_dadd                  
0000325f  __aeabi_idiv0                 
0000325f  __aeabi_ldiv0                 
00003261  servo_init                    
000032e5  servo_stop                    
000032f1  servo_move                    
00003351  servo_setPWM                  
000033b9  sqrt                          
000033b9  sqrtl                         
0000364d  uart_init                     
000036d3  uart_sendChar                 
000036ef  uart_receive                  
000036ff  uart_receive_nonblocking      
00003719  uart_sendStr                  
00003785  __aeabi_ddiv                  
000039e1  main                          
00003b01  ir_init                       
00003b69  ir_getValue                   
00003b91  ir_getDistance                
00003b99  ADC0SS0_Handler               
00003baf  ir_enableInterrupt            
00003c19  ldexp                         
00003c19  ldexpl                        
00003c19  scalbn                        
00003c19  scalbnl                       
00003d29  adc_init                      
00003dc9  adc_read                      
00003e35  aligned_alloc                 
00003e35  memalign                      
00003f35  __aeabi_dmul                  
00004031  free                          
000041c7  __aeabi_memcpy                
000041c7  __aeabi_memcpy4               
000041c7  __aeabi_memcpy8               
000041c7  memcpy                        
00004263  __aeabi_uldivmod              
000042f9  __aeabi_cdcmpeq               
000042f9  __aeabi_cdcmple               
0000437f  __aeabi_cdrcmple              
00004405  __aeabi_memclr                
00004405  __aeabi_memclr4               
00004405  __aeabi_memclr8               
00004407  __aeabi_memset                
00004407  __aeabi_memset4               
00004407  __aeabi_memset8               
0000440d  memset                        
0000455f  __aeabi_d2f                   
000045cd  __TI_decompress_lzss          
00004635  frexp                         
00004635  frexpl                        
000046ef  __TI_ltoa                     
00004795  atoi                          
000047e1  __aeabi_d2iz                  
00004829  __TI_auto_init_nobinit_nopinit
0000486d  sprintf                       
000048ad  vsnprintf                     
0000492d  calloc                        
00004965  __aeabi_f2d                   
0000499d  IntRegister                   
000049d1  _c_int00_noargs               
00004a35  __aeabi_i2d                   
00004a8d  __TI_zero_init_nomemset       
00004ac5  memccpy                       
00004ae1  copysign                      
00004ae1  copysignl                     
00004b2b  oi_parseInt                   
00004b43  strcmp                        
00004b5b  strchr                        
00004b71  strcpy                        
00004b85  strlen                        
00004b99  wcslen                        
00004bab  IntMasterEnable               
00004bbb  lcd_clear                     
00004bcb  __TI_decompress_none          
00004bd9  CPUcpsie                      
00004be5  ResetISR                      
00004bfd  __aeabi_errno_addr            
00004c05  malloc                        
00004c0d  _system_pre_init              
00004c11  C$$EXIT                       
00004c11  abort                         
00004c18  _ctypes_                      
00004d80  __TI_Handler_Table_Base       
00004d8c  __TI_Handler_Table_Limit      
00004da0  __TI_CINIT_Base               
00004db8  __TI_CINIT_Limit              
20000000  __start___llvm_prf_cnts       
20000000  __stop___llvm_prf_cnts        
20000000  g_pfnRAMVectors               
20000270  __stack                       
20000470  __STACK_TOP                   
20001270  __STACK_END                   
20001270  _sys_memory                   
200022dc  _timeout_ticks                
200022e0  fallingEdge                   
200022e4  isr_int_value                 
200022e8  left_calibration_value        
200022ec  pulseLength                   
200022f0  right_calibration_value       
200022f4  risingEdge                    
200022f8  isRisingEdge                  
200022fc  motor_cal_factor_L            
20002300  motor_cal_factor_R            
2000231c  _lock                         
20002320  _unlock                       
2000232c  cyBOT_scan_features           
20002330  errno                         
20002334  _running                      
ffffffff  __TI_pprof_out_hndl           
ffffffff  __TI_prof_data_size           
ffffffff  __TI_prof_data_start          
ffffffff  __binit__                     
ffffffff  __c_args__                    
ffffffff  binit                         
UNDEFED   __mpu_init                    
UNDEFED   _system_post_cinit            

[173 symbols]
