<?xml version="1.0" encoding="ISO-8859-1" ?>
<link_info>
   <banner>TI ARM Linker PC v20.2.7.LTS</banner>
   <copyright>Copyright (c) 1996-2018 Texas Instruments Incorporated</copyright>
   <link_time>0x65fc8d3d</link_time>
   <link_errors>0x0</link_errors>
   <output_file>Lab8.out</output_file>
   <entry_point>
      <name>_c_int00_noargs</name>
      <address>0x49d1</address>
   </entry_point>
   <input_file_list>
      <input_file id="fl-2">
         <path>.\</path>
         <kind>object</kind>
         <file>Timer.obj</file>
         <name>Timer.obj</name>
      </input_file>
      <input_file id="fl-3">
         <path>.\</path>
         <kind>object</kind>
         <file>adc.obj</file>
         <name>adc.obj</name>
      </input_file>
      <input_file id="fl-4">
         <path>.\</path>
         <kind>object</kind>
         <file>lab8.obj</file>
         <name>lab8.obj</name>
      </input_file>
      <input_file id="fl-5">
         <path>.\</path>
         <kind>object</kind>
         <file>lcd.obj</file>
         <name>lcd.obj</name>
      </input_file>
      <input_file id="fl-6">
         <path>.\</path>
         <kind>object</kind>
         <file>manualMovement.obj</file>
         <name>manualMovement.obj</name>
      </input_file>
      <input_file id="fl-7">
         <path>.\</path>
         <kind>object</kind>
         <file>median.obj</file>
         <name>median.obj</name>
      </input_file>
      <input_file id="fl-8">
         <path>.\</path>
         <kind>object</kind>
         <file>modular_lab7.obj</file>
         <name>modular_lab7.obj</name>
      </input_file>
      <input_file id="fl-9">
         <path>.\</path>
         <kind>object</kind>
         <file>movement.obj</file>
         <name>movement.obj</name>
      </input_file>
      <input_file id="fl-a">
         <path>.\</path>
         <kind>object</kind>
         <file>open_interface.obj</file>
         <name>open_interface.obj</name>
      </input_file>
      <input_file id="fl-b">
         <path>.\</path>
         <kind>object</kind>
         <file>tm4c123gh6pm_startup_ccs.obj</file>
         <name>tm4c123gh6pm_startup_ccs.obj</name>
      </input_file>
      <input_file id="fl-c">
         <path>.\</path>
         <kind>object</kind>
         <file>uart-interrupt.obj</file>
         <name>uart-interrupt.obj</name>
      </input_file>
      <input_file id="fl-d">
         <path>.\</path>
         <kind>object</kind>
         <file>uart.obj</file>
         <name>uart.obj</name>
      </input_file>
      <input_file id="fl-13">
         <kind>object</kind>
         <file>&lt;internal&gt;</file>
         <name>&lt;internal&gt;</name>
      </input_file>
      <input_file id="fl-14">
         <path>..\</path>
         <kind>archive</kind>
         <file>libcybotScan.lib</file>
         <name>cyBot_Scan.obj</name>
      </input_file>
      <input_file id="fl-15">
         <path>..\</path>
         <kind>archive</kind>
         <file>libcybotScan.lib</file>
         <name>ir.obj</name>
      </input_file>
      <input_file id="fl-16">
         <path>..\</path>
         <kind>archive</kind>
         <file>libcybotScan.lib</file>
         <name>ping.obj</name>
      </input_file>
      <input_file id="fl-17">
         <path>..\</path>
         <kind>archive</kind>
         <file>libcybotScan.lib</file>
         <name>servo.obj</name>
      </input_file>
      <input_file id="fl-18">
         <path>C:\ti\TivaWare_C_Series-2.2.0.295\driverlib\ccs\Debug\</path>
         <kind>archive</kind>
         <file>driverlib.lib</file>
         <name>interrupt.obj</name>
      </input_file>
      <input_file id="fl-19">
         <path>C:\ti\TivaWare_C_Series-2.2.0.295\driverlib\ccs\Debug\</path>
         <kind>archive</kind>
         <file>driverlib.lib</file>
         <name>cpu.obj</name>
      </input_file>
      <input_file id="fl-cf">
         <path>C:\ti\ccs1230\ccs\tools\compiler\ti-cgt-arm_20.2.7.LTS\lib\</path>
         <kind>archive</kind>
         <file>rtsv7M4_T_le_v4SPD16_eabi.lib</file>
         <name>e_pow.c.obj</name>
      </input_file>
      <input_file id="fl-d0">
         <path>C:\ti\ccs1230\ccs\tools\compiler\ti-cgt-arm_20.2.7.LTS\lib\</path>
         <kind>archive</kind>
         <file>rtsv7M4_T_le_v4SPD16_eabi.lib</file>
         <name>e_sqrt.c.obj</name>
      </input_file>
      <input_file id="fl-d1">
         <path>C:\ti\ccs1230\ccs\tools\compiler\ti-cgt-arm_20.2.7.LTS\lib\</path>
         <kind>archive</kind>
         <file>rtsv7M4_T_le_v4SPD16_eabi.lib</file>
         <name>s_scalbn.c.obj</name>
      </input_file>
      <input_file id="fl-d2">
         <path>C:\ti\ccs1230\ccs\tools\compiler\ti-cgt-arm_20.2.7.LTS\lib\</path>
         <kind>archive</kind>
         <file>rtsv7M4_T_le_v4SPD16_eabi.lib</file>
         <name>sprintf.c.obj</name>
      </input_file>
      <input_file id="fl-d3">
         <path>C:\ti\ccs1230\ccs\tools\compiler\ti-cgt-arm_20.2.7.LTS\lib\</path>
         <kind>archive</kind>
         <file>rtsv7M4_T_le_v4SPD16_eabi.lib</file>
         <name>vsnprintf.c.obj</name>
      </input_file>
      <input_file id="fl-d4">
         <path>C:\ti\ccs1230\ccs\tools\compiler\ti-cgt-arm_20.2.7.LTS\lib\</path>
         <kind>archive</kind>
         <file>rtsv7M4_T_le_v4SPD16_eabi.lib</file>
         <name>fd_add_t2.asm.obj</name>
      </input_file>
      <input_file id="fl-d5">
         <path>C:\ti\ccs1230\ccs\tools\compiler\ti-cgt-arm_20.2.7.LTS\lib\</path>
         <kind>archive</kind>
         <file>rtsv7M4_T_le_v4SPD16_eabi.lib</file>
         <name>fd_cmp_t2.asm.obj</name>
      </input_file>
      <input_file id="fl-d6">
         <path>C:\ti\ccs1230\ccs\tools\compiler\ti-cgt-arm_20.2.7.LTS\lib\</path>
         <kind>archive</kind>
         <file>rtsv7M4_T_le_v4SPD16_eabi.lib</file>
         <name>fd_div_t2.asm.obj</name>
      </input_file>
      <input_file id="fl-d7">
         <path>C:\ti\ccs1230\ccs\tools\compiler\ti-cgt-arm_20.2.7.LTS\lib\</path>
         <kind>archive</kind>
         <file>rtsv7M4_T_le_v4SPD16_eabi.lib</file>
         <name>fd_mul_t2.asm.obj</name>
      </input_file>
      <input_file id="fl-d8">
         <path>C:\ti\ccs1230\ccs\tools\compiler\ti-cgt-arm_20.2.7.LTS\lib\</path>
         <kind>archive</kind>
         <file>rtsv7M4_T_le_v4SPD16_eabi.lib</file>
         <name>fd_tos_t2.asm.obj</name>
      </input_file>
      <input_file id="fl-d9">
         <path>C:\ti\ccs1230\ccs\tools\compiler\ti-cgt-arm_20.2.7.LTS\lib\</path>
         <kind>archive</kind>
         <file>rtsv7M4_T_le_v4SPD16_eabi.lib</file>
         <name>fs_tod_t2.asm.obj</name>
      </input_file>
      <input_file id="fl-da">
         <path>C:\ti\ccs1230\ccs\tools\compiler\ti-cgt-arm_20.2.7.LTS\lib\</path>
         <kind>archive</kind>
         <file>rtsv7M4_T_le_v4SPD16_eabi.lib</file>
         <name>i_tofd_t2.asm.obj</name>
      </input_file>
      <input_file id="fl-db">
         <path>C:\ti\ccs1230\ccs\tools\compiler\ti-cgt-arm_20.2.7.LTS\lib\</path>
         <kind>archive</kind>
         <file>rtsv7M4_T_le_v4SPD16_eabi.lib</file>
         <name>memcpy_t2.asm.obj</name>
      </input_file>
      <input_file id="fl-dc">
         <path>C:\ti\ccs1230\ccs\tools\compiler\ti-cgt-arm_20.2.7.LTS\lib\</path>
         <kind>archive</kind>
         <file>rtsv7M4_T_le_v4SPD16_eabi.lib</file>
         <name>memset_t2.asm.obj</name>
      </input_file>
      <input_file id="fl-dd">
         <path>C:\ti\ccs1230\ccs\tools\compiler\ti-cgt-arm_20.2.7.LTS\lib\</path>
         <kind>archive</kind>
         <file>rtsv7M4_T_le_v4SPD16_eabi.lib</file>
         <name>copy_zero_init.c.obj</name>
      </input_file>
      <input_file id="fl-de">
         <path>C:\ti\ccs1230\ccs\tools\compiler\ti-cgt-arm_20.2.7.LTS\lib\</path>
         <kind>archive</kind>
         <file>rtsv7M4_T_le_v4SPD16_eabi.lib</file>
         <name>copy_decompress_none.c.obj</name>
      </input_file>
      <input_file id="fl-df">
         <path>C:\ti\ccs1230\ccs\tools\compiler\ti-cgt-arm_20.2.7.LTS\lib\</path>
         <kind>archive</kind>
         <file>rtsv7M4_T_le_v4SPD16_eabi.lib</file>
         <name>copy_decompress_lzss.c.obj</name>
      </input_file>
      <input_file id="fl-e0">
         <path>C:\ti\ccs1230\ccs\tools\compiler\ti-cgt-arm_20.2.7.LTS\lib\</path>
         <kind>archive</kind>
         <file>rtsv7M4_T_le_v4SPD16_eabi.lib</file>
         <name>memory.c.obj</name>
      </input_file>
      <input_file id="fl-e1">
         <path>C:\ti\ccs1230\ccs\tools\compiler\ti-cgt-arm_20.2.7.LTS\lib\</path>
         <kind>archive</kind>
         <file>rtsv7M4_T_le_v4SPD16_eabi.lib</file>
         <name>strcmp.c.obj</name>
      </input_file>
      <input_file id="fl-e2">
         <path>C:\ti\ccs1230\ccs\tools\compiler\ti-cgt-arm_20.2.7.LTS\lib\</path>
         <kind>archive</kind>
         <file>rtsv7M4_T_le_v4SPD16_eabi.lib</file>
         <name>strcpy.c.obj</name>
      </input_file>
      <input_file id="fl-e3">
         <path>C:\ti\ccs1230\ccs\tools\compiler\ti-cgt-arm_20.2.7.LTS\lib\</path>
         <kind>archive</kind>
         <file>rtsv7M4_T_le_v4SPD16_eabi.lib</file>
         <name>strlen.c.obj</name>
      </input_file>
      <input_file id="fl-e4">
         <path>C:\ti\ccs1230\ccs\tools\compiler\ti-cgt-arm_20.2.7.LTS\lib\</path>
         <kind>archive</kind>
         <file>rtsv7M4_T_le_v4SPD16_eabi.lib</file>
         <name>boot_cortex_m.c.obj</name>
      </input_file>
      <input_file id="fl-e5">
         <path>C:\ti\ccs1230\ccs\tools\compiler\ti-cgt-arm_20.2.7.LTS\lib\</path>
         <kind>archive</kind>
         <file>rtsv7M4_T_le_v4SPD16_eabi.lib</file>
         <name>errno.c.obj</name>
      </input_file>
      <input_file id="fl-e6">
         <path>C:\ti\ccs1230\ccs\tools\compiler\ti-cgt-arm_20.2.7.LTS\lib\</path>
         <kind>archive</kind>
         <file>rtsv7M4_T_le_v4SPD16_eabi.lib</file>
         <name>s_copysign.c.obj</name>
      </input_file>
      <input_file id="fl-e7">
         <path>C:\ti\ccs1230\ccs\tools\compiler\ti-cgt-arm_20.2.7.LTS\lib\</path>
         <kind>archive</kind>
         <file>rtsv7M4_T_le_v4SPD16_eabi.lib</file>
         <name>_printfi.c.obj</name>
      </input_file>
      <input_file id="fl-e8">
         <path>C:\ti\ccs1230\ccs\tools\compiler\ti-cgt-arm_20.2.7.LTS\lib\</path>
         <kind>archive</kind>
         <file>rtsv7M4_T_le_v4SPD16_eabi.lib</file>
         <name>fd_toi_t2.asm.obj</name>
      </input_file>
      <input_file id="fl-e9">
         <path>C:\ti\ccs1230\ccs\tools\compiler\ti-cgt-arm_20.2.7.LTS\lib\</path>
         <kind>archive</kind>
         <file>rtsv7M4_T_le_v4SPD16_eabi.lib</file>
         <name>ull_div_t2.asm.obj</name>
      </input_file>
      <input_file id="fl-ea">
         <path>C:\ti\ccs1230\ccs\tools\compiler\ti-cgt-arm_20.2.7.LTS\lib\</path>
         <kind>archive</kind>
         <file>rtsv7M4_T_le_v4SPD16_eabi.lib</file>
         <name>autoinit.c.obj</name>
      </input_file>
      <input_file id="fl-eb">
         <path>C:\ti\ccs1230\ccs\tools\compiler\ti-cgt-arm_20.2.7.LTS\lib\</path>
         <kind>archive</kind>
         <file>rtsv7M4_T_le_v4SPD16_eabi.lib</file>
         <name>pre_init.c.obj</name>
      </input_file>
      <input_file id="fl-ec">
         <path>C:\ti\ccs1230\ccs\tools\compiler\ti-cgt-arm_20.2.7.LTS\lib\</path>
         <kind>archive</kind>
         <file>rtsv7M4_T_le_v4SPD16_eabi.lib</file>
         <name>cpy_tbl.c.obj</name>
      </input_file>
      <input_file id="fl-ed">
         <path>C:\ti\ccs1230\ccs\tools\compiler\ti-cgt-arm_20.2.7.LTS\lib\</path>
         <kind>archive</kind>
         <file>rtsv7M4_T_le_v4SPD16_eabi.lib</file>
         <name>exit.c.obj</name>
      </input_file>
      <input_file id="fl-ee">
         <path>C:\ti\ccs1230\ccs\tools\compiler\ti-cgt-arm_20.2.7.LTS\lib\</path>
         <kind>archive</kind>
         <file>rtsv7M4_T_le_v4SPD16_eabi.lib</file>
         <name>_lock.c.obj</name>
      </input_file>
      <input_file id="fl-ef">
         <path>C:\ti\ccs1230\ccs\tools\compiler\ti-cgt-arm_20.2.7.LTS\lib\</path>
         <kind>archive</kind>
         <file>rtsv7M4_T_le_v4SPD16_eabi.lib</file>
         <name>_ltoa.c.obj</name>
      </input_file>
      <input_file id="fl-f0">
         <path>C:\ti\ccs1230\ccs\tools\compiler\ti-cgt-arm_20.2.7.LTS\lib\</path>
         <kind>archive</kind>
         <file>rtsv7M4_T_le_v4SPD16_eabi.lib</file>
         <name>args_main.c.obj</name>
      </input_file>
      <input_file id="fl-f1">
         <path>C:\ti\ccs1230\ccs\tools\compiler\ti-cgt-arm_20.2.7.LTS\lib\</path>
         <kind>archive</kind>
         <file>rtsv7M4_T_le_v4SPD16_eabi.lib</file>
         <name>atoi.c.obj</name>
      </input_file>
      <input_file id="fl-f2">
         <path>C:\ti\ccs1230\ccs\tools\compiler\ti-cgt-arm_20.2.7.LTS\lib\</path>
         <kind>archive</kind>
         <file>rtsv7M4_T_le_v4SPD16_eabi.lib</file>
         <name>ctype.c.obj</name>
      </input_file>
      <input_file id="fl-f3">
         <path>C:\ti\ccs1230\ccs\tools\compiler\ti-cgt-arm_20.2.7.LTS\lib\</path>
         <kind>archive</kind>
         <file>rtsv7M4_T_le_v4SPD16_eabi.lib</file>
         <name>memccpy.c.obj</name>
      </input_file>
      <input_file id="fl-f4">
         <path>C:\ti\ccs1230\ccs\tools\compiler\ti-cgt-arm_20.2.7.LTS\lib\</path>
         <kind>archive</kind>
         <file>rtsv7M4_T_le_v4SPD16_eabi.lib</file>
         <name>strchr.c.obj</name>
      </input_file>
      <input_file id="fl-f5">
         <path>C:\ti\ccs1230\ccs\tools\compiler\ti-cgt-arm_20.2.7.LTS\lib\</path>
         <kind>archive</kind>
         <file>rtsv7M4_T_le_v4SPD16_eabi.lib</file>
         <name>wcslen.c.obj</name>
      </input_file>
      <input_file id="fl-f6">
         <path>C:\ti\ccs1230\ccs\tools\compiler\ti-cgt-arm_20.2.7.LTS\lib\</path>
         <kind>archive</kind>
         <file>rtsv7M4_T_le_v4SPD16_eabi.lib</file>
         <name>s_frexp.c.obj</name>
      </input_file>
      <input_file id="fl-f7">
         <path>C:\ti\ccs1230\ccs\tools\compiler\ti-cgt-arm_20.2.7.LTS\lib\</path>
         <kind>archive</kind>
         <file>rtsv7M4_T_le_v4SPD16_eabi.lib</file>
         <name>div0.asm.obj</name>
      </input_file>
   </input_file_list>
   <object_component_list>
      <object_component id="oc-12">
         <name>.intvecs</name>
         <load_address>0x0</load_address>
         <run_address>0x0</run_address>
         <size>0x26c</size>
         <input_file_ref idref="fl-b"/>
      </object_component>
      <object_component id="oc-ef">
         <name>.text</name>
         <load_address>0x26c</load_address>
         <run_address>0x26c</run_address>
         <size>0xc20</size>
         <input_file_ref idref="fl-a"/>
      </object_component>
      <object_component id="oc-213">
         <name>.text:__TI_printfi</name>
         <load_address>0xe8c</load_address>
         <run_address>0xe8c</run_address>
         <size>0xa4e</size>
         <input_file_ref idref="fl-e7"/>
      </object_component>
      <object_component id="oc-31d">
         <name>.text:_nop</name>
         <load_address>0x18da</load_address>
         <run_address>0x18da</run_address>
         <size>0x2</size>
         <input_file_ref idref="fl-ee"/>
      </object_component>
      <object_component id="oc-105">
         <name>.text:pow</name>
         <load_address>0x18dc</load_address>
         <run_address>0x18dc</run_address>
         <size>0x9d0</size>
         <input_file_ref idref="fl-cf"/>
      </object_component>
      <object_component id="oc-dd">
         <name>.text</name>
         <load_address>0x22ac</load_address>
         <run_address>0x22ac</run_address>
         <size>0x328</size>
         <input_file_ref idref="fl-5"/>
      </object_component>
      <object_component id="oc-2f8">
         <name>.text:_pconv_a</name>
         <load_address>0x25d4</load_address>
         <run_address>0x25d4</run_address>
         <size>0x270</size>
         <input_file_ref idref="fl-e7"/>
      </object_component>
      <object_component id="oc-e9">
         <name>.text</name>
         <load_address>0x2844</load_address>
         <run_address>0x2844</run_address>
         <size>0x260</size>
         <input_file_ref idref="fl-14"/>
      </object_component>
      <object_component id="oc-d7">
         <name>.text</name>
         <load_address>0x2aa4</load_address>
         <run_address>0x2aa4</run_address>
         <size>0x248</size>
         <input_file_ref idref="fl-2"/>
      </object_component>
      <object_component id="oc-199">
         <name>.text</name>
         <load_address>0x2cec</load_address>
         <run_address>0x2cec</run_address>
         <size>0x1ec</size>
         <input_file_ref idref="fl-16"/>
      </object_component>
      <object_component id="oc-2e6">
         <name>.text:_pconv_g</name>
         <load_address>0x2ed8</load_address>
         <run_address>0x2ed8</run_address>
         <size>0x1d0</size>
         <input_file_ref idref="fl-e7"/>
      </object_component>
      <object_component id="oc-1cf">
         <name>.text</name>
         <load_address>0x30a8</load_address>
         <run_address>0x30a8</run_address>
         <size>0x1b6</size>
         <input_file_ref idref="fl-d4"/>
      </object_component>
      <object_component id="oc-3e5">
         <name>.text</name>
         <load_address>0x325e</load_address>
         <run_address>0x325e</run_address>
         <size>0x2</size>
         <input_file_ref idref="fl-f7"/>
      </object_component>
      <object_component id="oc-193">
         <name>.text</name>
         <load_address>0x3260</load_address>
         <run_address>0x3260</run_address>
         <size>0x158</size>
         <input_file_ref idref="fl-17"/>
      </object_component>
      <object_component id="oc-1ec">
         <name>.text:sqrt</name>
         <load_address>0x33b8</load_address>
         <run_address>0x33b8</run_address>
         <size>0x158</size>
         <input_file_ref idref="fl-d0"/>
      </object_component>
      <object_component id="oc-2f2">
         <name>.text:_pconv_e</name>
         <load_address>0x3510</load_address>
         <run_address>0x3510</run_address>
         <size>0x13c</size>
         <input_file_ref idref="fl-e7"/>
      </object_component>
      <object_component id="oc-e3">
         <name>.text</name>
         <load_address>0x364c</load_address>
         <run_address>0x364c</run_address>
         <size>0x138</size>
         <input_file_ref idref="fl-d"/>
      </object_component>
      <object_component id="oc-100">
         <name>.text</name>
         <load_address>0x3784</load_address>
         <run_address>0x3784</run_address>
         <size>0x136</size>
         <input_file_ref idref="fl-d6"/>
      </object_component>
      <object_component id="oc-396">
         <name>.text:fcvt</name>
         <load_address>0x38bc</load_address>
         <run_address>0x38bc</run_address>
         <size>0x124</size>
         <input_file_ref idref="fl-e7"/>
      </object_component>
      <object_component id="oc-a2">
         <name>.text</name>
         <load_address>0x39e0</load_address>
         <run_address>0x39e0</run_address>
         <size>0x120</size>
         <input_file_ref idref="fl-4"/>
      </object_component>
      <object_component id="oc-19f">
         <name>.text</name>
         <load_address>0x3b00</load_address>
         <run_address>0x3b00</run_address>
         <size>0x118</size>
         <input_file_ref idref="fl-15"/>
      </object_component>
      <object_component id="oc-205">
         <name>.text:scalbn</name>
         <load_address>0x3c18</load_address>
         <run_address>0x3c18</run_address>
         <size>0x110</size>
         <input_file_ref idref="fl-d1"/>
      </object_component>
      <object_component id="oc-f5">
         <name>.text</name>
         <load_address>0x3d28</load_address>
         <run_address>0x3d28</run_address>
         <size>0x10c</size>
         <input_file_ref idref="fl-3"/>
      </object_component>
      <object_component id="oc-358">
         <name>.text:aligned_alloc</name>
         <load_address>0x3e34</load_address>
         <run_address>0x3e34</run_address>
         <size>0x100</size>
         <input_file_ref idref="fl-e0"/>
      </object_component>
      <object_component id="oc-1ca">
         <name>.text</name>
         <load_address>0x3f34</load_address>
         <run_address>0x3f34</run_address>
         <size>0xfc</size>
         <input_file_ref idref="fl-d7"/>
      </object_component>
      <object_component id="oc-1b4">
         <name>.text:free</name>
         <load_address>0x4030</load_address>
         <run_address>0x4030</run_address>
         <size>0xe4</size>
         <input_file_ref idref="fl-e0"/>
      </object_component>
      <object_component id="oc-2e0">
         <name>.text:_ltostr</name>
         <load_address>0x4114</load_address>
         <run_address>0x4114</run_address>
         <size>0xb1</size>
         <input_file_ref idref="fl-e7"/>
      </object_component>
      <object_component id="oc-3e">
         <name>.text</name>
         <load_address>0x41c6</load_address>
         <run_address>0x41c6</run_address>
         <size>0x9c</size>
         <input_file_ref idref="fl-db"/>
      </object_component>
      <object_component id="oc-378">
         <name>.text</name>
         <load_address>0x4262</load_address>
         <run_address>0x4262</run_address>
         <size>0x96</size>
         <input_file_ref idref="fl-e9"/>
      </object_component>
      <object_component id="oc-1fb">
         <name>.text:__aeabi_cdcmple</name>
         <load_address>0x42f8</load_address>
         <run_address>0x42f8</run_address>
         <size>0x86</size>
         <input_file_ref idref="fl-d5"/>
      </object_component>
      <object_component id="oc-200">
         <name>.text:__aeabi_cdrcmple</name>
         <load_address>0x437e</load_address>
         <run_address>0x437e</run_address>
         <size>0x86</size>
         <input_file_ref idref="fl-d5"/>
      </object_component>
      <object_component id="oc-96">
         <name>.text</name>
         <load_address>0x4404</load_address>
         <run_address>0x4404</run_address>
         <size>0x7a</size>
         <input_file_ref idref="fl-dc"/>
      </object_component>
      <object_component id="oc-3d7">
         <name>.text:split</name>
         <load_address>0x4480</load_address>
         <run_address>0x4480</run_address>
         <size>0x70</size>
         <input_file_ref idref="fl-e0"/>
      </object_component>
      <object_component id="oc-38f">
         <name>.text:_mcpy</name>
         <load_address>0x44f0</load_address>
         <run_address>0x44f0</run_address>
         <size>0x6e</size>
         <input_file_ref idref="fl-e7"/>
      </object_component>
      <object_component id="oc-1d7">
         <name>.text</name>
         <load_address>0x455e</load_address>
         <run_address>0x455e</run_address>
         <size>0x6e</size>
         <input_file_ref idref="fl-d8"/>
      </object_component>
      <object_component id="oc-15">
         <name>.text:decompress:lzss:__TI_decompress_lzss</name>
         <load_address>0x45cc</load_address>
         <run_address>0x45cc</run_address>
         <size>0x68</size>
         <input_file_ref idref="fl-df"/>
      </object_component>
      <object_component id="oc-3a4">
         <name>.text:frexp</name>
         <load_address>0x4634</load_address>
         <run_address>0x4634</run_address>
         <size>0x64</size>
         <input_file_ref idref="fl-f6"/>
      </object_component>
      <object_component id="oc-2ec">
         <name>.text:_pconv_f</name>
         <load_address>0x4698</load_address>
         <run_address>0x4698</run_address>
         <size>0x56</size>
         <input_file_ref idref="fl-e7"/>
      </object_component>
      <object_component id="oc-383">
         <name>.text:__TI_ltoa</name>
         <load_address>0x46ee</load_address>
         <run_address>0x46ee</run_address>
         <size>0x54</size>
         <input_file_ref idref="fl-ef"/>
      </object_component>
      <object_component id="oc-389">
         <name>.text:_ecpy</name>
         <load_address>0x4742</load_address>
         <run_address>0x4742</run_address>
         <size>0x52</size>
         <input_file_ref idref="fl-e7"/>
      </object_component>
      <object_component id="oc-2da">
         <name>.text:atoi</name>
         <load_address>0x4794</load_address>
         <run_address>0x4794</run_address>
         <size>0x4c</size>
         <input_file_ref idref="fl-f1"/>
      </object_component>
      <object_component id="oc-37e">
         <name>.text</name>
         <load_address>0x47e0</load_address>
         <run_address>0x47e0</run_address>
         <size>0x48</size>
         <input_file_ref idref="fl-e8"/>
      </object_component>
      <object_component id="oc-129">
         <name>.text:__TI_auto_init_nobinit_nopinit:__TI_auto_init_nobinit_nopinit</name>
         <load_address>0x4828</load_address>
         <run_address>0x4828</run_address>
         <size>0x44</size>
         <input_file_ref idref="fl-ea"/>
      </object_component>
      <object_component id="oc-10b">
         <name>.text:sprintf</name>
         <load_address>0x486c</load_address>
         <run_address>0x486c</run_address>
         <size>0x40</size>
         <input_file_ref idref="fl-d2"/>
      </object_component>
      <object_component id="oc-16f">
         <name>.text:vsnprintf</name>
         <load_address>0x48ac</load_address>
         <run_address>0x48ac</run_address>
         <size>0x40</size>
         <input_file_ref idref="fl-d3"/>
      </object_component>
      <object_component id="oc-39c">
         <name>.text:_fcpy</name>
         <load_address>0x48ec</load_address>
         <run_address>0x48ec</run_address>
         <size>0x3e</size>
         <input_file_ref idref="fl-e7"/>
      </object_component>
      <object_component id="oc-1ae">
         <name>.text:calloc</name>
         <load_address>0x492c</load_address>
         <run_address>0x492c</run_address>
         <size>0x38</size>
         <input_file_ref idref="fl-e0"/>
      </object_component>
      <object_component id="oc-1dc">
         <name>.text</name>
         <load_address>0x4964</load_address>
         <run_address>0x4964</run_address>
         <size>0x38</size>
         <input_file_ref idref="fl-d9"/>
      </object_component>
      <object_component id="oc-15d">
         <name>.text:IntRegister</name>
         <load_address>0x499c</load_address>
         <run_address>0x499c</run_address>
         <size>0x34</size>
         <input_file_ref idref="fl-18"/>
      </object_component>
      <object_component id="oc-5c">
         <name>.text:_c_int00_noargs:_c_int00_noargs</name>
         <load_address>0x49d0</load_address>
         <run_address>0x49d0</run_address>
         <size>0x34</size>
         <input_file_ref idref="fl-e4"/>
      </object_component>
      <object_component id="oc-261">
         <name>.text:_outs</name>
         <load_address>0x4a04</load_address>
         <run_address>0x4a04</run_address>
         <size>0x30</size>
         <input_file_ref idref="fl-d3"/>
      </object_component>
      <object_component id="oc-fb">
         <name>.text</name>
         <load_address>0x4a34</load_address>
         <run_address>0x4a34</run_address>
         <size>0x2e</size>
         <input_file_ref idref="fl-da"/>
      </object_component>
      <object_component id="oc-2a3">
         <name>.text:free_list_insert</name>
         <load_address>0x4a64</load_address>
         <run_address>0x4a64</run_address>
         <size>0x28</size>
         <input_file_ref idref="fl-e0"/>
      </object_component>
      <object_component id="oc-4a">
         <name>.text:decompress:ZI:__TI_zero_init_nomemset:__TI_zero_init_nomemset</name>
         <load_address>0x4a8c</load_address>
         <run_address>0x4a8c</run_address>
         <size>0x1c</size>
         <input_file_ref idref="fl-dd"/>
      </object_component>
      <object_component id="oc-29d">
         <name>.text:free_list_remove</name>
         <load_address>0x4aa8</load_address>
         <run_address>0x4aa8</run_address>
         <size>0x1c</size>
         <input_file_ref idref="fl-e0"/>
      </object_component>
      <object_component id="oc-2fe">
         <name>.text:memccpy</name>
         <load_address>0x4ac4</load_address>
         <run_address>0x4ac4</run_address>
         <size>0x1c</size>
         <input_file_ref idref="fl-f3"/>
      </object_component>
      <object_component id="oc-2c6">
         <name>.text:copysign</name>
         <load_address>0x4ae0</load_address>
         <run_address>0x4ae0</run_address>
         <size>0x1a</size>
         <input_file_ref idref="fl-e6"/>
      </object_component>
      <object_component id="oc-267">
         <name>.text:_outc</name>
         <load_address>0x4afa</load_address>
         <run_address>0x4afa</run_address>
         <size>0x18</size>
         <input_file_ref idref="fl-d3"/>
      </object_component>
      <object_component id="oc-219">
         <name>.text:_outs</name>
         <load_address>0x4b12</load_address>
         <run_address>0x4b12</run_address>
         <size>0x18</size>
         <input_file_ref idref="fl-d2"/>
      </object_component>
      <object_component id="oc-1ba">
         <name>.text:oi_parseInt</name>
         <load_address>0x4b2a</load_address>
         <run_address>0x4b2a</run_address>
         <size>0x18</size>
         <input_file_ref idref="fl-a"/>
      </object_component>
      <object_component id="oc-175">
         <name>.text:strcmp</name>
         <load_address>0x4b42</load_address>
         <run_address>0x4b42</run_address>
         <size>0x18</size>
         <input_file_ref idref="fl-e1"/>
      </object_component>
      <object_component id="oc-3aa">
         <name>.text:strchr</name>
         <load_address>0x4b5a</load_address>
         <run_address>0x4b5a</run_address>
         <size>0x16</size>
         <input_file_ref idref="fl-f4"/>
      </object_component>
      <object_component id="oc-17b">
         <name>.text:strcpy</name>
         <load_address>0x4b70</load_address>
         <run_address>0x4b70</run_address>
         <size>0x14</size>
         <input_file_ref idref="fl-e2"/>
      </object_component>
      <object_component id="oc-18b">
         <name>.text:strlen</name>
         <load_address>0x4b84</load_address>
         <run_address>0x4b84</run_address>
         <size>0x14</size>
         <input_file_ref idref="fl-e3"/>
      </object_component>
      <object_component id="oc-304">
         <name>.text:wcslen</name>
         <load_address>0x4b98</load_address>
         <run_address>0x4b98</run_address>
         <size>0x12</size>
         <input_file_ref idref="fl-f5"/>
      </object_component>
      <object_component id="oc-1c1">
         <name>.text:IntMasterEnable</name>
         <load_address>0x4baa</load_address>
         <run_address>0x4baa</run_address>
         <size>0x10</size>
         <input_file_ref idref="fl-18"/>
      </object_component>
      <object_component id="oc-168">
         <name>.text:lcd_clear</name>
         <load_address>0x4bba</load_address>
         <run_address>0x4bba</run_address>
         <size>0x10</size>
         <input_file_ref idref="fl-5"/>
      </object_component>
      <object_component id="oc-1b">
         <name>.text:decompress:none:__TI_decompress_none</name>
         <load_address>0x4bca</load_address>
         <run_address>0x4bca</run_address>
         <size>0xe</size>
         <input_file_ref idref="fl-de"/>
      </object_component>
      <object_component id="oc-2aa">
         <name>.text:CPUcpsie</name>
         <load_address>0x4bd8</load_address>
         <run_address>0x4bd8</run_address>
         <size>0xc</size>
         <input_file_ref idref="fl-19"/>
      </object_component>
      <object_component id="oc-2a">
         <name>.text</name>
         <load_address>0x4be4</load_address>
         <run_address>0x4be4</run_address>
         <size>0xc</size>
         <input_file_ref idref="fl-b"/>
      </object_component>
      <object_component id="oc-21f">
         <name>.text:_outc</name>
         <load_address>0x4bf0</load_address>
         <run_address>0x4bf0</run_address>
         <size>0xa</size>
         <input_file_ref idref="fl-d2"/>
      </object_component>
      <object_component id="oc-1f2">
         <name>.text:__aeabi_errno_addr</name>
         <load_address>0x4bfc</load_address>
         <run_address>0x4bfc</run_address>
         <size>0x8</size>
         <input_file_ref idref="fl-e5"/>
      </object_component>
      <object_component id="oc-296">
         <name>.text:malloc</name>
         <load_address>0x4c04</load_address>
         <run_address>0x4c04</run_address>
         <size>0x8</size>
         <input_file_ref idref="fl-e0"/>
      </object_component>
      <object_component id="oc-9c">
         <name>.text:_system_pre_init</name>
         <load_address>0x4c0c</load_address>
         <run_address>0x4c0c</run_address>
         <size>0x4</size>
         <input_file_ref idref="fl-eb"/>
      </object_component>
      <object_component id="oc-11d">
         <name>.text:abort:abort</name>
         <load_address>0x4c10</load_address>
         <run_address>0x4c10</run_address>
         <size>0x4</size>
         <input_file_ref idref="fl-ed"/>
      </object_component>
      <object_component id="oc-373">
         <name>.const:.string:_ctypes_</name>
         <load_address>0x4c18</load_address>
         <run_address>0x4c18</run_address>
         <size>0x101</size>
         <input_file_ref idref="fl-f2"/>
      </object_component>
      <object_component id="oc-181">
         <name>.const:.string:lineAddress$1</name>
         <load_address>0x4d19</load_address>
         <run_address>0x4d19</run_address>
         <size>0x4</size>
         <input_file_ref idref="fl-5"/>
      </object_component>
      <object_component id="oc-1f8">
         <name>.const:$O1$$</name>
         <load_address>0x4d20</load_address>
         <run_address>0x4d20</run_address>
         <size>0x30</size>
         <input_file_ref idref="fl-cf"/>
      </object_component>
      <object_component id="oc-1d4">
         <name>.const:.string:$P$T0$3</name>
         <load_address>0x4d50</load_address>
         <run_address>0x4d50</run_address>
         <size>0xf</size>
         <input_file_ref idref="fl-a"/>
      </object_component>
      <object_component id="oc-182">
         <name>.const:.string:lineAddresses$2</name>
         <load_address>0x4d5f</load_address>
         <run_address>0x4d5f</run_address>
         <size>0x4</size>
         <input_file_ref idref="fl-5"/>
      </object_component>
      <object_component id="oc-43a">
         <name>.cinit..data.load</name>
         <load_address>0x4d68</load_address>
         <run_address>0x4d68</run_address>
         <size>0x18</size>
      </object_component>
      <object_component id="oc-437">
         <name>__TI_handler_table</name>
         <load_address>0x4d80</load_address>
         <run_address>0x4d80</run_address>
         <size>0xc</size>
      </object_component>
      <object_component id="oc-43b">
         <name>.cinit..bss.load</name>
         <load_address>0x4d90</load_address>
         <run_address>0x4d90</run_address>
         <size>0x8</size>
      </object_component>
      <object_component id="oc-439">
         <name>.cinit..vtable.load</name>
         <load_address>0x4d98</load_address>
         <run_address>0x4d98</run_address>
         <size>0x8</size>
      </object_component>
      <object_component id="oc-438">
         <name>__TI_cinit_table</name>
         <load_address>0x4da0</load_address>
         <run_address>0x4da0</run_address>
         <size>0x18</size>
      </object_component>
      <object_component id="oc-255">
         <name>.vtable</name>
         <uninitialized>true</uninitialized>
         <run_address>0x20000000</run_address>
         <size>0x26c</size>
         <input_file_ref idref="fl-18"/>
      </object_component>
      <object_component id="oc-163">
         <name>.data</name>
         <load_address>0x20002334</load_address>
         <run_address>0x20002334</run_address>
         <size>0x1</size>
         <input_file_ref idref="fl-2"/>
      </object_component>
      <object_component id="oc-1c7">
         <name>.data</name>
         <load_address>0x200022fc</load_address>
         <run_address>0x200022fc</run_address>
         <size>0x20</size>
         <input_file_ref idref="fl-a"/>
      </object_component>
      <object_component id="oc-1a5">
         <name>.data</name>
         <load_address>0x2000232c</load_address>
         <run_address>0x2000232c</run_address>
         <size>0x4</size>
         <input_file_ref idref="fl-14"/>
      </object_component>
      <object_component id="oc-35f">
         <name>.data:$O1$$</name>
         <load_address>0x20002324</load_address>
         <run_address>0x20002324</run_address>
         <size>0x8</size>
         <input_file_ref idref="fl-e0"/>
      </object_component>
      <object_component id="oc-2bd">
         <name>.data</name>
         <load_address>0x20002330</load_address>
         <run_address>0x20002330</run_address>
         <size>0x4</size>
         <input_file_ref idref="fl-e5"/>
      </object_component>
      <object_component id="oc-239">
         <name>.data:$O1$$</name>
         <load_address>0x2000231c</load_address>
         <run_address>0x2000231c</run_address>
         <size>0x8</size>
         <input_file_ref idref="fl-ee"/>
      </object_component>
      <object_component id="oc-183">
         <name>.bss:lastbuffer$3</name>
         <uninitialized>true</uninitialized>
         <run_address>0x20002270</run_address>
         <size>0x54</size>
         <input_file_ref idref="fl-5"/>
      </object_component>
      <object_component id="oc-1e1">
         <name>.bss:firmware$2</name>
         <uninitialized>true</uninitialized>
         <run_address>0x200022c4</run_address>
         <size>0x18</size>
         <input_file_ref idref="fl-a"/>
      </object_component>
      <object_component id="oc-166">
         <name>.common:_timeout_ticks</name>
         <uninitialized>true</uninitialized>
         <run_address>0x200022dc</run_address>
         <size>0x4</size>
      </object_component>
      <object_component id="oc-111">
         <name>.common:right_calibration_value</name>
         <uninitialized>true</uninitialized>
         <run_address>0x200022f0</run_address>
         <size>0x4</size>
      </object_component>
      <object_component id="oc-116">
         <name>.common:left_calibration_value</name>
         <uninitialized>true</uninitialized>
         <run_address>0x200022e8</run_address>
         <size>0x4</size>
      </object_component>
      <object_component id="oc-290">
         <name>.common:isr_int_value</name>
         <uninitialized>true</uninitialized>
         <run_address>0x200022e4</run_address>
         <size>0x4</size>
      </object_component>
      <object_component id="oc-28c">
         <name>.common:risingEdge</name>
         <uninitialized>true</uninitialized>
         <run_address>0x200022f4</run_address>
         <size>0x4</size>
      </object_component>
      <object_component id="oc-28d">
         <name>.common:fallingEdge</name>
         <uninitialized>true</uninitialized>
         <run_address>0x200022e0</run_address>
         <size>0x4</size>
      </object_component>
      <object_component id="oc-28e">
         <name>.common:pulseLength</name>
         <uninitialized>true</uninitialized>
         <run_address>0x200022ec</run_address>
         <size>0x4</size>
      </object_component>
      <object_component id="oc-289">
         <name>.common:isRisingEdge</name>
         <uninitialized>true</uninitialized>
         <run_address>0x200022f8</run_address>
         <size>0x1</size>
      </object_component>
      <object_component id="oc-24">
         <name>.sysmem</name>
         <uninitialized>true</uninitialized>
         <run_address>0x20001270</run_address>
         <size>0x10</size>
         <input_file_ref idref="fl-e0"/>
      </object_component>
      <object_component id="oc-43e">
         <name>.sysmem</name>
         <uninitialized>true</uninitialized>
         <run_address>0x20001270</run_address>
         <size>0x0</size>
      </object_component>
      <object_component id="oc-27">
         <name>.stack</name>
         <uninitialized>true</uninitialized>
         <run_address>0x20000270</run_address>
         <size>0x4</size>
         <input_file_ref idref="fl-e4"/>
      </object_component>
      <object_component id="oc-43d">
         <name>.stack</name>
         <uninitialized>true</uninitialized>
         <run_address>0x20000270</run_address>
         <size>0x0</size>
      </object_component>
      <object_component id="oc-c5">
         <name>.debug_info</name>
         <load_address>0x0</load_address>
         <run_address>0x0</run_address>
         <size>0x2b1</size>
         <input_file_ref idref="fl-2"/>
      </object_component>
      <object_component id="oc-164">
         <name>.debug_info</name>
         <load_address>0x2b1</load_address>
         <run_address>0x2b1</run_address>
         <size>0xbf</size>
         <input_file_ref idref="fl-2"/>
      </object_component>
      <object_component id="oc-d8">
         <name>.debug_info</name>
         <load_address>0x370</load_address>
         <run_address>0x370</run_address>
         <size>0x507</size>
         <input_file_ref idref="fl-2"/>
      </object_component>
      <object_component id="oc-77">
         <name>.debug_info</name>
         <load_address>0x877</load_address>
         <run_address>0x877</run_address>
         <size>0x26b</size>
         <input_file_ref idref="fl-2"/>
      </object_component>
      <object_component id="oc-39">
         <name>.debug_info</name>
         <load_address>0xae2</load_address>
         <run_address>0xae2</run_address>
         <size>0x84</size>
         <input_file_ref idref="fl-2"/>
      </object_component>
      <object_component id="oc-c0">
         <name>.debug_info</name>
         <load_address>0xb66</load_address>
         <run_address>0xb66</run_address>
         <size>0x2a4</size>
         <input_file_ref idref="fl-2"/>
      </object_component>
      <object_component id="oc-7c">
         <name>.debug_info</name>
         <load_address>0xe0a</load_address>
         <run_address>0xe0a</run_address>
         <size>0xbb</size>
         <input_file_ref idref="fl-2"/>
      </object_component>
      <object_component id="oc-31a">
         <name>.debug_info</name>
         <load_address>0xec5</load_address>
         <run_address>0xec5</run_address>
         <size>0x254</size>
         <input_file_ref idref="fl-3"/>
      </object_component>
      <object_component id="oc-f8">
         <name>.debug_info</name>
         <load_address>0x1119</load_address>
         <run_address>0x1119</run_address>
         <size>0x140</size>
         <input_file_ref idref="fl-3"/>
      </object_component>
      <object_component id="oc-27f">
         <name>.debug_info</name>
         <load_address>0x1259</load_address>
         <run_address>0x1259</run_address>
         <size>0xcc</size>
         <input_file_ref idref="fl-3"/>
      </object_component>
      <object_component id="oc-186">
         <name>.debug_info</name>
         <load_address>0x1325</load_address>
         <run_address>0x1325</run_address>
         <size>0x2c</size>
         <input_file_ref idref="fl-3"/>
      </object_component>
      <object_component id="oc-22e">
         <name>.debug_info</name>
         <load_address>0x1351</load_address>
         <run_address>0x1351</run_address>
         <size>0x35</size>
         <input_file_ref idref="fl-3"/>
      </object_component>
      <object_component id="oc-112">
         <name>.debug_info</name>
         <load_address>0x1386</load_address>
         <run_address>0x1386</run_address>
         <size>0x6b7</size>
         <input_file_ref idref="fl-4"/>
      </object_component>
      <object_component id="oc-a3">
         <name>.debug_info</name>
         <load_address>0x1a3d</load_address>
         <run_address>0x1a3d</run_address>
         <size>0x591</size>
         <input_file_ref idref="fl-4"/>
      </object_component>
      <object_component id="oc-118">
         <name>.debug_info</name>
         <load_address>0x1fce</load_address>
         <run_address>0x1fce</run_address>
         <size>0x9d</size>
         <input_file_ref idref="fl-4"/>
      </object_component>
      <object_component id="oc-229">
         <name>.debug_info</name>
         <load_address>0x206b</load_address>
         <run_address>0x206b</run_address>
         <size>0x5aa</size>
         <input_file_ref idref="fl-4"/>
      </object_component>
      <object_component id="oc-185">
         <name>.debug_info</name>
         <load_address>0x2615</load_address>
         <run_address>0x2615</run_address>
         <size>0x37f</size>
         <input_file_ref idref="fl-5"/>
      </object_component>
      <object_component id="oc-169">
         <name>.debug_info</name>
         <load_address>0x2994</load_address>
         <run_address>0x2994</run_address>
         <size>0x114</size>
         <input_file_ref idref="fl-5"/>
      </object_component>
      <object_component id="oc-de">
         <name>.debug_info</name>
         <load_address>0x2aa8</load_address>
         <run_address>0x2aa8</run_address>
         <size>0x8a0</size>
         <input_file_ref idref="fl-5"/>
      </object_component>
      <object_component id="oc-1e3">
         <name>.debug_info</name>
         <load_address>0x3348</load_address>
         <run_address>0x3348</run_address>
         <size>0x3fc</size>
         <input_file_ref idref="fl-a"/>
      </object_component>
      <object_component id="oc-1c8">
         <name>.debug_info</name>
         <load_address>0x3744</load_address>
         <run_address>0x3744</run_address>
         <size>0x111</size>
         <input_file_ref idref="fl-a"/>
      </object_component>
      <object_component id="oc-1d5">
         <name>.debug_info</name>
         <load_address>0x3855</load_address>
         <run_address>0x3855</run_address>
         <size>0xc6</size>
         <input_file_ref idref="fl-a"/>
      </object_component>
      <object_component id="oc-1bc">
         <name>.debug_info</name>
         <load_address>0x391b</load_address>
         <run_address>0x391b</run_address>
         <size>0x13e</size>
         <input_file_ref idref="fl-a"/>
      </object_component>
      <object_component id="oc-f0">
         <name>.debug_info</name>
         <load_address>0x3a59</load_address>
         <run_address>0x3a59</run_address>
         <size>0x1988</size>
         <input_file_ref idref="fl-a"/>
      </object_component>
      <object_component id="oc-1e4">
         <name>.debug_info</name>
         <load_address>0x53e1</load_address>
         <run_address>0x53e1</run_address>
         <size>0x8b</size>
         <input_file_ref idref="fl-a"/>
      </object_component>
      <object_component id="oc-32">
         <name>.debug_info</name>
         <load_address>0x546c</load_address>
         <run_address>0x546c</run_address>
         <size>0x29b</size>
         <input_file_ref idref="fl-b"/>
      </object_component>
      <object_component id="oc-13">
         <name>.debug_info</name>
         <load_address>0x5707</load_address>
         <run_address>0x5707</run_address>
         <size>0xda</size>
         <input_file_ref idref="fl-b"/>
      </object_component>
      <object_component id="oc-2e">
         <name>.debug_info</name>
         <load_address>0x57e1</load_address>
         <run_address>0x57e1</run_address>
         <size>0x256</size>
         <input_file_ref idref="fl-b"/>
      </object_component>
      <object_component id="oc-192">
         <name>.debug_info</name>
         <load_address>0x5a37</load_address>
         <run_address>0x5a37</run_address>
         <size>0x272</size>
         <input_file_ref idref="fl-d"/>
      </object_component>
      <object_component id="oc-e4">
         <name>.debug_info</name>
         <load_address>0x5ca9</load_address>
         <run_address>0x5ca9</run_address>
         <size>0x303</size>
         <input_file_ref idref="fl-d"/>
      </object_component>
      <object_component id="oc-114">
         <name>.debug_info</name>
         <load_address>0x5fac</load_address>
         <run_address>0x5fac</run_address>
         <size>0x485</size>
         <input_file_ref idref="fl-14"/>
      </object_component>
      <object_component id="oc-1a6">
         <name>.debug_info</name>
         <load_address>0x6431</load_address>
         <run_address>0x6431</run_address>
         <size>0x114</size>
         <input_file_ref idref="fl-14"/>
      </object_component>
      <object_component id="oc-ec">
         <name>.debug_info</name>
         <load_address>0x6545</load_address>
         <run_address>0x6545</run_address>
         <size>0x4ce</size>
         <input_file_ref idref="fl-14"/>
      </object_component>
      <object_component id="oc-1a9">
         <name>.debug_info</name>
         <load_address>0x6a13</load_address>
         <run_address>0x6a13</run_address>
         <size>0x9d</size>
         <input_file_ref idref="fl-14"/>
      </object_component>
      <object_component id="oc-291">
         <name>.debug_info</name>
         <load_address>0x6ab0</load_address>
         <run_address>0x6ab0</run_address>
         <size>0x2b7</size>
         <input_file_ref idref="fl-15"/>
      </object_component>
      <object_component id="oc-1a0">
         <name>.debug_info</name>
         <load_address>0x6d67</load_address>
         <run_address>0x6d67</run_address>
         <size>0x266</size>
         <input_file_ref idref="fl-15"/>
      </object_component>
      <object_component id="oc-28a">
         <name>.debug_info</name>
         <load_address>0x6fcd</load_address>
         <run_address>0x6fcd</run_address>
         <size>0x3ba</size>
         <input_file_ref idref="fl-16"/>
      </object_component>
      <object_component id="oc-19a">
         <name>.debug_info</name>
         <load_address>0x7387</load_address>
         <run_address>0x7387</run_address>
         <size>0x270</size>
         <input_file_ref idref="fl-16"/>
      </object_component>
      <object_component id="oc-194">
         <name>.debug_info</name>
         <load_address>0x75f7</load_address>
         <run_address>0x75f7</run_address>
         <size>0x296</size>
         <input_file_ref idref="fl-17"/>
      </object_component>
      <object_component id="oc-25e">
         <name>.debug_info</name>
         <load_address>0x788d</load_address>
         <run_address>0x788d</run_address>
         <size>0x3b7</size>
         <input_file_ref idref="fl-18"/>
      </object_component>
      <object_component id="oc-256">
         <name>.debug_info</name>
         <load_address>0x7c44</load_address>
         <run_address>0x7c44</run_address>
         <size>0x160</size>
         <input_file_ref idref="fl-18"/>
      </object_component>
      <object_component id="oc-15e">
         <name>.debug_info</name>
         <load_address>0x7da4</load_address>
         <run_address>0x7da4</run_address>
         <size>0x2ca</size>
         <input_file_ref idref="fl-18"/>
      </object_component>
      <object_component id="oc-1c2">
         <name>.debug_info</name>
         <load_address>0x806e</load_address>
         <run_address>0x806e</run_address>
         <size>0x247</size>
         <input_file_ref idref="fl-18"/>
      </object_component>
      <object_component id="oc-345">
         <name>.debug_info</name>
         <load_address>0x82b5</load_address>
         <run_address>0x82b5</run_address>
         <size>0x26b</size>
         <input_file_ref idref="fl-18"/>
      </object_component>
      <object_component id="oc-33e">
         <name>.debug_info</name>
         <load_address>0x8520</load_address>
         <run_address>0x8520</run_address>
         <size>0x297</size>
         <input_file_ref idref="fl-18"/>
      </object_component>
      <object_component id="oc-259">
         <name>.debug_info</name>
         <load_address>0x87b7</load_address>
         <run_address>0x87b7</run_address>
         <size>0xbb</size>
         <input_file_ref idref="fl-18"/>
      </object_component>
      <object_component id="oc-2ab">
         <name>.debug_info</name>
         <load_address>0x8872</load_address>
         <run_address>0x8872</run_address>
         <size>0x21b</size>
         <input_file_ref idref="fl-19"/>
      </object_component>
      <object_component id="oc-211">
         <name>.debug_info</name>
         <load_address>0x8a8d</load_address>
         <run_address>0x8a8d</run_address>
         <size>0x35e</size>
         <input_file_ref idref="fl-cf"/>
      </object_component>
      <object_component id="oc-1f9">
         <name>.debug_info</name>
         <load_address>0x8deb</load_address>
         <run_address>0x8deb</run_address>
         <size>0x128</size>
         <input_file_ref idref="fl-cf"/>
      </object_component>
      <object_component id="oc-106">
         <name>.debug_info</name>
         <load_address>0x8f13</load_address>
         <run_address>0x8f13</run_address>
         <size>0xbf2</size>
         <input_file_ref idref="fl-cf"/>
      </object_component>
      <object_component id="oc-2d3">
         <name>.debug_info</name>
         <load_address>0x9b05</load_address>
         <run_address>0x9b05</run_address>
         <size>0x46</size>
         <input_file_ref idref="fl-cf"/>
      </object_component>
      <object_component id="oc-20c">
         <name>.debug_info</name>
         <load_address>0x9b4b</load_address>
         <run_address>0x9b4b</run_address>
         <size>0x39</size>
         <input_file_ref idref="fl-cf"/>
      </object_component>
      <object_component id="oc-2bc">
         <name>.debug_info</name>
         <load_address>0x9b84</load_address>
         <run_address>0x9b84</run_address>
         <size>0x2c5</size>
         <input_file_ref idref="fl-d0"/>
      </object_component>
      <object_component id="oc-1ed">
         <name>.debug_info</name>
         <load_address>0x9e49</load_address>
         <run_address>0x9e49</run_address>
         <size>0x24e</size>
         <input_file_ref idref="fl-d0"/>
      </object_component>
      <object_component id="oc-2cd">
         <name>.debug_info</name>
         <load_address>0xa097</load_address>
         <run_address>0xa097</run_address>
         <size>0x2f8</size>
         <input_file_ref idref="fl-d1"/>
      </object_component>
      <object_component id="oc-207">
         <name>.debug_info</name>
         <load_address>0xa38f</load_address>
         <run_address>0xa38f</run_address>
         <size>0x225</size>
         <input_file_ref idref="fl-d1"/>
      </object_component>
      <object_component id="oc-36e">
         <name>.debug_info</name>
         <load_address>0xa5b4</load_address>
         <run_address>0xa5b4</run_address>
         <size>0x39</size>
         <input_file_ref idref="fl-d1"/>
      </object_component>
      <object_component id="oc-2ce">
         <name>.debug_info</name>
         <load_address>0xa5ed</load_address>
         <run_address>0xa5ed</run_address>
         <size>0x2c</size>
         <input_file_ref idref="fl-d1"/>
      </object_component>
      <object_component id="oc-226">
         <name>.debug_info</name>
         <load_address>0xa619</load_address>
         <run_address>0xa619</run_address>
         <size>0x333</size>
         <input_file_ref idref="fl-d2"/>
      </object_component>
      <object_component id="oc-10c">
         <name>.debug_info</name>
         <load_address>0xa94c</load_address>
         <run_address>0xa94c</run_address>
         <size>0x1d1</size>
         <input_file_ref idref="fl-d2"/>
      </object_component>
      <object_component id="oc-21d">
         <name>.debug_info</name>
         <load_address>0xab1d</load_address>
         <run_address>0xab1d</run_address>
         <size>0x18d</size>
         <input_file_ref idref="fl-d2"/>
      </object_component>
      <object_component id="oc-220">
         <name>.debug_info</name>
         <load_address>0xacaa</load_address>
         <run_address>0xacaa</run_address>
         <size>0x16d</size>
         <input_file_ref idref="fl-d2"/>
      </object_component>
      <object_component id="oc-26f">
         <name>.debug_info</name>
         <load_address>0xae17</load_address>
         <run_address>0xae17</run_address>
         <size>0x2c</size>
         <input_file_ref idref="fl-d2"/>
      </object_component>
      <object_component id="oc-26e">
         <name>.debug_info</name>
         <load_address>0xae43</load_address>
         <run_address>0xae43</run_address>
         <size>0x340</size>
         <input_file_ref idref="fl-d3"/>
      </object_component>
      <object_component id="oc-170">
         <name>.debug_info</name>
         <load_address>0xb183</load_address>
         <run_address>0xb183</run_address>
         <size>0x208</size>
         <input_file_ref idref="fl-d3"/>
      </object_component>
      <object_component id="oc-263">
         <name>.debug_info</name>
         <load_address>0xb38b</load_address>
         <run_address>0xb38b</run_address>
         <size>0x1c6</size>
         <input_file_ref idref="fl-d3"/>
      </object_component>
      <object_component id="oc-269">
         <name>.debug_info</name>
         <load_address>0xb551</load_address>
         <run_address>0xb551</run_address>
         <size>0x179</size>
         <input_file_ref idref="fl-d3"/>
      </object_component>
      <object_component id="oc-274">
         <name>.debug_info</name>
         <load_address>0xb6ca</load_address>
         <run_address>0xb6ca</run_address>
         <size>0x69</size>
         <input_file_ref idref="fl-d3"/>
      </object_component>
      <object_component id="oc-1d2">
         <name>.debug_info</name>
         <load_address>0xb733</load_address>
         <run_address>0xb733</run_address>
         <size>0x14c</size>
         <input_file_ref idref="fl-d4"/>
      </object_component>
      <object_component id="oc-1fd">
         <name>.debug_info</name>
         <load_address>0xb87f</load_address>
         <run_address>0xb87f</run_address>
         <size>0x128</size>
         <input_file_ref idref="fl-d5"/>
      </object_component>
      <object_component id="oc-201">
         <name>.debug_info</name>
         <load_address>0xb9a7</load_address>
         <run_address>0xb9a7</run_address>
         <size>0x12a</size>
         <input_file_ref idref="fl-d5"/>
      </object_component>
      <object_component id="oc-101">
         <name>.debug_info</name>
         <load_address>0xbad1</load_address>
         <run_address>0xbad1</run_address>
         <size>0x13a</size>
         <input_file_ref idref="fl-d6"/>
      </object_component>
      <object_component id="oc-1cc">
         <name>.debug_info</name>
         <load_address>0xbc0b</load_address>
         <run_address>0xbc0b</run_address>
         <size>0x13a</size>
         <input_file_ref idref="fl-d7"/>
      </object_component>
      <object_component id="oc-1d9">
         <name>.debug_info</name>
         <load_address>0xbd45</load_address>
         <run_address>0xbd45</run_address>
         <size>0x13e</size>
         <input_file_ref idref="fl-d8"/>
      </object_component>
      <object_component id="oc-1dd">
         <name>.debug_info</name>
         <load_address>0xbe83</load_address>
         <run_address>0xbe83</run_address>
         <size>0x12c</size>
         <input_file_ref idref="fl-d9"/>
      </object_component>
      <object_component id="oc-fc">
         <name>.debug_info</name>
         <load_address>0xbfaf</load_address>
         <run_address>0xbfaf</run_address>
         <size>0x12c</size>
         <input_file_ref idref="fl-da"/>
      </object_component>
      <object_component id="oc-3f">
         <name>.debug_info</name>
         <load_address>0xc0db</load_address>
         <run_address>0xc0db</run_address>
         <size>0x119</size>
         <input_file_ref idref="fl-db"/>
      </object_component>
      <object_component id="oc-99">
         <name>.debug_info</name>
         <load_address>0xc1f4</load_address>
         <run_address>0xc1f4</run_address>
         <size>0x147</size>
         <input_file_ref idref="fl-dc"/>
      </object_component>
      <object_component id="oc-95">
         <name>.debug_info</name>
         <load_address>0xc33b</load_address>
         <run_address>0xc33b</run_address>
         <size>0x2d4</size>
         <input_file_ref idref="fl-dd"/>
      </object_component>
      <object_component id="oc-4e">
         <name>.debug_info</name>
         <load_address>0xc60f</load_address>
         <run_address>0xc60f</run_address>
         <size>0x1d2</size>
         <input_file_ref idref="fl-dd"/>
      </object_component>
      <object_component id="oc-90">
         <name>.debug_info</name>
         <load_address>0xc7e1</load_address>
         <run_address>0xc7e1</run_address>
         <size>0x46</size>
         <input_file_ref idref="fl-dd"/>
      </object_component>
      <object_component id="oc-ce">
         <name>.debug_info</name>
         <load_address>0xc827</load_address>
         <run_address>0xc827</run_address>
         <size>0x2c</size>
         <input_file_ref idref="fl-dd"/>
      </object_component>
      <object_component id="oc-49">
         <name>.debug_info</name>
         <load_address>0xc853</load_address>
         <run_address>0xc853</run_address>
         <size>0x2a8</size>
         <input_file_ref idref="fl-de"/>
      </object_component>
      <object_component id="oc-1e">
         <name>.debug_info</name>
         <load_address>0xcafb</load_address>
         <run_address>0xcafb</run_address>
         <size>0x1ea</size>
         <input_file_ref idref="fl-de"/>
      </object_component>
      <object_component id="oc-44">
         <name>.debug_info</name>
         <load_address>0xcce5</load_address>
         <run_address>0xcce5</run_address>
         <size>0x46</size>
         <input_file_ref idref="fl-de"/>
      </object_component>
      <object_component id="oc-88">
         <name>.debug_info</name>
         <load_address>0xcd2b</load_address>
         <run_address>0xcd2b</run_address>
         <size>0x2c</size>
         <input_file_ref idref="fl-de"/>
      </object_component>
      <object_component id="oc-86">
         <name>.debug_info</name>
         <load_address>0xcd57</load_address>
         <run_address>0xcd57</run_address>
         <size>0x29e</size>
         <input_file_ref idref="fl-df"/>
      </object_component>
      <object_component id="oc-16">
         <name>.debug_info</name>
         <load_address>0xcff5</load_address>
         <run_address>0xcff5</run_address>
         <size>0x250</size>
         <input_file_ref idref="fl-df"/>
      </object_component>
      <object_component id="oc-34">
         <name>.debug_info</name>
         <load_address>0xd245</load_address>
         <run_address>0xd245</run_address>
         <size>0x60</size>
         <input_file_ref idref="fl-df"/>
      </object_component>
      <object_component id="oc-c7">
         <name>.debug_info</name>
         <load_address>0xd2a5</load_address>
         <run_address>0xd2a5</run_address>
         <size>0x46</size>
         <input_file_ref idref="fl-df"/>
      </object_component>
      <object_component id="oc-81">
         <name>.debug_info</name>
         <load_address>0xd2eb</load_address>
         <run_address>0xd2eb</run_address>
         <size>0x39</size>
         <input_file_ref idref="fl-df"/>
      </object_component>
      <object_component id="oc-70">
         <name>.debug_info</name>
         <load_address>0xd324</load_address>
         <run_address>0xd324</run_address>
         <size>0x3b2</size>
         <input_file_ref idref="fl-e0"/>
      </object_component>
      <object_component id="oc-25">
         <name>.debug_info</name>
         <load_address>0xd6d6</load_address>
         <run_address>0xd6d6</run_address>
         <size>0x10c</size>
         <input_file_ref idref="fl-e0"/>
      </object_component>
      <object_component id="oc-360">
         <name>.debug_info</name>
         <load_address>0xd7e2</load_address>
         <run_address>0xd7e2</run_address>
         <size>0x13f</size>
         <input_file_ref idref="fl-e0"/>
      </object_component>
      <object_component id="oc-29a">
         <name>.debug_info</name>
         <load_address>0xd921</load_address>
         <run_address>0xd921</run_address>
         <size>0x168</size>
         <input_file_ref idref="fl-e0"/>
      </object_component>
      <object_component id="oc-2a1">
         <name>.debug_info</name>
         <load_address>0xda89</load_address>
         <run_address>0xda89</run_address>
         <size>0x18e</size>
         <input_file_ref idref="fl-e0"/>
      </object_component>
      <object_component id="oc-2a7">
         <name>.debug_info</name>
         <load_address>0xdc17</load_address>
         <run_address>0xdc17</run_address>
         <size>0x19f</size>
         <input_file_ref idref="fl-e0"/>
      </object_component>
      <object_component id="oc-1b8">
         <name>.debug_info</name>
         <load_address>0xddb6</load_address>
         <run_address>0xddb6</run_address>
         <size>0x203</size>
         <input_file_ref idref="fl-e0"/>
      </object_component>
      <object_component id="oc-3db">
         <name>.debug_info</name>
         <load_address>0xdfb9</load_address>
         <run_address>0xdfb9</run_address>
         <size>0x1db</size>
         <input_file_ref idref="fl-e0"/>
      </object_component>
      <object_component id="oc-1b2">
         <name>.debug_info</name>
         <load_address>0xe194</load_address>
         <run_address>0xe194</run_address>
         <size>0x1a5</size>
         <input_file_ref idref="fl-e0"/>
      </object_component>
      <object_component id="oc-35c">
         <name>.debug_info</name>
         <load_address>0xe339</load_address>
         <run_address>0xe339</run_address>
         <size>0x299</size>
         <input_file_ref idref="fl-e0"/>
      </object_component>
      <object_component id="oc-bb">
         <name>.debug_info</name>
         <load_address>0xe5d2</load_address>
         <run_address>0xe5d2</run_address>
         <size>0xb2</size>
         <input_file_ref idref="fl-e0"/>
      </object_component>
      <object_component id="oc-b6">
         <name>.debug_info</name>
         <load_address>0xe684</load_address>
         <run_address>0xe684</run_address>
         <size>0x2c</size>
         <input_file_ref idref="fl-e0"/>
      </object_component>
      <object_component id="oc-27a">
         <name>.debug_info</name>
         <load_address>0xe6b0</load_address>
         <run_address>0xe6b0</run_address>
         <size>0x28a</size>
         <input_file_ref idref="fl-e1"/>
      </object_component>
      <object_component id="oc-179">
         <name>.debug_info</name>
         <load_address>0xe93a</load_address>
         <run_address>0xe93a</run_address>
         <size>0x273</size>
         <input_file_ref idref="fl-e1"/>
      </object_component>
      <object_component id="oc-27c">
         <name>.debug_info</name>
         <load_address>0xebad</load_address>
         <run_address>0xebad</run_address>
         <size>0x2a4</size>
         <input_file_ref idref="fl-e2"/>
      </object_component>
      <object_component id="oc-17f">
         <name>.debug_info</name>
         <load_address>0xee51</load_address>
         <run_address>0xee51</run_address>
         <size>0x24d</size>
         <input_file_ref idref="fl-e2"/>
      </object_component>
      <object_component id="oc-285">
         <name>.debug_info</name>
         <load_address>0xf09e</load_address>
         <run_address>0xf09e</run_address>
         <size>0x28f</size>
         <input_file_ref idref="fl-e3"/>
      </object_component>
      <object_component id="oc-18c">
         <name>.debug_info</name>
         <load_address>0xf32d</load_address>
         <run_address>0xf32d</run_address>
         <size>0x245</size>
         <input_file_ref idref="fl-e3"/>
      </object_component>
      <object_component id="oc-28">
         <name>.debug_info</name>
         <load_address>0xf572</load_address>
         <run_address>0xf572</run_address>
         <size>0x10b</size>
         <input_file_ref idref="fl-e4"/>
      </object_component>
      <object_component id="oc-5d">
         <name>.debug_info</name>
         <load_address>0xf67d</load_address>
         <run_address>0xf67d</run_address>
         <size>0x1a9</size>
         <input_file_ref idref="fl-e4"/>
      </object_component>
      <object_component id="oc-2c1">
         <name>.debug_info</name>
         <load_address>0xf826</load_address>
         <run_address>0xf826</run_address>
         <size>0x289</size>
         <input_file_ref idref="fl-e5"/>
      </object_component>
      <object_component id="oc-2be">
         <name>.debug_info</name>
         <load_address>0xfaaf</load_address>
         <run_address>0xfaaf</run_address>
         <size>0x10e</size>
         <input_file_ref idref="fl-e5"/>
      </object_component>
      <object_component id="oc-1f6">
         <name>.debug_info</name>
         <load_address>0xfbbd</load_address>
         <run_address>0xfbbd</run_address>
         <size>0x14e</size>
         <input_file_ref idref="fl-e5"/>
      </object_component>
      <object_component id="oc-2ca">
         <name>.debug_info</name>
         <load_address>0xfd0b</load_address>
         <run_address>0xfd0b</run_address>
         <size>0x161</size>
         <input_file_ref idref="fl-e6"/>
      </object_component>
      <object_component id="oc-30b">
         <name>.debug_info</name>
         <load_address>0xfe6c</load_address>
         <run_address>0xfe6c</run_address>
         <size>0x590</size>
         <input_file_ref idref="fl-e7"/>
      </object_component>
      <object_component id="oc-2e2">
         <name>.debug_info</name>
         <load_address>0x103fc</load_address>
         <run_address>0x103fc</run_address>
         <size>0x21e</size>
         <input_file_ref idref="fl-e7"/>
      </object_component>
      <object_component id="oc-38a">
         <name>.debug_info</name>
         <load_address>0x1061a</load_address>
         <run_address>0x1061a</run_address>
         <size>0x1b3</size>
         <input_file_ref idref="fl-e7"/>
      </object_component>
      <object_component id="oc-391">
         <name>.debug_info</name>
         <load_address>0x107cd</load_address>
         <run_address>0x107cd</run_address>
         <size>0x21b</size>
         <input_file_ref idref="fl-e7"/>
      </object_component>
      <object_component id="oc-2e7">
         <name>.debug_info</name>
         <load_address>0x109e8</load_address>
         <run_address>0x109e8</run_address>
         <size>0x3c0</size>
         <input_file_ref idref="fl-e7"/>
      </object_component>
      <object_component id="oc-397">
         <name>.debug_info</name>
         <load_address>0x10da8</load_address>
         <run_address>0x10da8</run_address>
         <size>0x30a</size>
         <input_file_ref idref="fl-e7"/>
      </object_component>
      <object_component id="oc-39e">
         <name>.debug_info</name>
         <load_address>0x110b2</load_address>
         <run_address>0x110b2</run_address>
         <size>0x215</size>
         <input_file_ref idref="fl-e7"/>
      </object_component>
      <object_component id="oc-2ed">
         <name>.debug_info</name>
         <load_address>0x112c7</load_address>
         <run_address>0x112c7</run_address>
         <size>0x215</size>
         <input_file_ref idref="fl-e7"/>
      </object_component>
      <object_component id="oc-2f3">
         <name>.debug_info</name>
         <load_address>0x114dc</load_address>
         <run_address>0x114dc</run_address>
         <size>0x304</size>
         <input_file_ref idref="fl-e7"/>
      </object_component>
      <object_component id="oc-2fa">
         <name>.debug_info</name>
         <load_address>0x117e0</load_address>
         <run_address>0x117e0</run_address>
         <size>0x4b5</size>
         <input_file_ref idref="fl-e7"/>
      </object_component>
      <object_component id="oc-215">
         <name>.debug_info</name>
         <load_address>0x11c95</load_address>
         <run_address>0x11c95</run_address>
         <size>0x5f4</size>
         <input_file_ref idref="fl-e7"/>
      </object_component>
      <object_component id="oc-30c">
         <name>.debug_info</name>
         <load_address>0x12289</load_address>
         <run_address>0x12289</run_address>
         <size>0x86</size>
         <input_file_ref idref="fl-e7"/>
      </object_component>
      <object_component id="oc-3bc">
         <name>.debug_info</name>
         <load_address>0x1230f</load_address>
         <run_address>0x1230f</run_address>
         <size>0x39</size>
         <input_file_ref idref="fl-e7"/>
      </object_component>
      <object_component id="oc-3ff">
         <name>.debug_info</name>
         <load_address>0x12348</load_address>
         <run_address>0x12348</run_address>
         <size>0xb6</size>
         <input_file_ref idref="fl-e7"/>
      </object_component>
      <object_component id="oc-3c1">
         <name>.debug_info</name>
         <load_address>0x123fe</load_address>
         <run_address>0x123fe</run_address>
         <size>0x46</size>
         <input_file_ref idref="fl-e7"/>
      </object_component>
      <object_component id="oc-311">
         <name>.debug_info</name>
         <load_address>0x12444</load_address>
         <run_address>0x12444</run_address>
         <size>0x46</size>
         <input_file_ref idref="fl-e7"/>
      </object_component>
      <object_component id="oc-380">
         <name>.debug_info</name>
         <load_address>0x1248a</load_address>
         <run_address>0x1248a</run_address>
         <size>0x12e</size>
         <input_file_ref idref="fl-e8"/>
      </object_component>
      <object_component id="oc-379">
         <name>.debug_info</name>
         <load_address>0x125b8</load_address>
         <run_address>0x125b8</run_address>
         <size>0x134</size>
         <input_file_ref idref="fl-e9"/>
      </object_component>
      <object_component id="oc-240">
         <name>.debug_info</name>
         <load_address>0x126ec</load_address>
         <run_address>0x126ec</run_address>
         <size>0x4b3</size>
         <input_file_ref idref="fl-ea"/>
      </object_component>
      <object_component id="oc-12a">
         <name>.debug_info</name>
         <load_address>0x12b9f</load_address>
         <run_address>0x12b9f</run_address>
         <size>0x1a6</size>
         <input_file_ref idref="fl-ea"/>
      </object_component>
      <object_component id="oc-32b">
         <name>.debug_info</name>
         <load_address>0x12d45</load_address>
         <run_address>0x12d45</run_address>
         <size>0x39</size>
         <input_file_ref idref="fl-ea"/>
      </object_component>
      <object_component id="oc-3cb">
         <name>.debug_info</name>
         <load_address>0x12d7e</load_address>
         <run_address>0x12d7e</run_address>
         <size>0x39</size>
         <input_file_ref idref="fl-ea"/>
      </object_component>
      <object_component id="oc-330">
         <name>.debug_info</name>
         <load_address>0x12db7</load_address>
         <run_address>0x12db7</run_address>
         <size>0x39</size>
         <input_file_ref idref="fl-ea"/>
      </object_component>
      <object_component id="oc-335">
         <name>.debug_info</name>
         <load_address>0x12df0</load_address>
         <run_address>0x12df0</run_address>
         <size>0xcd</size>
         <input_file_ref idref="fl-ea"/>
      </object_component>
      <object_component id="oc-9d">
         <name>.debug_info</name>
         <load_address>0x12ebd</load_address>
         <run_address>0x12ebd</run_address>
         <size>0x153</size>
         <input_file_ref idref="fl-eb"/>
      </object_component>
      <object_component id="oc-120">
         <name>.debug_info</name>
         <load_address>0x13010</load_address>
         <run_address>0x13010</run_address>
         <size>0x122</size>
         <input_file_ref idref="fl-ed"/>
      </object_component>
      <object_component id="oc-325">
         <name>.debug_info</name>
         <load_address>0x13132</load_address>
         <run_address>0x13132</run_address>
         <size>0x2c9</size>
         <input_file_ref idref="fl-ee"/>
      </object_component>
      <object_component id="oc-23a">
         <name>.debug_info</name>
         <load_address>0x133fb</load_address>
         <run_address>0x133fb</run_address>
         <size>0x11e</size>
         <input_file_ref idref="fl-ee"/>
      </object_component>
      <object_component id="oc-321">
         <name>.debug_info</name>
         <load_address>0x13519</load_address>
         <run_address>0x13519</run_address>
         <size>0x12e</size>
         <input_file_ref idref="fl-ee"/>
      </object_component>
      <object_component id="oc-3ed">
         <name>.debug_info</name>
         <load_address>0x13647</load_address>
         <run_address>0x13647</run_address>
         <size>0x29c</size>
         <input_file_ref idref="fl-ef"/>
      </object_component>
      <object_component id="oc-385">
         <name>.debug_info</name>
         <load_address>0x138e3</load_address>
         <run_address>0x138e3</run_address>
         <size>0x1da</size>
         <input_file_ref idref="fl-ef"/>
      </object_component>
[...]
         <name>oi_shutoff_init</name>
         <value>0xb51</value>
         <object_component_ref idref="oc-ef"/>
      </symbol>
      <symbol id="sm-1f9">
         <name>motor_cal_factor_L</name>
         <value>0x200022fc</value>
         <object_component_ref idref="oc-1c7"/>
      </symbol>
      <symbol id="sm-1fa">
         <name>motor_cal_factor_R</name>
         <value>0x20002300</value>
         <object_component_ref idref="oc-1c7"/>
      </symbol>
      <symbol id="sm-1fb">
         <name>oi_parseInt</name>
         <value>0x4b2b</value>
         <object_component_ref idref="oc-1ba"/>
      </symbol>
      <symbol id="sm-1fc">
         <name>oi_setMotorCalibration</name>
         <value>0xdb1</value>
         <object_component_ref idref="oc-ef"/>
      </symbol>
      <symbol id="sm-1fd">
         <name>oi_uartSendStr</name>
         <value>0xa59</value>
         <object_component_ref idref="oc-ef"/>
      </symbol>
      <symbol id="sm-1fe">
         <name>oi_close</name>
         <value>0x2c7</value>
         <object_component_ref idref="oc-ef"/>
      </symbol>
      <symbol id="sm-1ff">
         <name>oi_uartSendBuff</name>
         <value>0xa77</value>
         <object_component_ref idref="oc-ef"/>
      </symbol>
      <symbol id="sm-200">
         <name>oi_checkFirmware</name>
         <value>0xaa9</value>
         <object_component_ref idref="oc-ef"/>
      </symbol>
      <symbol id="sm-201">
         <name>oi_init_noupdate</name>
         <value>0x289</value>
         <object_component_ref idref="oc-ef"/>
      </symbol>
      <symbol id="sm-202">
         <name>oi_uartSendChar</name>
         <value>0xa15</value>
         <object_component_ref idref="oc-ef"/>
      </symbol>
      <symbol id="sm-203">
         <name>oi_alloc</name>
         <value>0x26d</value>
         <object_component_ref idref="oc-ef"/>
      </symbol>
      <symbol id="sm-204">
         <name>oi_getMotorCalibrationLeft</name>
         <value>0xded</value>
         <object_component_ref idref="oc-ef"/>
      </symbol>
      <symbol id="sm-205">
         <name>oi_loadSong</name>
         <value>0x915</value>
         <object_component_ref idref="oc-ef"/>
      </symbol>
      <symbol id="sm-206">
         <name>oi_play_song</name>
         <value>0x96b</value>
         <object_component_ref idref="oc-ef"/>
      </symbol>
      <symbol id="sm-207">
         <name>oi_parsePacket</name>
         <value>0x32b</value>
         <object_component_ref idref="oc-ef"/>
      </symbol>
      <symbol id="sm-208">
         <name>oi_setLeds</name>
         <value>0x84b</value>
         <object_component_ref idref="oc-ef"/>
      </symbol>
      <symbol id="sm-209">
         <name>oi_init</name>
         <value>0x2b1</value>
         <object_component_ref idref="oc-ef"/>
      </symbol>
      <symbol id="sm-20a">
         <name>oi_update</name>
         <value>0x2d9</value>
         <object_component_ref idref="oc-ef"/>
      </symbol>
      <symbol id="sm-20b">
         <name>oi_uartInit</name>
         <value>0x98d</value>
         <object_component_ref idref="oc-ef"/>
      </symbol>
      <symbol id="sm-227">
         <name>ResetISR</name>
         <value>0x4be5</value>
         <object_component_ref idref="oc-2a"/>
      </symbol>
      <symbol id="sm-228">
         <name>g_pfnVectors</name>
         <value>0x0</value>
         <object_component_ref idref="oc-12"/>
      </symbol>
      <symbol id="sm-24f">
         <name>uart_sendChar</name>
         <value>0x36d3</value>
         <object_component_ref idref="oc-e3"/>
      </symbol>
      <symbol id="sm-250">
         <name>uart_init</name>
         <value>0x364d</value>
         <object_component_ref idref="oc-e3"/>
      </symbol>
      <symbol id="sm-251">
         <name>uart_receive_nonblocking</name>
         <value>0x36ff</value>
         <object_component_ref idref="oc-e3"/>
      </symbol>
      <symbol id="sm-252">
         <name>uart_receive</name>
         <value>0x36ef</value>
         <object_component_ref idref="oc-e3"/>
      </symbol>
      <symbol id="sm-253">
         <name>uart_sendStr</name>
         <value>0x3719</value>
         <object_component_ref idref="oc-e3"/>
      </symbol>
      <symbol id="sm-28f">
         <name>cyBOT_SERVO_cal</name>
         <value>0x291d</value>
         <object_component_ref idref="oc-e9"/>
      </symbol>
      <symbol id="sm-290">
         <name>cyBOT_Scan</name>
         <value>0x28ab</value>
         <object_component_ref idref="oc-e9"/>
      </symbol>
      <symbol id="sm-291">
         <name>cyBOT_scan_features</name>
         <value>0x2000232c</value>
         <object_component_ref idref="oc-1a5"/>
      </symbol>
      <symbol id="sm-292">
         <name>cyBOT_scan_version</name>
         <value>0x2845</value>
         <object_component_ref idref="oc-e9"/>
      </symbol>
      <symbol id="sm-293">
         <name>cyBOT_init_Scan</name>
         <value>0x2853</value>
         <object_component_ref idref="oc-e9"/>
      </symbol>
      <symbol id="sm-2ba">
         <name>isr_int_value</name>
         <value>0x200022e4</value>
      </symbol>
      <symbol id="sm-2bb">
         <name>ir_enableInterrupt</name>
         <value>0x3baf</value>
         <object_component_ref idref="oc-19f"/>
      </symbol>
      <symbol id="sm-2bc">
         <name>ir_getDistance</name>
         <value>0x3b91</value>
         <object_component_ref idref="oc-19f"/>
      </symbol>
      <symbol id="sm-2bd">
         <name>ir_init</name>
         <value>0x3b01</value>
         <object_component_ref idref="oc-19f"/>
      </symbol>
      <symbol id="sm-2be">
         <name>ADC0SS0_Handler</name>
         <value>0x3b99</value>
         <object_component_ref idref="oc-19f"/>
      </symbol>
      <symbol id="sm-2bf">
         <name>ir_getValue</name>
         <value>0x3b69</value>
         <object_component_ref idref="oc-19f"/>
      </symbol>
      <symbol id="sm-2ee">
         <name>risingEdge</name>
         <value>0x200022f4</value>
      </symbol>
      <symbol id="sm-2ef">
         <name>fallingEdge</name>
         <value>0x200022e0</value>
      </symbol>
      <symbol id="sm-2f0">
         <name>pulseLength</name>
         <value>0x200022ec</value>
      </symbol>
      <symbol id="sm-2f1">
         <name>isRisingEdge</name>
         <value>0x200022f8</value>
      </symbol>
      <symbol id="sm-2f2">
         <name>TIMER3B_Handler</name>
         <value>0x2ddd</value>
         <object_component_ref idref="oc-199"/>
      </symbol>
      <symbol id="sm-2f3">
         <name>ping_init</name>
         <value>0x2ced</value>
         <object_component_ref idref="oc-199"/>
      </symbol>
      <symbol id="sm-2f4">
         <name>ping_getDistance</name>
         <value>0x2e2f</value>
         <object_component_ref idref="oc-199"/>
      </symbol>
      <symbol id="sm-2f5">
         <name>ping_trigger</name>
         <value>0x2d73</value>
         <object_component_ref idref="oc-199"/>
      </symbol>
      <symbol id="sm-317">
         <name>servo_move</name>
         <value>0x32f1</value>
         <object_component_ref idref="oc-193"/>
      </symbol>
      <symbol id="sm-318">
         <name>servo_init</name>
         <value>0x3261</value>
         <object_component_ref idref="oc-193"/>
      </symbol>
      <symbol id="sm-319">
         <name>servo_stop</name>
         <value>0x32e5</value>
         <object_component_ref idref="oc-193"/>
      </symbol>
      <symbol id="sm-31a">
         <name>servo_setPWM</name>
         <value>0x3351</value>
         <object_component_ref idref="oc-193"/>
      </symbol>
      <symbol id="sm-349">
         <name>IntRegister</name>
         <value>0x499d</value>
         <object_component_ref idref="oc-15d"/>
      </symbol>
      <symbol id="sm-34a">
         <name>g_pfnRAMVectors</name>
         <value>0x20000000</value>
         <object_component_ref idref="oc-255"/>
      </symbol>
      <symbol id="sm-34b">
         <name>IntMasterEnable</name>
         <value>0x4bab</value>
         <object_component_ref idref="oc-1c1"/>
      </symbol>
      <symbol id="sm-355">
         <name>CPUcpsie</name>
         <value>0x4bd9</value>
         <object_component_ref idref="oc-2aa"/>
      </symbol>
      <symbol id="sm-3eb">
         <name>pow</name>
         <value>0x18dd</value>
         <object_component_ref idref="oc-105"/>
      </symbol>
      <symbol id="sm-3ec">
         <name>powl</name>
         <value>0x18dd</value>
         <object_component_ref idref="oc-105"/>
      </symbol>
      <symbol id="sm-40e">
         <name>sqrtl</name>
         <value>0x33b9</value>
         <object_component_ref idref="oc-1ec"/>
      </symbol>
      <symbol id="sm-40f">
         <name>sqrt</name>
         <value>0x33b9</value>
         <object_component_ref idref="oc-1ec"/>
      </symbol>
      <symbol id="sm-436">
         <name>scalbn</name>
         <value>0x3c19</value>
         <object_component_ref idref="oc-205"/>
      </symbol>
      <symbol id="sm-437">
         <name>scalbnl</name>
         <value>0x3c19</value>
         <object_component_ref idref="oc-205"/>
      </symbol>
      <symbol id="sm-438">
         <name>ldexpl</name>
         <value>0x3c19</value>
         <object_component_ref idref="oc-205"/>
      </symbol>
      <symbol id="sm-439">
         <name>ldexp</name>
         <value>0x3c19</value>
         <object_component_ref idref="oc-205"/>
      </symbol>
      <symbol id="sm-460">
         <name>sprintf</name>
         <value>0x486d</value>
         <object_component_ref idref="oc-10b"/>
      </symbol>
      <symbol id="sm-48a">
         <name>vsnprintf</name>
         <value>0x48ad</value>
         <object_component_ref idref="oc-16f"/>
      </symbol>
      <symbol id="sm-4a1">
         <name>__aeabi_dsub</name>
         <value>0x30a9</value>
         <object_component_ref idref="oc-1cf"/>
      </symbol>
      <symbol id="sm-4a2">
         <name>__aeabi_dadd</name>
         <value>0x30b3</value>
         <object_component_ref idref="oc-1cf"/>
      </symbol>
      <symbol id="sm-4c4">
         <name>__aeabi_cdcmpeq</name>
         <value>0x42f9</value>
         <object_component_ref idref="oc-1fb"/>
      </symbol>
      <symbol id="sm-4c5">
         <name>__aeabi_cdcmple</name>
         <value>0x42f9</value>
         <object_component_ref idref="oc-1fb"/>
      </symbol>
      <symbol id="sm-4c6">
         <name>__aeabi_cdrcmple</name>
         <value>0x437f</value>
         <object_component_ref idref="oc-200"/>
      </symbol>
      <symbol id="sm-4da">
         <name>__aeabi_ddiv</name>
         <value>0x3785</value>
         <object_component_ref idref="oc-100"/>
      </symbol>
      <symbol id="sm-4e5">
         <name>__aeabi_dmul</name>
         <value>0x3f35</value>
         <object_component_ref idref="oc-1ca"/>
      </symbol>
      <symbol id="sm-4f1">
         <name>__aeabi_d2f</name>
         <value>0x455f</value>
         <object_component_ref idref="oc-1d7"/>
      </symbol>
      <symbol id="sm-4fc">
         <name>__aeabi_f2d</name>
         <value>0x4965</value>
         <object_component_ref idref="oc-1dc"/>
      </symbol>
      <symbol id="sm-506">
         <name>__aeabi_i2d</name>
         <value>0x4a35</value>
         <object_component_ref idref="oc-fb"/>
      </symbol>
      <symbol id="sm-521">
         <name>memcpy</name>
         <value>0x41c7</value>
         <object_component_ref idref="oc-3e"/>
      </symbol>
      <symbol id="sm-522">
         <name>__aeabi_memcpy</name>
         <value>0x41c7</value>
         <object_component_ref idref="oc-3e"/>
      </symbol>
      <symbol id="sm-523">
         <name>__aeabi_memcpy8</name>
         <value>0x41c7</value>
         <object_component_ref idref="oc-3e"/>
      </symbol>
      <symbol id="sm-524">
         <name>__aeabi_memcpy4</name>
         <value>0x41c7</value>
         <object_component_ref idref="oc-3e"/>
      </symbol>
      <symbol id="sm-533">
         <name>__aeabi_memset</name>
         <value>0x4407</value>
         <object_component_ref idref="oc-96"/>
      </symbol>
      <symbol id="sm-534">
         <name>memset</name>
         <value>0x440d</value>
         <object_component_ref idref="oc-96"/>
      </symbol>
      <symbol id="sm-535">
         <name>__aeabi_memset8</name>
         <value>0x4407</value>
         <object_component_ref idref="oc-96"/>
      </symbol>
      <symbol id="sm-536">
         <name>__aeabi_memset4</name>
         <value>0x4407</value>
         <object_component_ref idref="oc-96"/>
      </symbol>
      <symbol id="sm-537">
         <name>__aeabi_memclr8</name>
         <value>0x4405</value>
         <object_component_ref idref="oc-96"/>
      </symbol>
      <symbol id="sm-538">
         <name>__aeabi_memclr4</name>
         <value>0x4405</value>
         <object_component_ref idref="oc-96"/>
      </symbol>
      <symbol id="sm-539">
         <name>__aeabi_memclr</name>
         <value>0x4405</value>
         <object_component_ref idref="oc-96"/>
      </symbol>
      <symbol id="sm-552">
         <name>__TI_zero_init_nomemset</name>
         <value>0x4a8d</value>
         <object_component_ref idref="oc-4a"/>
      </symbol>
      <symbol id="sm-569">
         <name>__TI_decompress_none</name>
         <value>0x4bcb</value>
         <object_component_ref idref="oc-1b"/>
      </symbol>
      <symbol id="sm-58c">
         <name>__TI_decompress_lzss</name>
         <value>0x45cd</value>
         <object_component_ref idref="oc-15"/>
      </symbol>
      <symbol id="sm-621">
         <name>_sys_memory</name>
         <value>0x20001270</value>
         <object_component_ref idref="oc-24"/>
      </symbol>
      <symbol id="sm-622">
         <name>free</name>
         <value>0x4031</value>
         <object_component_ref idref="oc-1b4"/>
      </symbol>
      <symbol id="sm-623">
         <name>memalign</name>
         <value>0x3e35</value>
         <object_component_ref idref="oc-358"/>
      </symbol>
      <symbol id="sm-624">
         <name>calloc</name>
         <value>0x492d</value>
         <object_component_ref idref="oc-1ae"/>
      </symbol>
      <symbol id="sm-625">
         <name>malloc</name>
         <value>0x4c05</value>
         <object_component_ref idref="oc-296"/>
      </symbol>
      <symbol id="sm-626">
         <name>aligned_alloc</name>
         <value>0x3e35</value>
         <object_component_ref idref="oc-358"/>
      </symbol>
      <symbol id="sm-635">
         <name>strcmp</name>
         <value>0x4b43</value>
         <object_component_ref idref="oc-175"/>
      </symbol>
      <symbol id="sm-643">
         <name>strcpy</name>
         <value>0x4b71</value>
         <object_component_ref idref="oc-17b"/>
      </symbol>
      <symbol id="sm-651">
         <name>strlen</name>
         <value>0x4b85</value>
         <object_component_ref idref="oc-18b"/>
      </symbol>
      <symbol id="sm-664">
         <name>__stack</name>
         <value>0x20000270</value>
         <object_component_ref idref="oc-27"/>
      </symbol>
      <symbol id="sm-665">
         <name>_c_int00_noargs</name>
         <value>0x49d1</value>
         <object_component_ref idref="oc-5c"/>
      </symbol>
      <symbol id="sm-67b">
         <name>__aeabi_errno_addr</name>
         <value>0x4bfd</value>
         <object_component_ref idref="oc-1f2"/>
      </symbol>
      <symbol id="sm-67c">
         <name>errno</name>
         <value>0x20002330</value>
         <object_component_ref idref="oc-2bd"/>
      </symbol>
      <symbol id="sm-686">
         <name>copysign</name>
         <value>0x4ae1</value>
         <object_component_ref idref="oc-2c6"/>
      </symbol>
      <symbol id="sm-687">
         <name>copysignl</name>
         <value>0x4ae1</value>
         <object_component_ref idref="oc-2c6"/>
      </symbol>
      <symbol id="sm-7ec">
         <name>__TI_printfi</name>
         <value>0xe8d</value>
         <object_component_ref idref="oc-213"/>
      </symbol>
      <symbol id="sm-7f6">
         <name>__aeabi_d2iz</name>
         <value>0x47e1</value>
         <object_component_ref idref="oc-37e"/>
      </symbol>
      <symbol id="sm-803">
         <name>__aeabi_uldivmod</name>
         <value>0x4263</value>
         <object_component_ref idref="oc-378"/>
      </symbol>
      <symbol id="sm-82b">
         <name>__TI_auto_init_nobinit_nopinit</name>
         <value>0x4829</value>
         <object_component_ref idref="oc-129"/>
      </symbol>
      <symbol id="sm-835">
         <name>_system_pre_init</name>
         <value>0x4c0d</value>
         <object_component_ref idref="oc-9c"/>
      </symbol>
      <symbol id="sm-841">
         <name>C$$EXIT</name>
         <value>0x4c11</value>
         <object_component_ref idref="oc-11d"/>
      </symbol>
      <symbol id="sm-842">
         <name>abort</name>
         <value>0x4c11</value>
         <object_component_ref idref="oc-11d"/>
      </symbol>
      <symbol id="sm-857">
         <name>_nop</name>
         <value>0x18db</value>
         <object_component_ref idref="oc-31d"/>
      </symbol>
      <symbol id="sm-858">
         <name>_lock</name>
         <value>0x2000231c</value>
         <object_component_ref idref="oc-239"/>
      </symbol>
      <symbol id="sm-859">
         <name>_unlock</name>
         <value>0x20002320</value>
         <object_component_ref idref="oc-239"/>
      </symbol>
      <symbol id="sm-868">
         <name>__TI_ltoa</name>
         <value>0x46ef</value>
         <object_component_ref idref="oc-383"/>
      </symbol>
      <symbol id="sm-87f">
         <name>atoi</name>
         <value>0x4795</value>
         <object_component_ref idref="oc-2da"/>
      </symbol>
      <symbol id="sm-88a">
         <name>_ctypes_</name>
         <value>0x4c18</value>
         <object_component_ref idref="oc-373"/>
      </symbol>
      <symbol id="sm-89a">
         <name>memccpy</name>
         <value>0x4ac5</value>
         <object_component_ref idref="oc-2fe"/>
      </symbol>
      <symbol id="sm-8aa">
         <name>strchr</name>
         <value>0x4b5b</value>
         <object_component_ref idref="oc-3aa"/>
      </symbol>
      <symbol id="sm-8c3">
         <name>wcslen</name>
         <value>0x4b99</value>
         <object_component_ref idref="oc-304"/>
      </symbol>
      <symbol id="sm-8d9">
         <name>frexpl</name>
         <value>0x4635</value>
         <object_component_ref idref="oc-3a4"/>
      </symbol>
      <symbol id="sm-8da">
         <name>frexp</name>
         <value>0x4635</value>
         <object_component_ref idref="oc-3a4"/>
      </symbol>
      <symbol id="sm-8e4">
         <name>__aeabi_idiv0</name>
         <value>0x325f</value>
         <object_component_ref idref="oc-3e5"/>
      </symbol>
      <symbol id="sm-8e5">
         <name>__aeabi_ldiv0</name>
         <value>0x325f</value>
         <object_component_ref idref="oc-3e5"/>
      </symbol>
      <symbol id="sm-8e6">
         <name>__TI_static_base__</name>
         <value>0x0</value>
      </symbol>
      <symbol id="sm-8e9">
         <name>__mpu_init</name>
         <value>0x0</value>
      </symbol>
      <symbol id="sm-8ea">
         <name>_system_post_cinit</name>
         <value>0x0</value>
      </symbol>
   </symbol_table>
   <title>Link successful</title>
</link_info>
