******************************************************************************
                  TI ARM Linker PC v20.2.7                     
******************************************************************************
>> Linked Tue Feb 13 20:17:16 2024

OUTPUT FILE NAME:   <Lab3.out>
ENTRY POINT SYMBOL: "_c_int00_noargs"  address: 000030f1


MEMORY CONFIGURATION

         name            origin    length      used     unused   attr    fill
----------------------  --------  ---------  --------  --------  ----  --------
  FLASH                 00000000   00040000  00003444  0003cbbc  R  X
  SRAM                  20000000   00008000  0000231e  00005ce2  RW X


SEGMENT ALLOCATION MAP

run origin  load origin   length   init length attrs members
----------  ----------- ---------- ----------- ----- -------
00000000    00000000    00003448   00003448    r-x
  00000000    00000000    0000026c   0000026c    r-- .intvecs
  0000026c    0000026c    00003060   00003060    r-x .text
  000032cc    000032cc    00000138   00000138    r-- .const
  00003408    00003408    00000040   00000040    r-- .cinit
20000000    20000000    00002325   00000000    rw-
  20000000    20000000    0000026c   00000000    rw- .vtable
  20000270    20000270    00001000   00000000    rw- .stack
  20001270    20001270    00001000   00000000    rw- .sysmem
  20002270    20002270    000000a5   00000000    rw- .bss
  20002318    20002318    0000000d   00000000    rw- .data


SECTION ALLOCATION MAP

 output                                  attributes/
section   page    origin      length       input sections
--------  ----  ----------  ----------   ----------------
.intvecs   0    00000000    0000026c     
                  00000000    0000026c     tm4c123gh6pm_startup_ccs.obj (.intvecs)

.text      0    0000026c    00003060     
                  0000026c    00000a4e     rtsv7M4_T_le_v4SPD16_eabi.lib : _printfi.c.obj (.text:__TI_printfi)
                  00000cba    00000002                                   : div0.asm.obj (.text)
                  00000cbc    00000328     lcd.obj (.text)
                  00000fe4    000002d4     main.obj (.text)
                  000012b8    00000270     rtsv7M4_T_le_v4SPD16_eabi.lib : _printfi.c.obj (.text:_pconv_a)
                  00001528    00000260     libcybotScan.lib : cyBot_Scan.obj (.text)
                  00001788    00000248     Timer.obj (.text)
                  000019d0    000001ec     libcybotScan.lib : ping.obj (.text)
                  00001bbc    000001d0     rtsv7M4_T_le_v4SPD16_eabi.lib : _printfi.c.obj (.text:_pconv_g)
                  00001d8c    000001b6                                   : fd_add_t2.asm.obj (.text)
                  00001f42    00000002     --HOLE-- [fill = 0]
                  00001f44    0000015c     libcybotUART.lib : uart.obj (.text)
                  000020a0    00000158     libcybotScan.lib : servo.obj (.text)
                  000021f8    0000013c     rtsv7M4_T_le_v4SPD16_eabi.lib : _printfi.c.obj (.text:_pconv_e)
                  00002334    00000136                                   : fd_div_t2.asm.obj (.text)
                  0000246a    00000002     --HOLE-- [fill = 0]
                  0000246c    00000124                                   : _printfi.c.obj (.text:fcvt)
                  00002590    00000118     libcybotScan.lib : ir.obj (.text)
                  000026a8    00000110     rtsv7M4_T_le_v4SPD16_eabi.lib : s_scalbn.c.obj (.text:scalbn)
                  000027b8    000000fc                                   : fd_mul_t2.asm.obj (.text)
                  000028b4    000000b1                                   : _printfi.c.obj (.text:_ltostr)
                  00002965    00000001     --HOLE-- [fill = 0]
                  00002966    0000009c                                   : memcpy_t2.asm.obj (.text)
                  00002a02    00000098     median.obj (.text)
                  00002a9a    00000096     rtsv7M4_T_le_v4SPD16_eabi.lib : ull_div_t2.asm.obj (.text)
                  00002b30    00000086                                   : fd_cmp_t2.asm.obj (.text:__aeabi_cdcmple)
                  00002bb6    00000086                                   : fd_cmp_t2.asm.obj (.text:__aeabi_cdrcmple)
                  00002c3c    0000007a                                   : memset_t2.asm.obj (.text)
                  00002cb6    0000006e                                   : _printfi.c.obj (.text:_mcpy)
                  00002d24    00000068                                   : copy_decompress_lzss.c.obj (.text:decompress:lzss:__TI_decompress_lzss)
                  00002d8c    00000064                                   : s_frexp.c.obj (.text:frexp)
                  00002df0    00000056                                   : _printfi.c.obj (.text:_pconv_f)
                  00002e46    00000054                                   : _ltoa.c.obj (.text:__TI_ltoa)
                  00002e9a    00000052                                   : _printfi.c.obj (.text:_ecpy)
                  00002eec    0000004c                                   : atoi.c.obj (.text:atoi)
                  00002f38    00000048                                   : fd_toi_t2.asm.obj (.text)
                  00002f80    00000044                                   : autoinit.c.obj (.text:__TI_auto_init_nobinit_nopinit:__TI_auto_init_nobinit_nopinit)
                  00002fc4    00000040                                   : sprintf.c.obj (.text:sprintf)
                  00003004    00000040                                   : vsnprintf.c.obj (.text:vsnprintf)
                  00003044    0000003e                                   : _printfi.c.obj (.text:_fcpy)
                  00003082    00000038                                   : fs_tod_t2.asm.obj (.text)
                  000030ba    00000002     --HOLE-- [fill = 0]
                  000030bc    00000034     driverlib.lib : interrupt.obj (.text:IntRegister)
                  000030f0    00000034     rtsv7M4_T_le_v4SPD16_eabi.lib : boot_cortex_m.c.obj (.text:_c_int00_noargs:_c_int00_noargs)
                  00003124    00000030                                   : vsnprintf.c.obj (.text:_outs)
                  00003154    0000002e                                   : i_tofd_t2.asm.obj (.text)
                  00003182    0000001c                                   : copy_zero_init.c.obj (.text:decompress:ZI:__TI_zero_init_nomemset:__TI_zero_init_nomemset)
                  0000319e    0000001c                                   : memccpy.c.obj (.text:memccpy)
                  000031ba    0000001a                                   : s_copysign.c.obj (.text:copysign)
                  000031d4    00000018                                   : vsnprintf.c.obj (.text:_outc)
                  000031ec    00000018                                   : sprintf.c.obj (.text:_outs)
                  00003204    00000018                                   : strcmp.c.obj (.text:strcmp)
                  0000321c    00000016                                   : strchr.c.obj (.text:strchr)
                  00003232    00000014                                   : strcpy.c.obj (.text:strcpy)
                  00003246    00000014                                   : strlen.c.obj (.text:strlen)
                  0000325a    00000012                                   : wcslen.c.obj (.text:wcslen)
                  0000326c    00000010     driverlib.lib : interrupt.obj (.text:IntMasterEnable)
                  0000327c    00000010     lcd.obj (.text:lcd_clear)
                  0000328c    0000000e     rtsv7M4_T_le_v4SPD16_eabi.lib : copy_decompress_none.c.obj (.text:decompress:none:__TI_decompress_none)
                  0000329a    0000000c     driverlib.lib : cpu.obj (.text:CPUcpsie)
                  000032a6    0000000c     tm4c123gh6pm_startup_ccs.obj (.text)
                  000032b2    0000000a     rtsv7M4_T_le_v4SPD16_eabi.lib : sprintf.c.obj (.text:_outc)
                  000032bc    00000008                                   : errno.c.obj (.text:__aeabi_errno_addr)
                  000032c4    00000004                                   : pre_init.c.obj (.text:_system_pre_init)
                  000032c8    00000004                                   : exit.c.obj (.text:abort:abort)

.const     0    000032cc    00000138     
                  000032cc    00000101     rtsv7M4_T_le_v4SPD16_eabi.lib : ctype.c.obj (.const:.string:_ctypes_)
                  000033cd    0000001d     main.obj (.const:.string:$P$T1$2)
                  000033ea    00000002     --HOLE-- [fill = 0]
                  000033ec    00000010     main.obj (.const:$P$T0$1)
                  000033fc    00000004     lcd.obj (.const:.string:lineAddress$1)
                  00003400    00000004     lcd.obj (.const:.string:lineAddresses$2)

.cinit     0    00003408    00000040     
                  00003408    0000000c     (__TI_handler_table)
                  00003414    00000004     --HOLE-- [fill = 0]
                  00003418    00000008     (.cinit..bss.load) [load image, compression = zero_init]
                  00003420    00000008     (.cinit..vtable.load) [load image, compression = zero_init]
                  00003428    00000007     (.cinit..data.load) [load image, compression = lzss]
                  0000342f    00000001     --HOLE-- [fill = 0]
                  00003430    00000018     (__TI_cinit_table)

.init_array 
*          0    00000000    00000000     UNINITIALIZED

.vtable    0    20000000    0000026c     UNINITIALIZED
                  20000000    0000026c     driverlib.lib : interrupt.obj (.vtable)

.stack     0    20000270    00001000     UNINITIALIZED
                  20000270    00000004     rtsv7M4_T_le_v4SPD16_eabi.lib : boot_cortex_m.c.obj (.stack)
                  20000274    00000ffc     --HOLE--

.sysmem    0    20001270    00001000     UNINITIALIZED
                  20001270    00000010     rtsv7M4_T_le_v4SPD16_eabi.lib : memory.c.obj (.sysmem)
                  20001280    00000ff0     --HOLE--

.bss       0    20002270    000000a5     UNINITIALIZED
                  20002270    00000054     lcd.obj (.bss:lastbuffer$3)
                  200022c4    00000034     (.common:isr_char_buffer)
                  200022f8    00000004     (.common:_timeout_ticks)
                  200022fc    00000004     (.common:fallingEdge)
                  20002300    00000004     (.common:isr_int_value)
                  20002304    00000004     (.common:left_calibration_value)
                  20002308    00000004     (.common:pulseLength)
                  2000230c    00000004     (.common:right_calibration_value)
                  20002310    00000004     (.common:risingEdge)
                  20002314    00000001     (.common:isRisingEdge)

.data      0    20002318    0000000d     UNINITIALIZED
                  20002318    00000004     libcybotScan.lib : cyBot_Scan.obj (.data)
                  2000231c    00000004     libcybotUART.lib : uart.obj (.data)
                  20002320    00000004     rtsv7M4_T_le_v4SPD16_eabi.lib : errno.c.obj (.data)
                  20002324    00000001     Timer.obj (.data)

__llvm_prf_cnts 
*          0    20000000    00000000     UNINITIALIZED

MODULE SUMMARY

       Module                         code    ro data   rw data
       ------                         ----    -------   -------
    .\
       lcd.obj                        824     8         84     
       main.obj                       724     45        8      
       tm4c123gh6pm_startup_ccs.obj   12      620       0      
       Timer.obj                      584     0         5      
       median.obj                     152     0         0      
    +--+------------------------------+-------+---------+---------+
       Total:                         2296    673       97     
                                                               
    ../libcybotScan.lib
       cyBot_Scan.obj                 608     0         4      
       ping.obj                       492     0         13     
       servo.obj                      344     0         0      
       ir.obj                         280     0         4      
    +--+------------------------------+-------+---------+---------+
       Total:                         1724    0         21     
                                                               
    ../libcybotUART.lib
       uart.obj                       348     0         56     
    +--+------------------------------+-------+---------+---------+
       Total:                         348     0         56     
                                                               
    C:/ti/TivaWare_C_Series-2.2.0.295/driverlib/ccs/Debug/driverlib.lib
       interrupt.obj                  68      0         620    
       cpu.obj                        12      0         0      
    +--+------------------------------+-------+---------+---------+
       Total:                         80      0         620    
                                                               
    C:\ti\ccs1230\ccs\tools\compiler\ti-cgt-arm_20.2.7.LTS\lib\rtsv7M4_T_le_v4SPD16_eabi.lib
       _printfi.c.obj                 4851    0         0      
       fd_add_t2.asm.obj              438     0         0      
       fd_div_t2.asm.obj              310     0         0      
       s_scalbn.c.obj                 272     0         0      
       fd_cmp_t2.asm.obj              268     0         0      
       ctype.c.obj                    0       257       0      
       fd_mul_t2.asm.obj              252     0         0      
       memcpy_t2.asm.obj              156     0         0      
       ull_div_t2.asm.obj             150     0         0      
       vsnprintf.c.obj                136     0         0      
       memset_t2.asm.obj              122     0         0      
       copy_decompress_lzss.c.obj     104     0         0      
       s_frexp.c.obj                  100     0         0      
       sprintf.c.obj                  98      0         0      
       _ltoa.c.obj                    84      0         0      
       atoi.c.obj                     76      0         0      
       fd_toi_t2.asm.obj              72      0         0      
       autoinit.c.obj                 68      0         0      
       fs_tod_t2.asm.obj              56      0         0      
       boot_cortex_m.c.obj            52      0         0      
       i_tofd_t2.asm.obj              46      0         0      
       copy_zero_init.c.obj           28      0         0      
       memccpy.c.obj                  28      0         0      
       s_copysign.c.obj               26      0         0      
       strcmp.c.obj                   24      0         0      
       strchr.c.obj                   22      0         0      
       strcpy.c.obj                   20      0         0      
       strlen.c.obj                   20      0         0      
       wcslen.c.obj                   18      0         0      
       copy_decompress_none.c.obj     14      0         0      
       errno.c.obj                    8       0         4      
       exit.c.obj                     4       0         0      
       pre_init.c.obj                 4       0         0      
       div0.asm.obj                   2       0         0      
    +--+------------------------------+-------+---------+---------+
       Total:                         7929    257       4      
                                                               
       Heap:                          0       0         4096   
       Stack:                         0       0         4096   
       Linker Generated:              0       59        0      
    +--+------------------------------+-------+---------+---------+
       Grand Total:                   12377   989       8990   


LINKER GENERATED COPY TABLES

__TI_cinit_table @ 00003430 records: 3, size/record: 8, table size: 24
	.bss: load addr=00003418, load size=00000008 bytes, run addr=20002270, run size=000000a5 bytes, compression=zero_init
	.vtable: load addr=00003420, load size=00000008 bytes, run addr=20000000, run size=0000026c bytes, compression=zero_init
	.data: load addr=00003428, load size=00000007 bytes, run addr=20002318, run size=0000000d bytes, compression=lzss


LINKER GENERATED HANDLER TABLE

__TI_handler_table @ 00003408 records: 3, size/record: 4, table size: 12
	index: 0, handler: __TI_zero_init
	index: 1, handler: __TI_decompress_lzss
	index: 2, handler: __TI_decompress_none


GLOBAL SYMBOLS: SORTED ALPHABETICALLY BY Name 

address   name                          
-------   ----                          
00002629  ADC0SS0_Handler               
000032c9  C$$EXIT                       
0000329b  CPUcpsie                      
0000326d  IntMasterEnable               
000030bd  IntRegister                   
000032a7  ResetISR                      
00001ac1  TIMER3B_Handler               
20001270  __STACK_END                   
00001000  __STACK_SIZE                  
20000470  __STACK_TOP                   
00001000  __SYSMEM_SIZE                 
00003430  __TI_CINIT_Base               
00003448  __TI_CINIT_Limit              
00003408  __TI_Handler_Table_Base       
00003414  __TI_Handler_Table_Limit      
00002f81  __TI_auto_init_nobinit_nopinit
00002d25  __TI_decompress_lzss          
0000328d  __TI_decompress_none          
00002e47  __TI_ltoa                     
ffffffff  __TI_pprof_out_hndl           
0000026d  __TI_printfi                  
ffffffff  __TI_prof_data_size           
ffffffff  __TI_prof_data_start          
00000000  __TI_static_base__            
00003183  __TI_zero_init_nomemset       
00002b31  __aeabi_cdcmpeq               
00002b31  __aeabi_cdcmple               
00002bb7  __aeabi_cdrcmple              
00002f39  __aeabi_d2iz                  
00001d97  __aeabi_dadd                  
00002335  __aeabi_ddiv                  
000027b9  __aeabi_dmul                  
00001d8d  __aeabi_dsub                  
000032bd  __aeabi_errno_addr            
00003083  __aeabi_f2d                   
00003155  __aeabi_i2d                   
00000cbb  __aeabi_idiv0                 
00000cbb  __aeabi_ldiv0                 
00002c3d  __aeabi_memclr                
00002c3d  __aeabi_memclr4               
00002c3d  __aeabi_memclr8               
00002967  __aeabi_memcpy                
00002967  __aeabi_memcpy4               
00002967  __aeabi_memcpy8               
00002c3f  __aeabi_memset                
00002c3f  __aeabi_memset4               
00002c3f  __aeabi_memset8               
00002a9b  __aeabi_uldivmod              
ffffffff  __binit__                     
ffffffff  __c_args__                    
UNDEFED   __mpu_init                    
20000270  __stack                       
20000000  __start___llvm_prf_cnts       
20000000  __stop___llvm_prf_cnts        
000030f1  _c_int00_noargs               
000032cc  _ctypes_                      
20002324  _running                      
20001270  _sys_memory                   
UNDEFED   _system_post_cinit            
000032c5  _system_pre_init              
200022f8  _timeout_ticks                
000032c9  abort                         
00002eed  atoi                          
ffffffff  binit                         
000031bb  copysign                      
000031bb  copysignl                     
00001601  cyBOT_SERVO_cal               
0000158f  cyBOT_Scan                    
00001537  cyBOT_init_Scan               
20002318  cyBOT_scan_features           
00001529  cyBOT_scan_version            
UNDEFED   cyBot_SendByte                
0000204d  cyBot_UART1_Handler           
00002033  cyBot_getByte                 
00001f45  cyBot_sendByte                
00002015  cyBot_uart_flush              
00001f83  cyBot_uart_init               
00001f6b  cyBot_uart_sendBuffer         
00001f51  cyBot_uart_sendStr            
20002320  errno                         
200022fc  fallingEdge                   
00002d8d  frexp                         
00002d8d  frexpl                        
20000000  g_pfnRAMVectors               
00000000  g_pfnVectors                  
0000263f  ir_enableInterrupt            
00002621  ir_getDistance                
000025f9  ir_getValue                   
00002591  ir_init                       
20002314  isRisingEdge                  
200022c4  isr_char_buffer               
2000231c  isr_counter                   
20002300  isr_int_value                 
0000327d  lcd_clear                     
00000e91  lcd_gotoLine                  
00000cf9  lcd_init                      
00000ef7  lcd_printf                    
00000db9  lcd_putc                      
00000df1  lcd_puts                      
00000cbd  lcd_reverseNibble             
00000e0f  lcd_sendCommand               
00000e4d  lcd_sendNibble                
00000eb9  lcd_setCursorPos              
000026a9  ldexp                         
000026a9  ldexpl                        
20002304  left_calibration_value        
00000fe5  main                          
0000319f  memccpy                       
00002967  memcpy                        
00002c45  memset                        
00001b13  ping_getDistance              
000019d1  ping_init                     
00001a57  ping_trigger                  
20002308  pulseLength                   
2000230c  right_calibration_value       
20002310  risingEdge                    
000026a9  scalbn                        
000026a9  scalbnl                       
000020a1  servo_init                    
00002131  servo_move                    
00002191  servo_setPWM                  
00002125  servo_stop                    
00002a23  sort                          
00002fc5  sprintf                       
0000321d  strchr                        
00003205  strcmp                        
00003233  strcpy                        
00003247  strlen                        
00002a03  swap                          
000018a7  timer_getMicros               
0000184f  timer_getMillis               
00001789  timer_init                    
0000182b  timer_pause                   
0000183d  timer_resume                  
00001801  timer_stop                    
00001901  timer_waitMicros              
00001933  timer_waitMillis              
00003005  vsnprintf                     
0000325b  wcslen                        


GLOBAL SYMBOLS: SORTED BY Symbol Address 

address   name                          
-------   ----                          
00000000  __TI_static_base__            
00000000  g_pfnVectors                  
0000026d  __TI_printfi                  
00000cbb  __aeabi_idiv0                 
00000cbb  __aeabi_ldiv0                 
00000cbd  lcd_reverseNibble             
00000cf9  lcd_init                      
00000db9  lcd_putc                      
00000df1  lcd_puts                      
00000e0f  lcd_sendCommand               
00000e4d  lcd_sendNibble                
00000e91  lcd_gotoLine                  
00000eb9  lcd_setCursorPos              
00000ef7  lcd_printf                    
00000fe5  main                          
00001000  __STACK_SIZE                  
00001000  __SYSMEM_SIZE                 
00001529  cyBOT_scan_version            
00001537  cyBOT_init_Scan               
0000158f  cyBOT_Scan                    
00001601  cyBOT_SERVO_cal               
00001789  timer_init                    
00001801  timer_stop                    
0000182b  timer_pause                   
0000183d  timer_resume                  
0000184f  timer_getMillis               
000018a7  timer_getMicros               
00001901  timer_waitMicros              
00001933  timer_waitMillis              
000019d1  ping_init                     
00001a57  ping_trigger                  
00001ac1  TIMER3B_Handler               
00001b13  ping_getDistance              
00001d8d  __aeabi_dsub                  
00001d97  __aeabi_dadd                  
00001f45  cyBot_sendByte                
00001f51  cyBot_uart_sendStr            
00001f6b  cyBot_uart_sendBuffer         
00001f83  cyBot_uart_init               
00002015  cyBot_uart_flush              
00002033  cyBot_getByte                 
0000204d  cyBot_UART1_Handler           
000020a1  servo_init                    
00002125  servo_stop                    
00002131  servo_move                    
00002191  servo_setPWM                  
00002335  __aeabi_ddiv                  
00002591  ir_init                       
000025f9  ir_getValue                   
00002621  ir_getDistance                
00002629  ADC0SS0_Handler               
0000263f  ir_enableInterrupt            
000026a9  ldexp                         
000026a9  ldexpl                        
000026a9  scalbn                        
000026a9  scalbnl                       
000027b9  __aeabi_dmul                  
00002967  __aeabi_memcpy                
00002967  __aeabi_memcpy4               
00002967  __aeabi_memcpy8               
00002967  memcpy                        
00002a03  swap                          
00002a23  sort                          
00002a9b  __aeabi_uldivmod              
00002b31  __aeabi_cdcmpeq               
00002b31  __aeabi_cdcmple               
00002bb7  __aeabi_cdrcmple              
00002c3d  __aeabi_memclr                
00002c3d  __aeabi_memclr4               
00002c3d  __aeabi_memclr8               
00002c3f  __aeabi_memset                
00002c3f  __aeabi_memset4               
00002c3f  __aeabi_memset8               
00002c45  memset                        
00002d25  __TI_decompress_lzss          
00002d8d  frexp                         
00002d8d  frexpl                        
00002e47  __TI_ltoa                     
00002eed  atoi                          
00002f39  __aeabi_d2iz                  
00002f81  __TI_auto_init_nobinit_nopinit
00002fc5  sprintf                       
00003005  vsnprintf                     
00003083  __aeabi_f2d                   
000030bd  IntRegister                   
000030f1  _c_int00_noargs               
00003155  __aeabi_i2d                   
00003183  __TI_zero_init_nomemset       
0000319f  memccpy                       
000031bb  copysign                      
000031bb  copysignl                     
00003205  strcmp                        
0000321d  strchr                        
00003233  strcpy                        
00003247  strlen                        
0000325b  wcslen                        
0000326d  IntMasterEnable               
0000327d  lcd_clear                     
0000328d  __TI_decompress_none          
0000329b  CPUcpsie                      
000032a7  ResetISR                      
000032bd  __aeabi_errno_addr            
000032c5  _system_pre_init              
000032c9  C$$EXIT                       
000032c9  abort                         
000032cc  _ctypes_                      
00003408  __TI_Handler_Table_Base       
00003414  __TI_Handler_Table_Limit      
00003430  __TI_CINIT_Base               
00003448  __TI_CINIT_Limit              
20000000  __start___llvm_prf_cnts       
20000000  __stop___llvm_prf_cnts        
20000000  g_pfnRAMVectors               
20000270  __stack                       
20000470  __STACK_TOP                   
20001270  __STACK_END                   
20001270  _sys_memory                   
200022c4  isr_char_buffer               
200022f8  _timeout_ticks                
200022fc  fallingEdge                   
20002300  isr_int_value                 
20002304  left_calibration_value        
20002308  pulseLength                   
2000230c  right_calibration_value       
20002310  risingEdge                    
20002314  isRisingEdge                  
20002318  cyBOT_scan_features           
2000231c  isr_counter                   
20002320  errno                         
20002324  _running                      
ffffffff  __TI_pprof_out_hndl           
ffffffff  __TI_prof_data_size           
ffffffff  __TI_prof_data_start          
ffffffff  __binit__                     
ffffffff  __c_args__                    
ffffffff  binit                         
UNDEFED   __mpu_init                    
UNDEFED   _system_post_cinit            
UNDEFED   cyBot_SendByte                

[139 symbols]
